[1.446s] Invoking command in '/home/tristan/Documents/autonomous_car_ece/car_control_wave/ros2_ws/src/ros_launch': PYTHONPATH=/home/tristan/Documents/autonomous_car_ece/car_control_wave/ros2_ws/build/ros_launch/prefix_override:/usr/lib/python3/dist-packages/colcon_core/task/python/colcon_distutils_commands:/home/tristan/Documents/autonomous_car_ece/car_control_wave/ros2_ws/install/ros_launch/lib/python3.10/site-packages:${PYTHONPATH} /usr/bin/python3 -W ignore:setup.py install is deprecated -W ignore:easy_install command is deprecated setup.py egg_info --egg-base ../../build/ros_launch build --build-base /home/tristan/Documents/autonomous_car_ece/car_control_wave/ros2_ws/build/ros_launch/build install --record /home/tristan/Documents/autonomous_car_ece/car_control_wave/ros2_ws/build/ros_launch/install.log --single-version-externally-managed install_data
[1.720s] running egg_info
[1.738s] writing ../../build/ros_launch/ros_launch.egg-info/PKG-INFO
[1.739s] writing dependency_links to ../../build/ros_launch/ros_launch.egg-info/dependency_links.txt
[1.739s] writing requirements to ../../build/ros_launch/ros_launch.egg-info/requires.txt
[1.739s] writing top-level names to ../../build/ros_launch/ros_launch.egg-info/top_level.txt
[3.928s] writing manifest file '../../build/ros_launch/ros_launch.egg-info/SOURCES.txt'
[3.929s] running build
[3.929s] running build_py
[3.930s] copying ros_launch/__init__.py -> /home/tristan/Documents/autonomous_car_ece/car_control_wave/ros2_ws/build/ros_launch/build/lib/ros_launch
[3.931s] running install
[3.935s] running install_lib
[3.953s] running install_data
[3.953s] copying resource/ros_launch -> /home/tristan/Documents/autonomous_car_ece/car_control_wave/ros2_ws/install/ros_launch/share/ament_index/resource_index/packages
[3.953s] copying package.xml -> /home/tristan/Documents/autonomous_car_ece/car_control_wave/ros2_ws/install/ros_launch/share/ros_launch
[3.953s] copying launch/project.launch.py -> /home/tristan/Documents/autonomous_car_ece/car_control_wave/ros2_ws/install/ros_launch/share/ros_launch/launch
[3.953s] running install_egg_info
[3.966s] removing '/home/tristan/Documents/autonomous_car_ece/car_control_wave/ros2_ws/install/ros_launch/lib/python3.10/site-packages/ros_launch-0.0.0-py3.10.egg-info' (and everything under it)
[3.968s] Copying ../../build/ros_launch/ros_launch.egg-info to /home/tristan/Documents/autonomous_car_ece/car_control_wave/ros2_ws/install/ros_launch/lib/python3.10/site-packages/ros_launch-0.0.0-py3.10.egg-info
[3.968s] running install_scripts
[4.074s] writing list of installed files to '/home/tristan/Documents/autonomous_car_ece/car_control_wave/ros2_ws/build/ros_launch/install.log'
[4.102s] Invoked command in '/home/tristan/Documents/autonomous_car_ece/car_control_wave/ros2_ws/src/ros_launch' returned '0': PYTHONPATH=/home/tristan/Documents/autonomous_car_ece/car_control_wave/ros2_ws/build/ros_launch/prefix_override:/usr/lib/python3/dist-packages/colcon_core/task/python/colcon_distutils_commands:/home/tristan/Documents/autonomous_car_ece/car_control_wave/ros2_ws/install/ros_launch/lib/python3.10/site-packages:${PYTHONPATH} /usr/bin/python3 -W ignore:setup.py install is deprecated -W ignore:easy_install command is deprecated setup.py egg_info --egg-base ../../build/ros_launch build --build-base /home/tristan/Documents/autonomous_car_ece/car_control_wave/ros2_ws/build/ros_launch/build install --record /home/tristan/Documents/autonomous_car_ece/car_control_wave/ros2_ws/build/ros_launch/install.log --single-version-externally-managed install_data
