[1.631s] Invoking command in '/home/tristan/Documents/autonomous_car_ece/car_control_wave/ros2_ws/src/control_foxglove': PYTHONPATH=/home/tristan/Documents/autonomous_car_ece/car_control_wave/ros2_ws/build/control_foxglove/prefix_override:/usr/lib/python3/dist-packages/colcon_core/task/python/colcon_distutils_commands:/home/tristan/Documents/autonomous_car_ece/car_control_wave/ros2_ws/install/control_foxglove/lib/python3.10/site-packages:${PYTHONPATH} /usr/bin/python3 -W ignore:setup.py install is deprecated -W ignore:easy_install command is deprecated setup.py egg_info --egg-base ../../build/control_foxglove build --build-base /home/tristan/Documents/autonomous_car_ece/car_control_wave/ros2_ws/build/control_foxglove/build install --record /home/tristan/Documents/autonomous_car_ece/car_control_wave/ros2_ws/build/control_foxglove/install.log --single-version-externally-managed install_data
[1.902s] running egg_info
[1.919s] writing ../../build/control_foxglove/control_foxglove.egg-info/PKG-INFO
[1.920s] writing dependency_links to ../../build/control_foxglove/control_foxglove.egg-info/dependency_links.txt
[1.920s] writing entry points to ../../build/control_foxglove/control_foxglove.egg-info/entry_points.txt
[1.920s] writing requirements to ../../build/control_foxglove/control_foxglove.egg-info/requires.txt
[1.921s] writing top-level names to ../../build/control_foxglove/control_foxglove.egg-info/top_level.txt
[3.967s] writing manifest file '../../build/control_foxglove/control_foxglove.egg-info/SOURCES.txt'
[3.967s] running build
[3.967s] running build_py
[3.967s] copying control_foxglove/control_foxglove.py -> /home/tristan/Documents/autonomous_car_ece/car_control_wave/ros2_ws/build/control_foxglove/build/lib/control_foxglove
[3.967s] copying control_foxglove/__init__.py -> /home/tristan/Documents/autonomous_car_ece/car_control_wave/ros2_ws/build/control_foxglove/build/lib/control_foxglove
[3.969s] running install
[3.973s] running install_lib
[4.001s] running install_data
[4.001s] copying resource/control_foxglove -> /home/tristan/Documents/autonomous_car_ece/car_control_wave/ros2_ws/install/control_foxglove/share/ament_index/resource_index/packages
[4.001s] copying package.xml -> /home/tristan/Documents/autonomous_car_ece/car_control_wave/ros2_ws/install/control_foxglove/share/control_foxglove
[4.002s] running install_egg_info
[4.029s] removing '/home/tristan/Documents/autonomous_car_ece/car_control_wave/ros2_ws/install/control_foxglove/lib/python3.10/site-packages/control_foxglove-0.0.0-py3.10.egg-info' (and everything under it)
[4.029s] Copying ../../build/control_foxglove/control_foxglove.egg-info to /home/tristan/Documents/autonomous_car_ece/car_control_wave/ros2_ws/install/control_foxglove/lib/python3.10/site-packages/control_foxglove-0.0.0-py3.10.egg-info
[4.030s] running install_scripts
[4.224s] Installing control_foxglove script to /home/tristan/Documents/autonomous_car_ece/car_control_wave/ros2_ws/install/control_foxglove/lib/control_foxglove
[4.225s] writing list of installed files to '/home/tristan/Documents/autonomous_car_ece/car_control_wave/ros2_ws/build/control_foxglove/install.log'
[4.266s] Invoked command in '/home/tristan/Documents/autonomous_car_ece/car_control_wave/ros2_ws/src/control_foxglove' returned '0': PYTHONPATH=/home/tristan/Documents/autonomous_car_ece/car_control_wave/ros2_ws/build/control_foxglove/prefix_override:/usr/lib/python3/dist-packages/colcon_core/task/python/colcon_distutils_commands:/home/tristan/Documents/autonomous_car_ece/car_control_wave/ros2_ws/install/control_foxglove/lib/python3.10/site-packages:${PYTHONPATH} /usr/bin/python3 -W ignore:setup.py install is deprecated -W ignore:easy_install command is deprecated setup.py egg_info --egg-base ../../build/control_foxglove build --build-base /home/tristan/Documents/autonomous_car_ece/car_control_wave/ros2_ws/build/control_foxglove/build install --record /home/tristan/Documents/autonomous_car_ece/car_control_wave/ros2_ws/build/control_foxglove/install.log --single-version-externally-managed install_data
