[0.613s] Invoking command in '/home/tristan/Documents/autonomous_car_ece/car_control_wave/ros2_ws/src/rover_slam_ws': PYTHONPATH=/home/tristan/Documents/autonomous_car_ece/car_control_wave/ros2_ws/build/my_rover_slam/prefix_override:/usr/lib/python3/dist-packages/colcon_core/task/python/colcon_distutils_commands:/home/tristan/Documents/autonomous_car_ece/car_control_wave/ros2_ws/install/my_rover_slam/lib/python3.10/site-packages:${PYTHONPATH} /usr/bin/python3 -W ignore:setup.py install is deprecated -W ignore:easy_install command is deprecated setup.py egg_info --egg-base ../../build/my_rover_slam build --build-base /home/tristan/Documents/autonomous_car_ece/car_control_wave/ros2_ws/build/my_rover_slam/build install --record /home/tristan/Documents/autonomous_car_ece/car_control_wave/ros2_ws/build/my_rover_slam/install.log --single-version-externally-managed install_data
[0.753s] running egg_info
[0.762s] writing ../../build/my_rover_slam/my_rover_slam.egg-info/PKG-INFO
[0.762s] writing dependency_links to ../../build/my_rover_slam/my_rover_slam.egg-info/dependency_links.txt
[0.762s] writing entry points to ../../build/my_rover_slam/my_rover_slam.egg-info/entry_points.txt
[0.762s] writing requirements to ../../build/my_rover_slam/my_rover_slam.egg-info/requires.txt
[0.762s] writing top-level names to ../../build/my_rover_slam/my_rover_slam.egg-info/top_level.txt
[1.309s] writing manifest file '../../build/my_rover_slam/my_rover_slam.egg-info/SOURCES.txt'
[1.309s] running build
[1.309s] running build_py
[1.309s] copying my_rover_slam/scan_time_fixer.py -> /home/tristan/Documents/autonomous_car_ece/car_control_wave/ros2_ws/build/my_rover_slam/build/lib/my_rover_slam
[1.309s] running install
[1.310s] running install_lib
[1.319s] running install_data
[1.320s] copying launch/start_slam.launch.py -> /home/tristan/Documents/autonomous_car_ece/car_control_wave/ros2_ws/install/my_rover_slam/share/my_rover_slam/launch
[1.320s] copying config/pointcloud_to_laserscan.yaml -> /home/tristan/Documents/autonomous_car_ece/car_control_wave/ros2_ws/install/my_rover_slam/share/my_rover_slam/config
[1.320s] copying config/mapper_params_online_async.yaml -> /home/tristan/Documents/autonomous_car_ece/car_control_wave/ros2_ws/install/my_rover_slam/share/my_rover_slam/config
[1.320s] running install_egg_info
[1.329s] removing '/home/tristan/Documents/autonomous_car_ece/car_control_wave/ros2_ws/install/my_rover_slam/lib/python3.10/site-packages/my_rover_slam-0.0.0-py3.10.egg-info' (and everything under it)
[1.330s] Copying ../../build/my_rover_slam/my_rover_slam.egg-info to /home/tristan/Documents/autonomous_car_ece/car_control_wave/ros2_ws/install/my_rover_slam/lib/python3.10/site-packages/my_rover_slam-0.0.0-py3.10.egg-info
[1.331s] running install_scripts
[1.415s] Installing scan_time_fixer script to /home/tristan/Documents/autonomous_car_ece/car_control_wave/ros2_ws/install/my_rover_slam/lib/my_rover_slam
[1.415s] writing list of installed files to '/home/tristan/Documents/autonomous_car_ece/car_control_wave/ros2_ws/build/my_rover_slam/install.log'
[1.431s] Invoked command in '/home/tristan/Documents/autonomous_car_ece/car_control_wave/ros2_ws/src/rover_slam_ws' returned '0': PYTHONPATH=/home/tristan/Documents/autonomous_car_ece/car_control_wave/ros2_ws/build/my_rover_slam/prefix_override:/usr/lib/python3/dist-packages/colcon_core/task/python/colcon_distutils_commands:/home/tristan/Documents/autonomous_car_ece/car_control_wave/ros2_ws/install/my_rover_slam/lib/python3.10/site-packages:${PYTHONPATH} /usr/bin/python3 -W ignore:setup.py install is deprecated -W ignore:easy_install command is deprecated setup.py egg_info --egg-base ../../build/my_rover_slam build --build-base /home/tristan/Documents/autonomous_car_ece/car_control_wave/ros2_ws/build/my_rover_slam/build install --record /home/tristan/Documents/autonomous_car_ece/car_control_wave/ros2_ws/build/my_rover_slam/install.log --single-version-externally-managed install_data
