[0.865s] Invoking command in '/home/tristan/Documents/autonomous_car_ece/car_control_wave/ros2_ws/src/rover_slam_ws': PYTHONPATH=/home/tristan/Documents/autonomous_car_ece/car_control_wave/ros2_ws/src/build/my_rover_slam/prefix_override:/usr/lib/python3/dist-packages/colcon_core/task/python/colcon_distutils_commands:/home/tristan/Documents/autonomous_car_ece/car_control_wave/ros2_ws/src/install/my_rover_slam/lib/python3.10/site-packages:${PYTHONPATH} /usr/bin/python3 -W ignore:setup.py install is deprecated -W ignore:easy_install command is deprecated setup.py egg_info --egg-base ../build/my_rover_slam build --build-base /home/tristan/Documents/autonomous_car_ece/car_control_wave/ros2_ws/src/build/my_rover_slam/build install --record /home/tristan/Documents/autonomous_car_ece/car_control_wave/ros2_ws/src/build/my_rover_slam/install.log --single-version-externally-managed install_data
[1.056s] running egg_info
[1.056s] creating ../build/my_rover_slam/my_rover_slam.egg-info
[1.067s] writing ../build/my_rover_slam/my_rover_slam.egg-info/PKG-INFO
[1.067s] writing dependency_links to ../build/my_rover_slam/my_rover_slam.egg-info/dependency_links.txt
[1.067s] writing entry points to ../build/my_rover_slam/my_rover_slam.egg-info/entry_points.txt
[1.067s] writing requirements to ../build/my_rover_slam/my_rover_slam.egg-info/requires.txt
[1.067s] writing top-level names to ../build/my_rover_slam/my_rover_slam.egg-info/top_level.txt
[1.067s] writing manifest file '../build/my_rover_slam/my_rover_slam.egg-info/SOURCES.txt'
[2.047s] writing manifest file '../build/my_rover_slam/my_rover_slam.egg-info/SOURCES.txt'
[2.047s] running build
[2.047s] running build_py
[2.048s] creating /home/tristan/Documents/autonomous_car_ece/car_control_wave/ros2_ws/src/build/my_rover_slam/build
[2.048s] creating /home/tristan/Documents/autonomous_car_ece/car_control_wave/ros2_ws/src/build/my_rover_slam/build/lib
[2.048s] creating /home/tristan/Documents/autonomous_car_ece/car_control_wave/ros2_ws/src/build/my_rover_slam/build/lib/my_rover_slam
[2.048s] copying my_rover_slam/scan_time_fixer.py -> /home/tristan/Documents/autonomous_car_ece/car_control_wave/ros2_ws/src/build/my_rover_slam/build/lib/my_rover_slam
[2.048s] copying my_rover_slam/__init__.py -> /home/tristan/Documents/autonomous_car_ece/car_control_wave/ros2_ws/src/build/my_rover_slam/build/lib/my_rover_slam
[2.048s] running install
[2.053s] running install_lib
[2.067s] creating /home/tristan/Documents/autonomous_car_ece/car_control_wave/ros2_ws/src/install/my_rover_slam/lib/python3.10/site-packages/my_rover_slam
[2.067s] copying /home/tristan/Documents/autonomous_car_ece/car_control_wave/ros2_ws/src/build/my_rover_slam/build/lib/my_rover_slam/scan_time_fixer.py -> /home/tristan/Documents/autonomous_car_ece/car_control_wave/ros2_ws/src/install/my_rover_slam/lib/python3.10/site-packages/my_rover_slam
[2.067s] copying /home/tristan/Documents/autonomous_car_ece/car_control_wave/ros2_ws/src/build/my_rover_slam/build/lib/my_rover_slam/__init__.py -> /home/tristan/Documents/autonomous_car_ece/car_control_wave/ros2_ws/src/install/my_rover_slam/lib/python3.10/site-packages/my_rover_slam
[2.068s] byte-compiling /home/tristan/Documents/autonomous_car_ece/car_control_wave/ros2_ws/src/install/my_rover_slam/lib/python3.10/site-packages/my_rover_slam/scan_time_fixer.py to scan_time_fixer.cpython-310.pyc
[2.068s] byte-compiling /home/tristan/Documents/autonomous_car_ece/car_control_wave/ros2_ws/src/install/my_rover_slam/lib/python3.10/site-packages/my_rover_slam/__init__.py to __init__.cpython-310.pyc
[2.068s] running install_data
[2.068s] creating /home/tristan/Documents/autonomous_car_ece/car_control_wave/ros2_ws/src/install/my_rover_slam/share/ament_index
[2.069s] creating /home/tristan/Documents/autonomous_car_ece/car_control_wave/ros2_ws/src/install/my_rover_slam/share/ament_index/resource_index
[2.069s] creating /home/tristan/Documents/autonomous_car_ece/car_control_wave/ros2_ws/src/install/my_rover_slam/share/ament_index/resource_index/packages
[2.069s] copying resource/my_rover_slam -> /home/tristan/Documents/autonomous_car_ece/car_control_wave/ros2_ws/src/install/my_rover_slam/share/ament_index/resource_index/packages
[2.069s] copying package.xml -> /home/tristan/Documents/autonomous_car_ece/car_control_wave/ros2_ws/src/install/my_rover_slam/share/my_rover_slam
[2.069s] creating /home/tristan/Documents/autonomous_car_ece/car_control_wave/ros2_ws/src/install/my_rover_slam/share/my_rover_slam/launch
[2.069s] copying launch/start_slam.launch.py -> /home/tristan/Documents/autonomous_car_ece/car_control_wave/ros2_ws/src/install/my_rover_slam/share/my_rover_slam/launch
[2.069s] creating /home/tristan/Documents/autonomous_car_ece/car_control_wave/ros2_ws/src/install/my_rover_slam/share/my_rover_slam/config
[2.069s] copying config/pointcloud_to_laserscan.yaml -> /home/tristan/Documents/autonomous_car_ece/car_control_wave/ros2_ws/src/install/my_rover_slam/share/my_rover_slam/config
[2.069s] copying config/mapper_params_online_async.yaml -> /home/tristan/Documents/autonomous_car_ece/car_control_wave/ros2_ws/src/install/my_rover_slam/share/my_rover_slam/config
[2.069s] running install_egg_info
[2.084s] Copying ../build/my_rover_slam/my_rover_slam.egg-info to /home/tristan/Documents/autonomous_car_ece/car_control_wave/ros2_ws/src/install/my_rover_slam/lib/python3.10/site-packages/my_rover_slam-0.0.0-py3.10.egg-info
[2.084s] running install_scripts
[2.213s] Installing scan_time_fixer script to /home/tristan/Documents/autonomous_car_ece/car_control_wave/ros2_ws/src/install/my_rover_slam/lib/my_rover_slam
[2.213s] writing list of installed files to '/home/tristan/Documents/autonomous_car_ece/car_control_wave/ros2_ws/src/build/my_rover_slam/install.log'
[2.234s] Invoked command in '/home/tristan/Documents/autonomous_car_ece/car_control_wave/ros2_ws/src/rover_slam_ws' returned '0': PYTHONPATH=/home/tristan/Documents/autonomous_car_ece/car_control_wave/ros2_ws/src/build/my_rover_slam/prefix_override:/usr/lib/python3/dist-packages/colcon_core/task/python/colcon_distutils_commands:/home/tristan/Documents/autonomous_car_ece/car_control_wave/ros2_ws/src/install/my_rover_slam/lib/python3.10/site-packages:${PYTHONPATH} /usr/bin/python3 -W ignore:setup.py install is deprecated -W ignore:easy_install command is deprecated setup.py egg_info --egg-base ../build/my_rover_slam build --build-base /home/tristan/Documents/autonomous_car_ece/car_control_wave/ros2_ws/src/build/my_rover_slam/build install --record /home/tristan/Documents/autonomous_car_ece/car_control_wave/ros2_ws/src/build/my_rover_slam/install.log --single-version-externally-managed install_data
