[0.175s] Invoking command in '/home/tristan/Documents/autonomous_car_ece/car_control_wave/build/my_robot_description': CMAKE_PREFIX_PATH=${CMAKE_PREFIX_PATH}:/home/tristan/Documents/autonomous_car_ece/car_control_wave/ros2_ws/install/naive_trajectory:/home/tristan/Documents/autonomous_car_ece/car_control_wave/ros2_ws/install/my_rover_slam:/home/tristan/Documents/autonomous_car_ece/car_control_wave/ros2_ws/install/control_foxglove:/home/tristan/ros2_ws/install/ntrip_client:/home/tristan/ros2_ws/install/arece_stereo_python:/home/tristan/ros2_ws/install/arece_rqt:/home/tristan/ros2_ws/install/arece_trajectory_torch:/home/tristan/ros2_ws/install/arece_launcher:/home/tristan/ros2_ws/install/arece_tracks:/home/tristan/ros2_ws/install/arece_state_machine_python:/home/tristan/ros2_ws/install/arece_racecar:/home/tristan/ros2_ws/install/arece_gps:/home/tristan/ros2_ws/install/arece_compet_python:/opt/ros/humble /usr/bin/cmake /home/tristan/Documents/autonomous_car_ece/car_control_wave/ros2_ws/src/my_robot_description -DCMAKE_INSTALL_PREFIX=/home/tristan/Documents/autonomous_car_ece/car_control_wave/install/my_robot_description
[0.590s] -- The C compiler identification is GNU 11.4.0
[0.590s] -- The CXX compiler identification is GNU 11.4.0
[0.592s] -- Detecting C compiler ABI info
[0.592s] -- Detecting C compiler ABI info - done
[0.592s] -- Check for working C compiler: /usr/bin/cc - skipped
[0.592s] -- Detecting C compile features
[0.592s] -- Detecting C compile features - done
[0.592s] -- Detecting CXX compiler ABI info
[0.592s] -- Detecting CXX compiler ABI info - done
[0.592s] -- Check for working CXX compiler: /usr/bin/c++ - skipped
[0.592s] -- Detecting CXX compile features
[0.593s] -- Detecting CXX compile features - done
[0.594s] -- Found ament_cmake: 1.3.13 (/opt/ros/humble/share/ament_cmake/cmake)
[1.097s] -- Found Python3: /usr/bin/python3 (found version "3.10.12") found components: Interpreter 
[1.272s] -- Found ament_lint_auto: 0.12.15 (/opt/ros/humble/share/ament_lint_auto/cmake)
[1.442s] -- Added test 'flake8' to check Python code syntax and style conventions
[1.442s] -- Added test 'lint_cmake' to check CMake code style
[1.446s] -- Added test 'pep257' to check Python code against some of the docstring style conventions in PEP 257
[1.446s] -- Added test 'xmllint' to check XML markup files
[1.447s] -- Configuring done
[1.451s] -- Generating done
[1.453s] -- Build files have been written to: /home/tristan/Documents/autonomous_car_ece/car_control_wave/build/my_robot_description
[1.459s] Invoked command in '/home/tristan/Documents/autonomous_car_ece/car_control_wave/build/my_robot_description' returned '0': CMAKE_PREFIX_PATH=${CMAKE_PREFIX_PATH}:/home/tristan/Documents/autonomous_car_ece/car_control_wave/ros2_ws/install/naive_trajectory:/home/tristan/Documents/autonomous_car_ece/car_control_wave/ros2_ws/install/my_rover_slam:/home/tristan/Documents/autonomous_car_ece/car_control_wave/ros2_ws/install/control_foxglove:/home/tristan/ros2_ws/install/ntrip_client:/home/tristan/ros2_ws/install/arece_stereo_python:/home/tristan/ros2_ws/install/arece_rqt:/home/tristan/ros2_ws/install/arece_trajectory_torch:/home/tristan/ros2_ws/install/arece_launcher:/home/tristan/ros2_ws/install/arece_tracks:/home/tristan/ros2_ws/install/arece_state_machine_python:/home/tristan/ros2_ws/install/arece_racecar:/home/tristan/ros2_ws/install/arece_gps:/home/tristan/ros2_ws/install/arece_compet_python:/opt/ros/humble /usr/bin/cmake /home/tristan/Documents/autonomous_car_ece/car_control_wave/ros2_ws/src/my_robot_description -DCMAKE_INSTALL_PREFIX=/home/tristan/Documents/autonomous_car_ece/car_control_wave/install/my_robot_description
[1.460s] Invoking command in '/home/tristan/Documents/autonomous_car_ece/car_control_wave/build/my_robot_description': CMAKE_PREFIX_PATH=${CMAKE_PREFIX_PATH}:/home/tristan/Documents/autonomous_car_ece/car_control_wave/ros2_ws/install/naive_trajectory:/home/tristan/Documents/autonomous_car_ece/car_control_wave/ros2_ws/install/my_rover_slam:/home/tristan/Documents/autonomous_car_ece/car_control_wave/ros2_ws/install/control_foxglove:/home/tristan/ros2_ws/install/ntrip_client:/home/tristan/ros2_ws/install/arece_stereo_python:/home/tristan/ros2_ws/install/arece_rqt:/home/tristan/ros2_ws/install/arece_trajectory_torch:/home/tristan/ros2_ws/install/arece_launcher:/home/tristan/ros2_ws/install/arece_tracks:/home/tristan/ros2_ws/install/arece_state_machine_python:/home/tristan/ros2_ws/install/arece_racecar:/home/tristan/ros2_ws/install/arece_gps:/home/tristan/ros2_ws/install/arece_compet_python:/opt/ros/humble /usr/bin/cmake --build /home/tristan/Documents/autonomous_car_ece/car_control_wave/build/my_robot_description -- -j24 -l24
[1.522s] Invoked command in '/home/tristan/Documents/autonomous_car_ece/car_control_wave/build/my_robot_description' returned '0': CMAKE_PREFIX_PATH=${CMAKE_PREFIX_PATH}:/home/tristan/Documents/autonomous_car_ece/car_control_wave/ros2_ws/install/naive_trajectory:/home/tristan/Documents/autonomous_car_ece/car_control_wave/ros2_ws/install/my_rover_slam:/home/tristan/Documents/autonomous_car_ece/car_control_wave/ros2_ws/install/control_foxglove:/home/tristan/ros2_ws/install/ntrip_client:/home/tristan/ros2_ws/install/arece_stereo_python:/home/tristan/ros2_ws/install/arece_rqt:/home/tristan/ros2_ws/install/arece_trajectory_torch:/home/tristan/ros2_ws/install/arece_launcher:/home/tristan/ros2_ws/install/arece_tracks:/home/tristan/ros2_ws/install/arece_state_machine_python:/home/tristan/ros2_ws/install/arece_racecar:/home/tristan/ros2_ws/install/arece_gps:/home/tristan/ros2_ws/install/arece_compet_python:/opt/ros/humble /usr/bin/cmake --build /home/tristan/Documents/autonomous_car_ece/car_control_wave/build/my_robot_description -- -j24 -l24
[1.538s] Invoking command in '/home/tristan/Documents/autonomous_car_ece/car_control_wave/build/my_robot_description': CMAKE_PREFIX_PATH=${CMAKE_PREFIX_PATH}:/home/tristan/Documents/autonomous_car_ece/car_control_wave/ros2_ws/install/naive_trajectory:/home/tristan/Documents/autonomous_car_ece/car_control_wave/ros2_ws/install/my_rover_slam:/home/tristan/Documents/autonomous_car_ece/car_control_wave/ros2_ws/install/control_foxglove:/home/tristan/ros2_ws/install/ntrip_client:/home/tristan/ros2_ws/install/arece_stereo_python:/home/tristan/ros2_ws/install/arece_rqt:/home/tristan/ros2_ws/install/arece_trajectory_torch:/home/tristan/ros2_ws/install/arece_launcher:/home/tristan/ros2_ws/install/arece_tracks:/home/tristan/ros2_ws/install/arece_state_machine_python:/home/tristan/ros2_ws/install/arece_racecar:/home/tristan/ros2_ws/install/arece_gps:/home/tristan/ros2_ws/install/arece_compet_python:/opt/ros/humble /usr/bin/cmake --install /home/tristan/Documents/autonomous_car_ece/car_control_wave/build/my_robot_description
[1.545s] -- Install configuration: ""
[1.549s] -- Installing: /home/tristan/Documents/autonomous_car_ece/car_control_wave/install/my_robot_description/share/my_robot_description/urdf
[1.549s] -- Installing: /home/tristan/Documents/autonomous_car_ece/car_control_wave/install/my_robot_description/share/my_robot_description/urdf/waverover.xacro
[1.551s] -- Installing: /home/tristan/Documents/autonomous_car_ece/car_control_wave/install/my_robot_description/share/my_robot_description/urdf/waverover.urdf
[1.551s] -- Installing: /home/tristan/Documents/autonomous_car_ece/car_control_wave/install/my_robot_description/share/my_robot_description/urdf/meshwaverobot.xacro
[1.551s] -- Installing: /home/tristan/Documents/autonomous_car_ece/car_control_wave/install/my_robot_description/share/my_robot_description/urdf/my_robot.pdf
[1.552s] -- Installing: /home/tristan/Documents/autonomous_car_ece/car_control_wave/install/my_robot_description/share/my_robot_description/urdf/meshwaverobot.urdf
[1.553s] -- Installing: /home/tristan/Documents/autonomous_car_ece/car_control_wave/install/my_robot_description/share/my_robot_description/urdf/my_robot.xacro
[1.553s] -- Installing: /home/tristan/Documents/autonomous_car_ece/car_control_wave/install/my_robot_description/share/my_robot_description/urdf/my_robot.urdf
[1.553s] -- Installing: /home/tristan/Documents/autonomous_car_ece/car_control_wave/install/my_robot_description/share/my_robot_description/urdf/my_robot.gv
[1.553s] -- Installing: /home/tristan/Documents/autonomous_car_ece/car_control_wave/install/my_robot_description/share/my_robot_description/launch
[1.553s] -- Installing: /home/tristan/Documents/autonomous_car_ece/car_control_wave/install/my_robot_description/share/my_robot_description/launch/robot_description.launch.py
[1.553s] -- Installing: /home/tristan/Documents/autonomous_car_ece/car_control_wave/install/my_robot_description/share/my_robot_description//meshes
[1.553s] -- Installing: /home/tristan/Documents/autonomous_car_ece/car_control_wave/install/my_robot_description/share/my_robot_description//meshes/low_02.stl
[1.556s] -- Installing: /home/tristan/Documents/autonomous_car_ece/car_control_wave/install/my_robot_description/share/my_robot_description//meshes/ImageToStl.com_f9be82a90a9d4138bf8617ae07c76bf0.zip
[1.561s] -- Installing: /home/tristan/Documents/autonomous_car_ece/car_control_wave/install/my_robot_description/share/my_robot_description//meshes/low_01.stl
[1.574s] -- Installing: /home/tristan/Documents/autonomous_car_ece/car_control_wave/install/my_robot_description/share/my_robot_description//meshes/low_03.stl
[1.574s] -- Installing: /home/tristan/Documents/autonomous_car_ece/car_control_wave/install/my_robot_description/share/my_robot_description//meshes/WAVE_ROVER_MODEL_STL.stl
[1.602s] -- Installing: /home/tristan/Documents/autonomous_car_ece/car_control_wave/install/my_robot_description/share/my_robot_description//meshes/Voiture_Tristan_V2.stl
[1.622s] -- Installing: /home/tristan/Documents/autonomous_car_ece/car_control_wave/install/my_robot_description/share/ament_index/resource_index/package_run_dependencies/my_robot_description
[1.622s] -- Installing: /home/tristan/Documents/autonomous_car_ece/car_control_wave/install/my_robot_description/share/ament_index/resource_index/parent_prefix_path/my_robot_description
[1.622s] -- Installing: /home/tristan/Documents/autonomous_car_ece/car_control_wave/install/my_robot_description/share/my_robot_description/environment/ament_prefix_path.sh
[1.622s] -- Installing: /home/tristan/Documents/autonomous_car_ece/car_control_wave/install/my_robot_description/share/my_robot_description/environment/ament_prefix_path.dsv
[1.622s] -- Installing: /home/tristan/Documents/autonomous_car_ece/car_control_wave/install/my_robot_description/share/my_robot_description/environment/path.sh
[1.623s] -- Installing: /home/tristan/Documents/autonomous_car_ece/car_control_wave/install/my_robot_description/share/my_robot_description/environment/path.dsv
[1.623s] -- Installing: /home/tristan/Documents/autonomous_car_ece/car_control_wave/install/my_robot_description/share/my_robot_description/local_setup.bash
[1.623s] -- Installing: /home/tristan/Documents/autonomous_car_ece/car_control_wave/install/my_robot_description/share/my_robot_description/local_setup.sh
[1.623s] -- Installing: /home/tristan/Documents/autonomous_car_ece/car_control_wave/install/my_robot_description/share/my_robot_description/local_setup.zsh
[1.623s] -- Installing: /home/tristan/Documents/autonomous_car_ece/car_control_wave/install/my_robot_description/share/my_robot_description/local_setup.dsv
[1.623s] -- Installing: /home/tristan/Documents/autonomous_car_ece/car_control_wave/install/my_robot_description/share/my_robot_description/package.dsv
[1.623s] -- Installing: /home/tristan/Documents/autonomous_car_ece/car_control_wave/install/my_robot_description/share/ament_index/resource_index/packages/my_robot_description
[1.623s] -- Installing: /home/tristan/Documents/autonomous_car_ece/car_control_wave/install/my_robot_description/share/my_robot_description/cmake/my_robot_descriptionConfig.cmake
[1.624s] -- Installing: /home/tristan/Documents/autonomous_car_ece/car_control_wave/install/my_robot_description/share/my_robot_description/cmake/my_robot_descriptionConfig-version.cmake
[1.626s] -- Installing: /home/tristan/Documents/autonomous_car_ece/car_control_wave/install/my_robot_description/share/my_robot_description/package.xml
[1.627s] Invoked command in '/home/tristan/Documents/autonomous_car_ece/car_control_wave/build/my_robot_description' returned '0': CMAKE_PREFIX_PATH=${CMAKE_PREFIX_PATH}:/home/tristan/Documents/autonomous_car_ece/car_control_wave/ros2_ws/install/naive_trajectory:/home/tristan/Documents/autonomous_car_ece/car_control_wave/ros2_ws/install/my_rover_slam:/home/tristan/Documents/autonomous_car_ece/car_control_wave/ros2_ws/install/control_foxglove:/home/tristan/ros2_ws/install/ntrip_client:/home/tristan/ros2_ws/install/arece_stereo_python:/home/tristan/ros2_ws/install/arece_rqt:/home/tristan/ros2_ws/install/arece_trajectory_torch:/home/tristan/ros2_ws/install/arece_launcher:/home/tristan/ros2_ws/install/arece_tracks:/home/tristan/ros2_ws/install/arece_state_machine_python:/home/tristan/ros2_ws/install/arece_racecar:/home/tristan/ros2_ws/install/arece_gps:/home/tristan/ros2_ws/install/arece_compet_python:/opt/ros/humble /usr/bin/cmake --install /home/tristan/Documents/autonomous_car_ece/car_control_wave/build/my_robot_description
