[0.406s] Invoking command in '/home/tristan/Documents/autonomous_car_ece/car_control_wave/ros2_ws/build/rf2o_laser_odometry': CMAKE_PREFIX_PATH=${CMAKE_PREFIX_PATH}:/home/tristan/Documents/autonomous_car_ece/car_control_wave/ros2_ws/install/naive_trajectory:/home/tristan/Documents/autonomous_car_ece/car_control_wave/ros2_ws/install/my_rover_slam:/home/tristan/Documents/autonomous_car_ece/car_control_wave/ros2_ws/install/control_foxglove:/home/tristan/ros2_ws/install/ntrip_client:/home/tristan/ros2_ws/install/arece_stereo_python:/home/tristan/ros2_ws/install/arece_rqt:/home/tristan/ros2_ws/install/arece_trajectory_torch:/home/tristan/ros2_ws/install/arece_launcher:/home/tristan/ros2_ws/install/arece_tracks:/home/tristan/ros2_ws/install/arece_state_machine_python:/home/tristan/ros2_ws/install/arece_racecar:/home/tristan/ros2_ws/install/arece_gps:/home/tristan/ros2_ws/install/arece_compet_python:/opt/ros/humble /usr/bin/cmake --build /home/tristan/Documents/autonomous_car_ece/car_control_wave/ros2_ws/build/rf2o_laser_odometry -- -j24 -l24
[0.492s] [ 20%] [32mBuilding CXX object CMakeFiles/rf2o_laser_odometry.dir/src/CLaserOdometry2D.cpp.o[0m
[0.494s] [ 40%] [32mBuilding CXX object CMakeFiles/rf2o_laser_odometry_node.dir/src/CLaserOdometry2DNode.cpp.o[0m
[0.496s] [ 60%] [32mBuilding CXX object CMakeFiles/rf2o_laser_odometry_node.dir/src/CLaserOdometry2D.cpp.o[0m
[14.085s] [ 80%] [32m[1mLinking CXX static library librf2o_laser_odometry.a[0m
[14.128s] [100%] [32m[1mLinking CXX executable rf2o_laser_odometry_node[0m
[14.324s] [100%] Built target rf2o_laser_odometry
[14.844s] [100%] Built target rf2o_laser_odometry_node
[14.855s] Invoked command in '/home/tristan/Documents/autonomous_car_ece/car_control_wave/ros2_ws/build/rf2o_laser_odometry' returned '0': CMAKE_PREFIX_PATH=${CMAKE_PREFIX_PATH}:/home/tristan/Documents/autonomous_car_ece/car_control_wave/ros2_ws/install/naive_trajectory:/home/tristan/Documents/autonomous_car_ece/car_control_wave/ros2_ws/install/my_rover_slam:/home/tristan/Documents/autonomous_car_ece/car_control_wave/ros2_ws/install/control_foxglove:/home/tristan/ros2_ws/install/ntrip_client:/home/tristan/ros2_ws/install/arece_stereo_python:/home/tristan/ros2_ws/install/arece_rqt:/home/tristan/ros2_ws/install/arece_trajectory_torch:/home/tristan/ros2_ws/install/arece_launcher:/home/tristan/ros2_ws/install/arece_tracks:/home/tristan/ros2_ws/install/arece_state_machine_python:/home/tristan/ros2_ws/install/arece_racecar:/home/tristan/ros2_ws/install/arece_gps:/home/tristan/ros2_ws/install/arece_compet_python:/opt/ros/humble /usr/bin/cmake --build /home/tristan/Documents/autonomous_car_ece/car_control_wave/ros2_ws/build/rf2o_laser_odometry -- -j24 -l24
[14.856s] Invoking command in '/home/tristan/Documents/autonomous_car_ece/car_control_wave/ros2_ws/build/rf2o_laser_odometry': CMAKE_PREFIX_PATH=${CMAKE_PREFIX_PATH}:/home/tristan/Documents/autonomous_car_ece/car_control_wave/ros2_ws/install/naive_trajectory:/home/tristan/Documents/autonomous_car_ece/car_control_wave/ros2_ws/install/my_rover_slam:/home/tristan/Documents/autonomous_car_ece/car_control_wave/ros2_ws/install/control_foxglove:/home/tristan/ros2_ws/install/ntrip_client:/home/tristan/ros2_ws/install/arece_stereo_python:/home/tristan/ros2_ws/install/arece_rqt:/home/tristan/ros2_ws/install/arece_trajectory_torch:/home/tristan/ros2_ws/install/arece_launcher:/home/tristan/ros2_ws/install/arece_tracks:/home/tristan/ros2_ws/install/arece_state_machine_python:/home/tristan/ros2_ws/install/arece_racecar:/home/tristan/ros2_ws/install/arece_gps:/home/tristan/ros2_ws/install/arece_compet_python:/opt/ros/humble /usr/bin/cmake --install /home/tristan/Documents/autonomous_car_ece/car_control_wave/ros2_ws/build/rf2o_laser_odometry
[14.862s] -- Install configuration: ""
[14.863s] -- Installing: /home/tristan/Documents/autonomous_car_ece/car_control_wave/ros2_ws/install/rf2o_laser_odometry/lib/rf2o_laser_odometry/rf2o_laser_odometry_node
[14.871s] -- Set runtime path of "/home/tristan/Documents/autonomous_car_ece/car_control_wave/ros2_ws/install/rf2o_laser_odometry/lib/rf2o_laser_odometry/rf2o_laser_odometry_node" to ""
[14.871s] -- Up-to-date: /home/tristan/Documents/autonomous_car_ece/car_control_wave/ros2_ws/install/rf2o_laser_odometry/share/rf2o_laser_odometry/launch
[14.871s] -- Up-to-date: /home/tristan/Documents/autonomous_car_ece/car_control_wave/ros2_ws/install/rf2o_laser_odometry/share/rf2o_laser_odometry/launch/rf2o_laser_odometry.launch.py
[14.871s] -- Up-to-date: /home/tristan/Documents/autonomous_car_ece/car_control_wave/ros2_ws/install/rf2o_laser_odometry/share/ament_index/resource_index/package_run_dependencies/rf2o_laser_odometry
[14.871s] -- Up-to-date: /home/tristan/Documents/autonomous_car_ece/car_control_wave/ros2_ws/install/rf2o_laser_odometry/share/ament_index/resource_index/parent_prefix_path/rf2o_laser_odometry
[14.871s] -- Up-to-date: /home/tristan/Documents/autonomous_car_ece/car_control_wave/ros2_ws/install/rf2o_laser_odometry/share/rf2o_laser_odometry/environment/ament_prefix_path.sh
[14.871s] -- Up-to-date: /home/tristan/Documents/autonomous_car_ece/car_control_wave/ros2_ws/install/rf2o_laser_odometry/share/rf2o_laser_odometry/environment/ament_prefix_path.dsv
[14.871s] -- Up-to-date: /home/tristan/Documents/autonomous_car_ece/car_control_wave/ros2_ws/install/rf2o_laser_odometry/share/rf2o_laser_odometry/environment/path.sh
[14.871s] -- Up-to-date: /home/tristan/Documents/autonomous_car_ece/car_control_wave/ros2_ws/install/rf2o_laser_odometry/share/rf2o_laser_odometry/environment/path.dsv
[14.871s] -- Up-to-date: /home/tristan/Documents/autonomous_car_ece/car_control_wave/ros2_ws/install/rf2o_laser_odometry/share/rf2o_laser_odometry/local_setup.bash
[14.871s] -- Up-to-date: /home/tristan/Documents/autonomous_car_ece/car_control_wave/ros2_ws/install/rf2o_laser_odometry/share/rf2o_laser_odometry/local_setup.sh
[14.871s] -- Up-to-date: /home/tristan/Documents/autonomous_car_ece/car_control_wave/ros2_ws/install/rf2o_laser_odometry/share/rf2o_laser_odometry/local_setup.zsh
[14.871s] -- Up-to-date: /home/tristan/Documents/autonomous_car_ece/car_control_wave/ros2_ws/install/rf2o_laser_odometry/share/rf2o_laser_odometry/local_setup.dsv
[14.871s] -- Installing: /home/tristan/Documents/autonomous_car_ece/car_control_wave/ros2_ws/install/rf2o_laser_odometry/share/rf2o_laser_odometry/package.dsv
[14.871s] -- Up-to-date: /home/tristan/Documents/autonomous_car_ece/car_control_wave/ros2_ws/install/rf2o_laser_odometry/share/ament_index/resource_index/packages/rf2o_laser_odometry
[14.871s] -- Up-to-date: /home/tristan/Documents/autonomous_car_ece/car_control_wave/ros2_ws/install/rf2o_laser_odometry/share/rf2o_laser_odometry/cmake/rf2o_laser_odometryConfig.cmake
[14.871s] -- Up-to-date: /home/tristan/Documents/autonomous_car_ece/car_control_wave/ros2_ws/install/rf2o_laser_odometry/share/rf2o_laser_odometry/cmake/rf2o_laser_odometryConfig-version.cmake
[14.871s] -- Up-to-date: /home/tristan/Documents/autonomous_car_ece/car_control_wave/ros2_ws/install/rf2o_laser_odometry/share/rf2o_laser_odometry/package.xml
[14.873s] Invoked command in '/home/tristan/Documents/autonomous_car_ece/car_control_wave/ros2_ws/build/rf2o_laser_odometry' returned '0': CMAKE_PREFIX_PATH=${CMAKE_PREFIX_PATH}:/home/tristan/Documents/autonomous_car_ece/car_control_wave/ros2_ws/install/naive_trajectory:/home/tristan/Documents/autonomous_car_ece/car_control_wave/ros2_ws/install/my_rover_slam:/home/tristan/Documents/autonomous_car_ece/car_control_wave/ros2_ws/install/control_foxglove:/home/tristan/ros2_ws/install/ntrip_client:/home/tristan/ros2_ws/install/arece_stereo_python:/home/tristan/ros2_ws/install/arece_rqt:/home/tristan/ros2_ws/install/arece_trajectory_torch:/home/tristan/ros2_ws/install/arece_launcher:/home/tristan/ros2_ws/install/arece_tracks:/home/tristan/ros2_ws/install/arece_state_machine_python:/home/tristan/ros2_ws/install/arece_racecar:/home/tristan/ros2_ws/install/arece_gps:/home/tristan/ros2_ws/install/arece_compet_python:/opt/ros/humble /usr/bin/cmake --install /home/tristan/Documents/autonomous_car_ece/car_control_wave/ros2_ws/build/rf2o_laser_odometry
