[0.264s] Invoking command in '/home/tristan/Documents/autonomous_car_ece/car_control_wave/ros2_ws/build/rf2o_laser_odometry': CMAKE_PREFIX_PATH=${CMAKE_PREFIX_PATH}:/home/tristan/ros2_ws/install/ntrip_client:/home/tristan/ros2_ws/install/arece_stereo_python:/home/tristan/ros2_ws/install/arece_rqt:/home/tristan/ros2_ws/install/arece_trajectory_torch:/home/tristan/ros2_ws/install/arece_launcher:/home/tristan/ros2_ws/install/arece_tracks:/home/tristan/ros2_ws/install/arece_state_machine_python:/home/tristan/ros2_ws/install/arece_racecar:/home/tristan/ros2_ws/install/arece_gps:/home/tristan/ros2_ws/install/arece_compet_python:/opt/ros/humble /usr/bin/cmake --build /home/tristan/Documents/autonomous_car_ece/car_control_wave/ros2_ws/build/rf2o_laser_odometry -- -j24 -l24
[0.292s] -- Found ament_cmake: 1.3.12 (/opt/ros/humble/share/ament_cmake/cmake)
[0.385s] -- Found rclcpp: 16.0.17 (/opt/ros/humble/share/rclcpp/cmake)
[0.409s] -- Found rosidl_generator_c: 3.1.8 (/opt/ros/humble/share/rosidl_generator_c/cmake)
[0.411s] -- Found rosidl_adapter: 3.1.8 (/opt/ros/humble/share/rosidl_adapter/cmake)
[0.416s] -- Found rosidl_generator_cpp: 3.1.8 (/opt/ros/humble/share/rosidl_generator_cpp/cmake)
[0.423s] -- Using all available rosidl_typesupport_c: rosidl_typesupport_fastrtps_c;rosidl_typesupport_introspection_c
[0.432s] -- Using all available rosidl_typesupport_cpp: rosidl_typesupport_fastrtps_cpp;rosidl_typesupport_introspection_cpp
[0.457s] -- Found rmw_implementation_cmake: 6.1.2 (/opt/ros/humble/share/rmw_implementation_cmake/cmake)
[0.458s] -- Found rmw_fastrtps_cpp: 6.2.9 (/opt/ros/humble/share/rmw_fastrtps_cpp/cmake)
[0.527s] -- Using RMW implementation 'rmw_fastrtps_cpp' as default
[0.561s] -- Found geometry_msgs: 4.9.0 (/opt/ros/humble/share/geometry_msgs/cmake)
[0.569s] -- Found tf2_geometry_msgs: 0.25.18 (/opt/ros/humble/share/tf2_geometry_msgs/cmake)
[0.572s] -- Found eigen3_cmake_module: 0.1.1 (/opt/ros/humble/share/eigen3_cmake_module/cmake)
[0.573s] -- Ensuring Eigen3 include directory is part of orocos-kdl CMake target
[0.639s] -- Found sensor_msgs: 4.9.0 (/opt/ros/humble/share/sensor_msgs/cmake)
[0.655s] -- Found nav_msgs: 4.9.0 (/opt/ros/humble/share/nav_msgs/cmake)
[0.763s] -- Configuring done
[0.772s] -- Generating done
[0.775s] -- Build files have been written to: /home/tristan/Documents/autonomous_car_ece/car_control_wave/ros2_ws/build/rf2o_laser_odometry
[0.800s] [35m[1mConsolidate compiler generated dependencies of target rf2o_laser_odometry[0m
[0.800s] [35m[1mConsolidate compiler generated dependencies of target rf2o_laser_odometry_node[0m
[0.829s] [ 40%] Built target rf2o_laser_odometry
[0.834s] [100%] Built target rf2o_laser_odometry_node
[0.846s] Invoked command in '/home/tristan/Documents/autonomous_car_ece/car_control_wave/ros2_ws/build/rf2o_laser_odometry' returned '0': CMAKE_PREFIX_PATH=${CMAKE_PREFIX_PATH}:/home/tristan/ros2_ws/install/ntrip_client:/home/tristan/ros2_ws/install/arece_stereo_python:/home/tristan/ros2_ws/install/arece_rqt:/home/tristan/ros2_ws/install/arece_trajectory_torch:/home/tristan/ros2_ws/install/arece_launcher:/home/tristan/ros2_ws/install/arece_tracks:/home/tristan/ros2_ws/install/arece_state_machine_python:/home/tristan/ros2_ws/install/arece_racecar:/home/tristan/ros2_ws/install/arece_gps:/home/tristan/ros2_ws/install/arece_compet_python:/opt/ros/humble /usr/bin/cmake --build /home/tristan/Documents/autonomous_car_ece/car_control_wave/ros2_ws/build/rf2o_laser_odometry -- -j24 -l24
[0.847s] Invoking command in '/home/tristan/Documents/autonomous_car_ece/car_control_wave/ros2_ws/build/rf2o_laser_odometry': CMAKE_PREFIX_PATH=${CMAKE_PREFIX_PATH}:/home/tristan/ros2_ws/install/ntrip_client:/home/tristan/ros2_ws/install/arece_stereo_python:/home/tristan/ros2_ws/install/arece_rqt:/home/tristan/ros2_ws/install/arece_trajectory_torch:/home/tristan/ros2_ws/install/arece_launcher:/home/tristan/ros2_ws/install/arece_tracks:/home/tristan/ros2_ws/install/arece_state_machine_python:/home/tristan/ros2_ws/install/arece_racecar:/home/tristan/ros2_ws/install/arece_gps:/home/tristan/ros2_ws/install/arece_compet_python:/opt/ros/humble /usr/bin/cmake --install /home/tristan/Documents/autonomous_car_ece/car_control_wave/ros2_ws/build/rf2o_laser_odometry
[0.852s] -- Install configuration: ""
[0.852s] -- Up-to-date: /home/tristan/Documents/autonomous_car_ece/car_control_wave/ros2_ws/install/rf2o_laser_odometry/lib/rf2o_laser_odometry/rf2o_laser_odometry_node
[0.853s] -- Up-to-date: /home/tristan/Documents/autonomous_car_ece/car_control_wave/ros2_ws/install/rf2o_laser_odometry/share/rf2o_laser_odometry/launch
[0.853s] -- Installing: /home/tristan/Documents/autonomous_car_ece/car_control_wave/ros2_ws/install/rf2o_laser_odometry/share/rf2o_laser_odometry/launch/rf2o_laser_odometry.launch.py
[0.853s] -- Up-to-date: /home/tristan/Documents/autonomous_car_ece/car_control_wave/ros2_ws/install/rf2o_laser_odometry/share/ament_index/resource_index/package_run_dependencies/rf2o_laser_odometry
[0.853s] -- Installing: /home/tristan/Documents/autonomous_car_ece/car_control_wave/ros2_ws/install/rf2o_laser_odometry/share/ament_index/resource_index/parent_prefix_path/rf2o_laser_odometry
[0.853s] -- Installing: /home/tristan/Documents/autonomous_car_ece/car_control_wave/ros2_ws/install/rf2o_laser_odometry/share/rf2o_laser_odometry/environment/ament_prefix_path.sh
[0.854s] -- Installing: /home/tristan/Documents/autonomous_car_ece/car_control_wave/ros2_ws/install/rf2o_laser_odometry/share/rf2o_laser_odometry/environment/ament_prefix_path.dsv
[0.854s] -- Installing: /home/tristan/Documents/autonomous_car_ece/car_control_wave/ros2_ws/install/rf2o_laser_odometry/share/rf2o_laser_odometry/environment/path.sh
[0.854s] -- Installing: /home/tristan/Documents/autonomous_car_ece/car_control_wave/ros2_ws/install/rf2o_laser_odometry/share/rf2o_laser_odometry/environment/path.dsv
[0.854s] -- Up-to-date: /home/tristan/Documents/autonomous_car_ece/car_control_wave/ros2_ws/install/rf2o_laser_odometry/share/rf2o_laser_odometry/local_setup.bash
[0.854s] -- Up-to-date: /home/tristan/Documents/autonomous_car_ece/car_control_wave/ros2_ws/install/rf2o_laser_odometry/share/rf2o_laser_odometry/local_setup.sh
[0.854s] -- Up-to-date: /home/tristan/Documents/autonomous_car_ece/car_control_wave/ros2_ws/install/rf2o_laser_odometry/share/rf2o_laser_odometry/local_setup.zsh
[0.854s] -- Installing: /home/tristan/Documents/autonomous_car_ece/car_control_wave/ros2_ws/install/rf2o_laser_odometry/share/rf2o_laser_odometry/local_setup.dsv
[0.854s] -- Installing: /home/tristan/Documents/autonomous_car_ece/car_control_wave/ros2_ws/install/rf2o_laser_odometry/share/rf2o_laser_odometry/package.dsv
[0.854s] -- Up-to-date: /home/tristan/Documents/autonomous_car_ece/car_control_wave/ros2_ws/install/rf2o_laser_odometry/share/ament_index/resource_index/packages/rf2o_laser_odometry
[0.854s] -- Up-to-date: /home/tristan/Documents/autonomous_car_ece/car_control_wave/ros2_ws/install/rf2o_laser_odometry/share/rf2o_laser_odometry/cmake/rf2o_laser_odometryConfig.cmake
[0.854s] -- Up-to-date: /home/tristan/Documents/autonomous_car_ece/car_control_wave/ros2_ws/install/rf2o_laser_odometry/share/rf2o_laser_odometry/cmake/rf2o_laser_odometryConfig-version.cmake
[0.854s] -- Installing: /home/tristan/Documents/autonomous_car_ece/car_control_wave/ros2_ws/install/rf2o_laser_odometry/share/rf2o_laser_odometry/package.xml
[0.855s] Invoked command in '/home/tristan/Documents/autonomous_car_ece/car_control_wave/ros2_ws/build/rf2o_laser_odometry' returned '0': CMAKE_PREFIX_PATH=${CMAKE_PREFIX_PATH}:/home/tristan/ros2_ws/install/ntrip_client:/home/tristan/ros2_ws/install/arece_stereo_python:/home/tristan/ros2_ws/install/arece_rqt:/home/tristan/ros2_ws/install/arece_trajectory_torch:/home/tristan/ros2_ws/install/arece_launcher:/home/tristan/ros2_ws/install/arece_tracks:/home/tristan/ros2_ws/install/arece_state_machine_python:/home/tristan/ros2_ws/install/arece_racecar:/home/tristan/ros2_ws/install/arece_gps:/home/tristan/ros2_ws/install/arece_compet_python:/opt/ros/humble /usr/bin/cmake --install /home/tristan/Documents/autonomous_car_ece/car_control_wave/ros2_ws/build/rf2o_laser_odometry
