[0.088s] DEBUG:colcon:Command line arguments: ['/usr/bin/colcon', 'build']
[0.088s] DEBUG:colcon:Parsed command line arguments: Namespace(log_base=None, log_level=None, verb_name='build', build_base='build', install_base='install', merge_install=False, symlink_install=False, test_result_base=None, continue_on_error=False, executor='parallel', parallel_workers=24, event_handlers=None, ignore_user_meta=False, metas=['./colcon.meta'], base_paths=['.'], packages_ignore=None, packages_ignore_regex=None, paths=None, packages_up_to=None, packages_up_to_regex=None, packages_above=None, packages_above_and_dependencies=None, packages_above_depth=None, packages_select_by_dep=None, packages_skip_by_dep=None, packages_skip_up_to=None, packages_select_build_failed=False, packages_skip_build_finished=False, packages_select_test_failures=False, packages_skip_test_passed=False, packages_select=None, packages_skip=None, packages_select_regex=None, packages_skip_regex=None, packages_start=None, packages_end=None, allow_overriding=[], cmake_args=None, cmake_target=None, cmake_target_skip_unavailable=False, cmake_clean_cache=False, cmake_clean_first=False, cmake_force_configure=False, ament_cmake_args=None, catkin_cmake_args=None, catkin_skip_building_tests=False, mixin_files=None, mixin=None, verb_parser=<colcon_mixin.mixin.mixin_argument.MixinArgumentDecorator object at 0x733651b81180>, verb_extension=<colcon_core.verb.build.BuildVerb object at 0x733651cc6140>, main=<bound method BuildVerb.main of <colcon_core.verb.build.BuildVerb object at 0x733651cc6140>>, mixin_verb=('build',))
[0.118s] Level 1:colcon.colcon_core.package_discovery:discover_packages(colcon_meta) check parameters
[0.118s] Level 1:colcon.colcon_core.package_discovery:discover_packages(recursive) check parameters
[0.118s] Level 1:colcon.colcon_core.package_discovery:discover_packages(ignore) check parameters
[0.119s] Level 1:colcon.colcon_core.package_discovery:discover_packages(path) check parameters
[0.119s] Level 1:colcon.colcon_core.package_discovery:discover_packages(colcon_meta) discover
[0.119s] Level 1:colcon.colcon_core.package_discovery:discover_packages(recursive) discover
[0.119s] INFO:colcon.colcon_core.package_discovery:Crawling recursively for packages in '/home/tristan/Documents/autonomous_car_ece/car_control_wave/ros2_ws'
[0.119s] Level 1:colcon.colcon_core.package_identification:_identify(.) by extensions ['ignore', 'ignore_ament_install']
[0.119s] Level 1:colcon.colcon_core.package_identification:_identify(.) by extension 'ignore'
[0.119s] Level 1:colcon.colcon_core.package_identification:_identify(.) by extension 'ignore_ament_install'
[0.119s] Level 1:colcon.colcon_core.package_identification:_identify(.) by extensions ['colcon_pkg']
[0.119s] Level 1:colcon.colcon_core.package_identification:_identify(.) by extension 'colcon_pkg'
[0.119s] Level 1:colcon.colcon_core.package_identification:_identify(.) by extensions ['colcon_meta']
[0.119s] Level 1:colcon.colcon_core.package_identification:_identify(.) by extension 'colcon_meta'
[0.119s] Level 1:colcon.colcon_core.package_identification:_identify(.) by extensions ['ros']
[0.119s] Level 1:colcon.colcon_core.package_identification:_identify(.) by extension 'ros'
[0.140s] Level 1:colcon.colcon_core.package_identification:_identify(.) by extensions ['cmake', 'python']
[0.140s] Level 1:colcon.colcon_core.package_identification:_identify(.) by extension 'cmake'
[0.140s] Level 1:colcon.colcon_core.package_identification:_identify(.) by extension 'python'
[0.140s] Level 1:colcon.colcon_core.package_identification:_identify(.) by extensions ['python_setup_py']
[0.140s] Level 1:colcon.colcon_core.package_identification:_identify(.) by extension 'python_setup_py'
[0.140s] Level 1:colcon.colcon_core.package_identification:_identify(build) by extensions ['ignore', 'ignore_ament_install']
[0.140s] Level 1:colcon.colcon_core.package_identification:_identify(build) by extension 'ignore'
[0.140s] Level 1:colcon.colcon_core.package_identification:_identify(build) ignored
[0.141s] Level 1:colcon.colcon_core.package_identification:_identify(install) by extensions ['ignore', 'ignore_ament_install']
[0.141s] Level 1:colcon.colcon_core.package_identification:_identify(install) by extension 'ignore'
[0.141s] Level 1:colcon.colcon_core.package_identification:_identify(install) ignored
[0.141s] Level 1:colcon.colcon_core.package_identification:_identify(log) by extensions ['ignore', 'ignore_ament_install']
[0.141s] Level 1:colcon.colcon_core.package_identification:_identify(log) by extension 'ignore'
[0.141s] Level 1:colcon.colcon_core.package_identification:_identify(log) ignored
[0.141s] Level 1:colcon.colcon_core.package_identification:_identify(src) by extensions ['ignore', 'ignore_ament_install']
[0.141s] Level 1:colcon.colcon_core.package_identification:_identify(src) by extension 'ignore'
[0.141s] Level 1:colcon.colcon_core.package_identification:_identify(src) by extension 'ignore_ament_install'
[0.141s] Level 1:colcon.colcon_core.package_identification:_identify(src) by extensions ['colcon_pkg']
[0.141s] Level 1:colcon.colcon_core.package_identification:_identify(src) by extension 'colcon_pkg'
[0.141s] Level 1:colcon.colcon_core.package_identification:_identify(src) by extensions ['colcon_meta']
[0.141s] Level 1:colcon.colcon_core.package_identification:_identify(src) by extension 'colcon_meta'
[0.141s] Level 1:colcon.colcon_core.package_identification:_identify(src) by extensions ['ros']
[0.141s] Level 1:colcon.colcon_core.package_identification:_identify(src) by extension 'ros'
[0.141s] Level 1:colcon.colcon_core.package_identification:_identify(src) by extensions ['cmake', 'python']
[0.141s] Level 1:colcon.colcon_core.package_identification:_identify(src) by extension 'cmake'
[0.141s] Level 1:colcon.colcon_core.package_identification:_identify(src) by extension 'python'
[0.141s] Level 1:colcon.colcon_core.package_identification:_identify(src) by extensions ['python_setup_py']
[0.142s] Level 1:colcon.colcon_core.package_identification:_identify(src) by extension 'python_setup_py'
[0.142s] Level 1:colcon.colcon_core.package_identification:_identify(src/control_foxglove) by extensions ['ignore', 'ignore_ament_install']
[0.142s] Level 1:colcon.colcon_core.package_identification:_identify(src/control_foxglove) by extension 'ignore'
[0.142s] Level 1:colcon.colcon_core.package_identification:_identify(src/control_foxglove) by extension 'ignore_ament_install'
[0.142s] Level 1:colcon.colcon_core.package_identification:_identify(src/control_foxglove) by extensions ['colcon_pkg']
[0.142s] Level 1:colcon.colcon_core.package_identification:_identify(src/control_foxglove) by extension 'colcon_pkg'
[0.142s] Level 1:colcon.colcon_core.package_identification:_identify(src/control_foxglove) by extensions ['colcon_meta']
[0.142s] Level 1:colcon.colcon_core.package_identification:_identify(src/control_foxglove) by extension 'colcon_meta'
[0.142s] Level 1:colcon.colcon_core.package_identification:_identify(src/control_foxglove) by extensions ['ros']
[0.142s] Level 1:colcon.colcon_core.package_identification:_identify(src/control_foxglove) by extension 'ros'
[0.144s] DEBUG:colcon.colcon_core.package_identification:Package 'src/control_foxglove' with type 'ros.ament_python' and name 'control_foxglove'
[0.144s] Level 1:colcon.colcon_core.package_identification:_identify(src/my_robot_description) by extensions ['ignore', 'ignore_ament_install']
[0.144s] Level 1:colcon.colcon_core.package_identification:_identify(src/my_robot_description) by extension 'ignore'
[0.144s] Level 1:colcon.colcon_core.package_identification:_identify(src/my_robot_description) by extension 'ignore_ament_install'
[0.144s] Level 1:colcon.colcon_core.package_identification:_identify(src/my_robot_description) by extensions ['colcon_pkg']
[0.144s] Level 1:colcon.colcon_core.package_identification:_identify(src/my_robot_description) by extension 'colcon_pkg'
[0.144s] Level 1:colcon.colcon_core.package_identification:_identify(src/my_robot_description) by extensions ['colcon_meta']
[0.144s] Level 1:colcon.colcon_core.package_identification:_identify(src/my_robot_description) by extension 'colcon_meta'
[0.144s] Level 1:colcon.colcon_core.package_identification:_identify(src/my_robot_description) by extensions ['ros']
[0.144s] Level 1:colcon.colcon_core.package_identification:_identify(src/my_robot_description) by extension 'ros'
[0.145s] DEBUG:colcon.colcon_core.package_identification:Package 'src/my_robot_description' with type 'ros.ament_cmake' and name 'my_robot_description'
[0.145s] Level 1:colcon.colcon_core.package_identification:_identify(src/naive_trajectory) by extensions ['ignore', 'ignore_ament_install']
[0.145s] Level 1:colcon.colcon_core.package_identification:_identify(src/naive_trajectory) by extension 'ignore'
[0.145s] Level 1:colcon.colcon_core.package_identification:_identify(src/naive_trajectory) by extension 'ignore_ament_install'
[0.145s] Level 1:colcon.colcon_core.package_identification:_identify(src/naive_trajectory) by extensions ['colcon_pkg']
[0.145s] Level 1:colcon.colcon_core.package_identification:_identify(src/naive_trajectory) by extension 'colcon_pkg'
[0.145s] Level 1:colcon.colcon_core.package_identification:_identify(src/naive_trajectory) by extensions ['colcon_meta']
[0.145s] Level 1:colcon.colcon_core.package_identification:_identify(src/naive_trajectory) by extension 'colcon_meta'
[0.145s] Level 1:colcon.colcon_core.package_identification:_identify(src/naive_trajectory) by extensions ['ros']
[0.145s] Level 1:colcon.colcon_core.package_identification:_identify(src/naive_trajectory) by extension 'ros'
[0.146s] DEBUG:colcon.colcon_core.package_identification:Package 'src/naive_trajectory' with type 'ros.ament_python' and name 'naive_trajectory'
[0.146s] Level 1:colcon.colcon_core.package_identification:_identify(src/rf2o_laser_odometry) by extensions ['ignore', 'ignore_ament_install']
[0.146s] Level 1:colcon.colcon_core.package_identification:_identify(src/rf2o_laser_odometry) by extension 'ignore'
[0.146s] Level 1:colcon.colcon_core.package_identification:_identify(src/rf2o_laser_odometry) by extension 'ignore_ament_install'
[0.146s] Level 1:colcon.colcon_core.package_identification:_identify(src/rf2o_laser_odometry) by extensions ['colcon_pkg']
[0.146s] Level 1:colcon.colcon_core.package_identification:_identify(src/rf2o_laser_odometry) by extension 'colcon_pkg'
[0.146s] Level 1:colcon.colcon_core.package_identification:_identify(src/rf2o_laser_odometry) by extensions ['colcon_meta']
[0.146s] Level 1:colcon.colcon_core.package_identification:_identify(src/rf2o_laser_odometry) by extension 'colcon_meta'
[0.146s] Level 1:colcon.colcon_core.package_identification:_identify(src/rf2o_laser_odometry) by extensions ['ros']
[0.146s] Level 1:colcon.colcon_core.package_identification:_identify(src/rf2o_laser_odometry) by extension 'ros'
[0.147s] DEBUG:colcon.colcon_core.package_identification:Package 'src/rf2o_laser_odometry' with type 'ros.ament_cmake' and name 'rf2o_laser_odometry'
[0.147s] Level 1:colcon.colcon_core.package_identification:_identify(src/rover_slam_ws) by extensions ['ignore', 'ignore_ament_install']
[0.147s] Level 1:colcon.colcon_core.package_identification:_identify(src/rover_slam_ws) by extension 'ignore'
[0.147s] Level 1:colcon.colcon_core.package_identification:_identify(src/rover_slam_ws) by extension 'ignore_ament_install'
[0.147s] Level 1:colcon.colcon_core.package_identification:_identify(src/rover_slam_ws) by extensions ['colcon_pkg']
[0.147s] Level 1:colcon.colcon_core.package_identification:_identify(src/rover_slam_ws) by extension 'colcon_pkg'
[0.147s] Level 1:colcon.colcon_core.package_identification:_identify(src/rover_slam_ws) by extensions ['colcon_meta']
[0.147s] Level 1:colcon.colcon_core.package_identification:_identify(src/rover_slam_ws) by extension 'colcon_meta'
[0.147s] Level 1:colcon.colcon_core.package_identification:_identify(src/rover_slam_ws) by extensions ['ros']
[0.147s] Level 1:colcon.colcon_core.package_identification:_identify(src/rover_slam_ws) by extension 'ros'
[0.147s] DEBUG:colcon.colcon_core.package_identification:Package 'src/rover_slam_ws' with type 'ros.ament_python' and name 'my_rover_slam'
[0.147s] Level 1:colcon.colcon_core.package_discovery:discover_packages(recursive) using defaults
[0.147s] Level 1:colcon.colcon_core.package_discovery:discover_packages(ignore) discover
[0.147s] Level 1:colcon.colcon_core.package_discovery:discover_packages(ignore) using defaults
[0.147s] Level 1:colcon.colcon_core.package_discovery:discover_packages(path) discover
[0.147s] Level 1:colcon.colcon_core.package_discovery:discover_packages(path) using defaults
[0.167s] Level 1:colcon.colcon_core.package_discovery:discover_packages(prefix_path) check parameters
[0.167s] Level 1:colcon.colcon_core.package_discovery:discover_packages(prefix_path) discover
[0.169s] DEBUG:colcon.colcon_installed_package_information.package_discovery:Found 5 installed packages in /home/tristan/Documents/autonomous_car_ece/car_control_wave/ros2_ws/install
[0.170s] DEBUG:colcon.colcon_installed_package_information.package_discovery:Found 4 installed packages in /home/tristan/microros_ws/install
[0.170s] DEBUG:colcon.colcon_installed_package_information.package_discovery:Found 23 installed packages in /home/tristan/ros2_ws/install
[0.171s] DEBUG:colcon.colcon_installed_package_information.package_discovery:Found 3 installed packages in /home/tristan/zed_ws/install
[0.172s] DEBUG:colcon.colcon_installed_package_information.package_discovery:Found 485 installed packages in /opt/ros/humble
[0.174s] Level 1:colcon.colcon_core.package_discovery:discover_packages(prefix_path) using defaults
[0.223s] Level 5:colcon.colcon_core.verb:set package 'control_foxglove' build argument 'cmake_args' from command line to 'None'
[0.223s] Level 5:colcon.colcon_core.verb:set package 'control_foxglove' build argument 'cmake_target' from command line to 'None'
[0.223s] Level 5:colcon.colcon_core.verb:set package 'control_foxglove' build argument 'cmake_target_skip_unavailable' from command line to 'False'
[0.223s] Level 5:colcon.colcon_core.verb:set package 'control_foxglove' build argument 'cmake_clean_cache' from command line to 'False'
[0.223s] Level 5:colcon.colcon_core.verb:set package 'control_foxglove' build argument 'cmake_clean_first' from command line to 'False'
[0.223s] Level 5:colcon.colcon_core.verb:set package 'control_foxglove' build argument 'cmake_force_configure' from command line to 'False'
[0.223s] Level 5:colcon.colcon_core.verb:set package 'control_foxglove' build argument 'ament_cmake_args' from command line to 'None'
[0.223s] Level 5:colcon.colcon_core.verb:set package 'control_foxglove' build argument 'catkin_cmake_args' from command line to 'None'
[0.223s] Level 5:colcon.colcon_core.verb:set package 'control_foxglove' build argument 'catkin_skip_building_tests' from command line to 'False'
[0.223s] DEBUG:colcon.colcon_core.verb:Building package 'control_foxglove' with the following arguments: {'ament_cmake_args': None, 'build_base': '/home/tristan/Documents/autonomous_car_ece/car_control_wave/ros2_ws/build/control_foxglove', 'catkin_cmake_args': None, 'catkin_skip_building_tests': False, 'cmake_args': None, 'cmake_clean_cache': False, 'cmake_clean_first': False, 'cmake_force_configure': False, 'cmake_target': None, 'cmake_target_skip_unavailable': False, 'install_base': '/home/tristan/Documents/autonomous_car_ece/car_control_wave/ros2_ws/install/control_foxglove', 'merge_install': False, 'path': '/home/tristan/Documents/autonomous_car_ece/car_control_wave/ros2_ws/src/control_foxglove', 'symlink_install': False, 'test_result_base': None}
[0.223s] Level 5:colcon.colcon_core.verb:set package 'my_robot_description' build argument 'cmake_args' from command line to 'None'
[0.223s] Level 5:colcon.colcon_core.verb:set package 'my_robot_description' build argument 'cmake_target' from command line to 'None'
[0.223s] Level 5:colcon.colcon_core.verb:set package 'my_robot_description' build argument 'cmake_target_skip_unavailable' from command line to 'False'
[0.223s] Level 5:colcon.colcon_core.verb:set package 'my_robot_description' build argument 'cmake_clean_cache' from command line to 'False'
[0.223s] Level 5:colcon.colcon_core.verb:set package 'my_robot_description' build argument 'cmake_clean_first' from command line to 'False'
[0.223s] Level 5:colcon.colcon_core.verb:set package 'my_robot_description' build argument 'cmake_force_configure' from command line to 'False'
[0.223s] Level 5:colcon.colcon_core.verb:set package 'my_robot_description' build argument 'ament_cmake_args' from command line to 'None'
[0.223s] Level 5:colcon.colcon_core.verb:set package 'my_robot_description' build argument 'catkin_cmake_args' from command line to 'None'
[0.223s] Level 5:colcon.colcon_core.verb:set package 'my_robot_description' build argument 'catkin_skip_building_tests' from command line to 'False'
[0.223s] DEBUG:colcon.colcon_core.verb:Building package 'my_robot_description' with the following arguments: {'ament_cmake_args': None, 'build_base': '/home/tristan/Documents/autonomous_car_ece/car_control_wave/ros2_ws/build/my_robot_description', 'catkin_cmake_args': None, 'catkin_skip_building_tests': False, 'cmake_args': None, 'cmake_clean_cache': False, 'cmake_clean_first': False, 'cmake_force_configure': False, 'cmake_target': None, 'cmake_target_skip_unavailable': False, 'install_base': '/home/tristan/Documents/autonomous_car_ece/car_control_wave/ros2_ws/install/my_robot_description', 'merge_install': False, 'path': '/home/tristan/Documents/autonomous_car_ece/car_control_wave/ros2_ws/src/my_robot_description', 'symlink_install': False, 'test_result_base': None}
[0.224s] Level 5:colcon.colcon_core.verb:set package 'my_rover_slam' build argument 'cmake_args' from command line to 'None'
[0.224s] Level 5:colcon.colcon_core.verb:set package 'my_rover_slam' build argument 'cmake_target' from command line to 'None'
[0.224s] Level 5:colcon.colcon_core.verb:set package 'my_rover_slam' build argument 'cmake_target_skip_unavailable' from command line to 'False'
[0.224s] Level 5:colcon.colcon_core.verb:set package 'my_rover_slam' build argument 'cmake_clean_cache' from command line to 'False'
[0.224s] Level 5:colcon.colcon_core.verb:set package 'my_rover_slam' build argument 'cmake_clean_first' from command line to 'False'
[0.224s] Level 5:colcon.colcon_core.verb:set package 'my_rover_slam' build argument 'cmake_force_configure' from command line to 'False'
[0.224s] Level 5:colcon.colcon_core.verb:set package 'my_rover_slam' build argument 'ament_cmake_args' from command line to 'None'
[0.224s] Level 5:colcon.colcon_core.verb:set package 'my_rover_slam' build argument 'catkin_cmake_args' from command line to 'None'
[0.224s] Level 5:colcon.colcon_core.verb:set package 'my_rover_slam' build argument 'catkin_skip_building_tests' from command line to 'False'
[0.224s] DEBUG:colcon.colcon_core.verb:Building package 'my_rover_slam' with the following arguments: {'ament_cmake_args': None, 'build_base': '/home/tristan/Documents/autonomous_car_ece/car_control_wave/ros2_ws/build/my_rover_slam', 'catkin_cmake_args': None, 'catkin_skip_building_tests': False, 'cmake_args': None, 'cmake_clean_cache': False, 'cmake_clean_first': False, 'cmake_force_configure': False, 'cmake_target': None, 'cmake_target_skip_unavailable': False, 'install_base': '/home/tristan/Documents/autonomous_car_ece/car_control_wave/ros2_ws/install/my_rover_slam', 'merge_install': False, 'path': '/home/tristan/Documents/autonomous_car_ece/car_control_wave/ros2_ws/src/rover_slam_ws', 'symlink_install': False, 'test_result_base': None}
[0.224s] Level 5:colcon.colcon_core.verb:set package 'naive_trajectory' build argument 'cmake_args' from command line to 'None'
[0.224s] Level 5:colcon.colcon_core.verb:set package 'naive_trajectory' build argument 'cmake_target' from command line to 'None'
[0.224s] Level 5:colcon.colcon_core.verb:set package 'naive_trajectory' build argument 'cmake_target_skip_unavailable' from command line to 'False'
[0.224s] Level 5:colcon.colcon_core.verb:set package 'naive_trajectory' build argument 'cmake_clean_cache' from command line to 'False'
[0.224s] Level 5:colcon.colcon_core.verb:set package 'naive_trajectory' build argument 'cmake_clean_first' from command line to 'False'
[0.224s] Level 5:colcon.colcon_core.verb:set package 'naive_trajectory' build argument 'cmake_force_configure' from command line to 'False'
[0.224s] Level 5:colcon.colcon_core.verb:set package 'naive_trajectory' build argument 'ament_cmake_args' from command line to 'None'
[0.224s] Level 5:colcon.colcon_core.verb:set package 'naive_trajectory' build argument 'catkin_cmake_args' from command line to 'None'
[0.224s] Level 5:colcon.colcon_core.verb:set package 'naive_trajectory' build argument 'catkin_skip_building_tests' from command line to 'False'
[0.224s] DEBUG:colcon.colcon_core.verb:Building package 'naive_trajectory' with the following arguments: {'ament_cmake_args': None, 'build_base': '/home/tristan/Documents/autonomous_car_ece/car_control_wave/ros2_ws/build/naive_trajectory', 'catkin_cmake_args': None, 'catkin_skip_building_tests': False, 'cmake_args': None, 'cmake_clean_cache': False, 'cmake_clean_first': False, 'cmake_force_configure': False, 'cmake_target': None, 'cmake_target_skip_unavailable': False, 'install_base': '/home/tristan/Documents/autonomous_car_ece/car_control_wave/ros2_ws/install/naive_trajectory', 'merge_install': False, 'path': '/home/tristan/Documents/autonomous_car_ece/car_control_wave/ros2_ws/src/naive_trajectory', 'symlink_install': False, 'test_result_base': None}
[0.224s] Level 5:colcon.colcon_core.verb:set package 'rf2o_laser_odometry' build argument 'cmake_args' from command line to 'None'
[0.224s] Level 5:colcon.colcon_core.verb:set package 'rf2o_laser_odometry' build argument 'cmake_target' from command line to 'None'
[0.224s] Level 5:colcon.colcon_core.verb:set package 'rf2o_laser_odometry' build argument 'cmake_target_skip_unavailable' from command line to 'False'
[0.224s] Level 5:colcon.colcon_core.verb:set package 'rf2o_laser_odometry' build argument 'cmake_clean_cache' from command line to 'False'
[0.224s] Level 5:colcon.colcon_core.verb:set package 'rf2o_laser_odometry' build argument 'cmake_clean_first' from command line to 'False'
[0.224s] Level 5:colcon.colcon_core.verb:set package 'rf2o_laser_odometry' build argument 'cmake_force_configure' from command line to 'False'
[0.224s] Level 5:colcon.colcon_core.verb:set package 'rf2o_laser_odometry' build argument 'ament_cmake_args' from command line to 'None'
[0.224s] Level 5:colcon.colcon_core.verb:set package 'rf2o_laser_odometry' build argument 'catkin_cmake_args' from command line to 'None'
[0.224s] Level 5:colcon.colcon_core.verb:set package 'rf2o_laser_odometry' build argument 'catkin_skip_building_tests' from command line to 'False'
[0.224s] DEBUG:colcon.colcon_core.verb:Building package 'rf2o_laser_odometry' with the following arguments: {'ament_cmake_args': None, 'build_base': '/home/tristan/Documents/autonomous_car_ece/car_control_wave/ros2_ws/build/rf2o_laser_odometry', 'catkin_cmake_args': None, 'catkin_skip_building_tests': False, 'cmake_args': None, 'cmake_clean_cache': False, 'cmake_clean_first': False, 'cmake_force_configure': False, 'cmake_target': None, 'cmake_target_skip_unavailable': False, 'install_base': '/home/tristan/Documents/autonomous_car_ece/car_control_wave/ros2_ws/install/rf2o_laser_odometry', 'merge_install': False, 'path': '/home/tristan/Documents/autonomous_car_ece/car_control_wave/ros2_ws/src/rf2o_laser_odometry', 'symlink_install': False, 'test_result_base': None}
[0.224s] INFO:colcon.colcon_core.executor:Executing jobs using 'parallel' executor
[0.226s] DEBUG:colcon.colcon_parallel_executor.executor.parallel:run_until_complete
[0.226s] INFO:colcon.colcon_ros.task.ament_python.build:Building ROS package in '/home/tristan/Documents/autonomous_car_ece/car_control_wave/ros2_ws/src/control_foxglove' with build type 'ament_python'
[0.226s] Level 1:colcon.colcon_core.shell:create_environment_hook('control_foxglove', 'ament_prefix_path')
[0.228s] INFO:colcon.colcon_core.plugin_system:Skipping extension 'colcon_core.shell.bat': Not used on non-Windows systems
[0.228s] INFO:colcon.colcon_core.shell:Creating environment hook '/home/tristan/Documents/autonomous_car_ece/car_control_wave/ros2_ws/install/control_foxglove/share/control_foxglove/hook/ament_prefix_path.ps1'
[0.228s] INFO:colcon.colcon_core.shell:Creating environment descriptor '/home/tristan/Documents/autonomous_car_ece/car_control_wave/ros2_ws/install/control_foxglove/share/control_foxglove/hook/ament_prefix_path.dsv'
[0.229s] INFO:colcon.colcon_core.shell:Creating environment hook '/home/tristan/Documents/autonomous_car_ece/car_control_wave/ros2_ws/install/control_foxglove/share/control_foxglove/hook/ament_prefix_path.sh'
[0.229s] INFO:colcon.colcon_core.shell:Skip shell extension 'powershell' for command environment: Not usable outside of PowerShell
[0.229s] DEBUG:colcon.colcon_core.shell:Skip shell extension 'dsv' for command environment
[0.235s] INFO:colcon.colcon_ros.task.ament_cmake.build:Building ROS package in '/home/tristan/Documents/autonomous_car_ece/car_control_wave/ros2_ws/src/my_robot_description' with build type 'ament_cmake'
[0.236s] INFO:colcon.colcon_cmake.task.cmake.build:Building CMake package in '/home/tristan/Documents/autonomous_car_ece/car_control_wave/ros2_ws/src/my_robot_description'
[0.236s] INFO:colcon.colcon_core.shell:Skip shell extension 'powershell' for command environment: Not usable outside of PowerShell
[0.236s] DEBUG:colcon.colcon_core.shell:Skip shell extension 'dsv' for command environment
[0.241s] INFO:colcon.colcon_ros.task.ament_python.build:Building ROS package in '/home/tristan/Documents/autonomous_car_ece/car_control_wave/ros2_ws/src/rover_slam_ws' with build type 'ament_python'
[0.241s] Level 1:colcon.colcon_core.shell:create_environment_hook('my_rover_slam', 'ament_prefix_path')
[0.242s] INFO:colcon.colcon_core.shell:Creating environment hook '/home/tristan/Documents/autonomous_car_ece/car_control_wave/ros2_ws/install/my_rover_slam/share/my_rover_slam/hook/ament_prefix_path.ps1'
[0.242s] INFO:colcon.colcon_core.shell:Creating environment descriptor '/home/tristan/Documents/autonomous_car_ece/car_control_wave/ros2_ws/install/my_rover_slam/share/my_rover_slam/hook/ament_prefix_path.dsv'
[0.242s] INFO:colcon.colcon_core.shell:Creating environment hook '/home/tristan/Documents/autonomous_car_ece/car_control_wave/ros2_ws/install/my_rover_slam/share/my_rover_slam/hook/ament_prefix_path.sh'
[0.243s] INFO:colcon.colcon_core.shell:Skip shell extension 'powershell' for command environment: Not usable outside of PowerShell
[0.243s] DEBUG:colcon.colcon_core.shell:Skip shell extension 'dsv' for command environment
[0.249s] INFO:colcon.colcon_ros.task.ament_python.build:Building ROS package in '/home/tristan/Documents/autonomous_car_ece/car_control_wave/ros2_ws/src/naive_trajectory' with build type 'ament_python'
[0.249s] Level 1:colcon.colcon_core.shell:create_environment_hook('naive_trajectory', 'ament_prefix_path')
[0.249s] INFO:colcon.colcon_core.shell:Creating environment hook '/home/tristan/Documents/autonomous_car_ece/car_control_wave/ros2_ws/install/naive_trajectory/share/naive_trajectory/hook/ament_prefix_path.ps1'
[0.252s] INFO:colcon.colcon_core.shell:Creating environment descriptor '/home/tristan/Documents/autonomous_car_ece/car_control_wave/ros2_ws/install/naive_trajectory/share/naive_trajectory/hook/ament_prefix_path.dsv'
[0.252s] INFO:colcon.colcon_core.shell:Creating environment hook '/home/tristan/Documents/autonomous_car_ece/car_control_wave/ros2_ws/install/naive_trajectory/share/naive_trajectory/hook/ament_prefix_path.sh'
[0.253s] INFO:colcon.colcon_core.shell:Skip shell extension 'powershell' for command environment: Not usable outside of PowerShell
[0.253s] DEBUG:colcon.colcon_core.shell:Skip shell extension 'dsv' for command environment
[0.259s] INFO:colcon.colcon_ros.task.ament_cmake.build:Building ROS package in '/home/tristan/Documents/autonomous_car_ece/car_control_wave/ros2_ws/src/rf2o_laser_odometry' with build type 'ament_cmake'
[0.259s] INFO:colcon.colcon_cmake.task.cmake.build:Building CMake package in '/home/tristan/Documents/autonomous_car_ece/car_control_wave/ros2_ws/src/rf2o_laser_odometry'
[0.259s] INFO:colcon.colcon_core.shell:Skip shell extension 'powershell' for command environment: Not usable outside of PowerShell
[0.259s] DEBUG:colcon.colcon_core.shell:Skip shell extension 'dsv' for command environment
[0.525s] INFO:colcon.colcon_core.task.python.build:Building Python package in '/home/tristan/Documents/autonomous_car_ece/car_control_wave/ros2_ws/src/control_foxglove'
[0.526s] INFO:colcon.colcon_core.shell:Skip shell extension 'powershell' for command environment: Not usable outside of PowerShell
[0.526s] DEBUG:colcon.colcon_core.shell:Skip shell extension 'dsv' for command environment
[0.537s] DEBUG:colcon.colcon_core.event_handler.log_command:Invoking command in '/home/tristan/Documents/autonomous_car_ece/car_control_wave/ros2_ws/build/my_robot_description': CMAKE_PREFIX_PATH=${CMAKE_PREFIX_PATH}:/home/tristan/Documents/autonomous_car_ece/car_control_wave/ros2_ws/install/naive_trajectory:/home/tristan/Documents/autonomous_car_ece/car_control_wave/ros2_ws/install/my_rover_slam:/home/tristan/Documents/autonomous_car_ece/car_control_wave/ros2_ws/install/control_foxglove:/home/tristan/ros2_ws/install/ntrip_client:/home/tristan/ros2_ws/install/arece_stereo_python:/home/tristan/ros2_ws/install/arece_rqt:/home/tristan/ros2_ws/install/arece_trajectory_torch:/home/tristan/ros2_ws/install/arece_launcher:/home/tristan/ros2_ws/install/arece_tracks:/home/tristan/ros2_ws/install/arece_state_machine_python:/home/tristan/ros2_ws/install/arece_racecar:/home/tristan/ros2_ws/install/arece_gps:/home/tristan/ros2_ws/install/arece_compet_python:/opt/ros/humble /usr/bin/cmake --build /home/tristan/Documents/autonomous_car_ece/car_control_wave/ros2_ws/build/my_robot_description -- -j24 -l24
[0.792s] INFO:colcon.colcon_core.task.python.build:Building Python package in '/home/tristan/Documents/autonomous_car_ece/car_control_wave/ros2_ws/src/rover_slam_ws'
[0.792s] INFO:colcon.colcon_core.shell:Skip shell extension 'powershell' for command environment: Not usable outside of PowerShell
[0.792s] DEBUG:colcon.colcon_core.shell:Skip shell extension 'dsv' for command environment
[1.012s] INFO:colcon.colcon_core.task.python.build:Building Python package in '/home/tristan/Documents/autonomous_car_ece/car_control_wave/ros2_ws/src/naive_trajectory'
[1.012s] INFO:colcon.colcon_core.shell:Skip shell extension 'powershell' for command environment: Not usable outside of PowerShell
[1.012s] DEBUG:colcon.colcon_core.shell:Skip shell extension 'dsv' for command environment
[1.022s] DEBUG:colcon.colcon_core.event_handler.log_command:Invoking command in '/home/tristan/Documents/autonomous_car_ece/car_control_wave/ros2_ws/build/rf2o_laser_odometry': CMAKE_PREFIX_PATH=${CMAKE_PREFIX_PATH}:/home/tristan/Documents/autonomous_car_ece/car_control_wave/ros2_ws/install/naive_trajectory:/home/tristan/Documents/autonomous_car_ece/car_control_wave/ros2_ws/install/my_rover_slam:/home/tristan/Documents/autonomous_car_ece/car_control_wave/ros2_ws/install/control_foxglove:/home/tristan/ros2_ws/install/ntrip_client:/home/tristan/ros2_ws/install/arece_stereo_python:/home/tristan/ros2_ws/install/arece_rqt:/home/tristan/ros2_ws/install/arece_trajectory_torch:/home/tristan/ros2_ws/install/arece_launcher:/home/tristan/ros2_ws/install/arece_tracks:/home/tristan/ros2_ws/install/arece_state_machine_python:/home/tristan/ros2_ws/install/arece_racecar:/home/tristan/ros2_ws/install/arece_gps:/home/tristan/ros2_ws/install/arece_compet_python:/opt/ros/humble /usr/bin/cmake --build /home/tristan/Documents/autonomous_car_ece/car_control_wave/ros2_ws/build/rf2o_laser_odometry -- -j24 -l24
[1.024s] DEBUG:colcon.colcon_core.event_handler.log_command:Invoked command in '/home/tristan/Documents/autonomous_car_ece/car_control_wave/ros2_ws/build/my_robot_description' returned '0': CMAKE_PREFIX_PATH=${CMAKE_PREFIX_PATH}:/home/tristan/Documents/autonomous_car_ece/car_control_wave/ros2_ws/install/naive_trajectory:/home/tristan/Documents/autonomous_car_ece/car_control_wave/ros2_ws/install/my_rover_slam:/home/tristan/Documents/autonomous_car_ece/car_control_wave/ros2_ws/install/control_foxglove:/home/tristan/ros2_ws/install/ntrip_client:/home/tristan/ros2_ws/install/arece_stereo_python:/home/tristan/ros2_ws/install/arece_rqt:/home/tristan/ros2_ws/install/arece_trajectory_torch:/home/tristan/ros2_ws/install/arece_launcher:/home/tristan/ros2_ws/install/arece_tracks:/home/tristan/ros2_ws/install/arece_state_machine_python:/home/tristan/ros2_ws/install/arece_racecar:/home/tristan/ros2_ws/install/arece_gps:/home/tristan/ros2_ws/install/arece_compet_python:/opt/ros/humble /usr/bin/cmake --build /home/tristan/Documents/autonomous_car_ece/car_control_wave/ros2_ws/build/my_robot_description -- -j24 -l24
[1.038s] DEBUG:colcon.colcon_core.event_handler.log_command:Invoking command in '/home/tristan/Documents/autonomous_car_ece/car_control_wave/ros2_ws/build/my_robot_description': CMAKE_PREFIX_PATH=${CMAKE_PREFIX_PATH}:/home/tristan/Documents/autonomous_car_ece/car_control_wave/ros2_ws/install/naive_trajectory:/home/tristan/Documents/autonomous_car_ece/car_control_wave/ros2_ws/install/my_rover_slam:/home/tristan/Documents/autonomous_car_ece/car_control_wave/ros2_ws/install/control_foxglove:/home/tristan/ros2_ws/install/ntrip_client:/home/tristan/ros2_ws/install/arece_stereo_python:/home/tristan/ros2_ws/install/arece_rqt:/home/tristan/ros2_ws/install/arece_trajectory_torch:/home/tristan/ros2_ws/install/arece_launcher:/home/tristan/ros2_ws/install/arece_tracks:/home/tristan/ros2_ws/install/arece_state_machine_python:/home/tristan/ros2_ws/install/arece_racecar:/home/tristan/ros2_ws/install/arece_gps:/home/tristan/ros2_ws/install/arece_compet_python:/opt/ros/humble /usr/bin/cmake --install /home/tristan/Documents/autonomous_car_ece/car_control_wave/ros2_ws/build/my_robot_description
[1.061s] Level 1:colcon.colcon_core.environment:create_environment_scripts_only(my_robot_description)
[1.062s] DEBUG:colcon.colcon_core.event_handler.log_command:Invoked command in '/home/tristan/Documents/autonomous_car_ece/car_control_wave/ros2_ws/build/my_robot_description' returned '0': CMAKE_PREFIX_PATH=${CMAKE_PREFIX_PATH}:/home/tristan/Documents/autonomous_car_ece/car_control_wave/ros2_ws/install/naive_trajectory:/home/tristan/Documents/autonomous_car_ece/car_control_wave/ros2_ws/install/my_rover_slam:/home/tristan/Documents/autonomous_car_ece/car_control_wave/ros2_ws/install/control_foxglove:/home/tristan/ros2_ws/install/ntrip_client:/home/tristan/ros2_ws/install/arece_stereo_python:/home/tristan/ros2_ws/install/arece_rqt:/home/tristan/ros2_ws/install/arece_trajectory_torch:/home/tristan/ros2_ws/install/arece_launcher:/home/tristan/ros2_ws/install/arece_tracks:/home/tristan/ros2_ws/install/arece_state_machine_python:/home/tristan/ros2_ws/install/arece_racecar:/home/tristan/ros2_ws/install/arece_gps:/home/tristan/ros2_ws/install/arece_compet_python:/opt/ros/humble /usr/bin/cmake --install /home/tristan/Documents/autonomous_car_ece/car_control_wave/ros2_ws/build/my_robot_description
[1.065s] Level 1:colcon.colcon_core.environment:checking '/home/tristan/Documents/autonomous_car_ece/car_control_wave/ros2_ws/install/my_robot_description' for CMake module files
[1.066s] Level 1:colcon.colcon_core.environment:checking '/home/tristan/Documents/autonomous_car_ece/car_control_wave/ros2_ws/install/my_robot_description' for CMake config files
[1.067s] Level 1:colcon.colcon_core.shell:create_environment_hook('my_robot_description', 'cmake_prefix_path')
[1.067s] INFO:colcon.colcon_core.shell:Creating environment hook '/home/tristan/Documents/autonomous_car_ece/car_control_wave/ros2_ws/install/my_robot_description/share/my_robot_description/hook/cmake_prefix_path.ps1'
[1.068s] INFO:colcon.colcon_core.shell:Creating environment descriptor '/home/tristan/Documents/autonomous_car_ece/car_control_wave/ros2_ws/install/my_robot_description/share/my_robot_description/hook/cmake_prefix_path.dsv'
[1.068s] INFO:colcon.colcon_core.shell:Creating environment hook '/home/tristan/Documents/autonomous_car_ece/car_control_wave/ros2_ws/install/my_robot_description/share/my_robot_description/hook/cmake_prefix_path.sh'
[1.070s] Level 1:colcon.colcon_core.environment:checking '/home/tristan/Documents/autonomous_car_ece/car_control_wave/ros2_ws/install/my_robot_description/bin'
[1.070s] Level 1:colcon.colcon_core.environment:checking '/home/tristan/Documents/autonomous_car_ece/car_control_wave/ros2_ws/install/my_robot_description/lib/pkgconfig/my_robot_description.pc'
[1.071s] Level 1:colcon.colcon_core.environment:checking '/home/tristan/Documents/autonomous_car_ece/car_control_wave/ros2_ws/install/my_robot_description/lib/python3.10/site-packages'
[1.071s] Level 1:colcon.colcon_core.environment:checking '/home/tristan/Documents/autonomous_car_ece/car_control_wave/ros2_ws/install/my_robot_description/bin'
[1.072s] INFO:colcon.colcon_core.shell:Creating package script '/home/tristan/Documents/autonomous_car_ece/car_control_wave/ros2_ws/install/my_robot_description/share/my_robot_description/package.ps1'
[1.073s] INFO:colcon.colcon_core.shell:Creating package descriptor '/home/tristan/Documents/autonomous_car_ece/car_control_wave/ros2_ws/install/my_robot_description/share/my_robot_description/package.dsv'
[1.074s] INFO:colcon.colcon_core.shell:Creating package script '/home/tristan/Documents/autonomous_car_ece/car_control_wave/ros2_ws/install/my_robot_description/share/my_robot_description/package.sh'
[1.075s] INFO:colcon.colcon_core.shell:Creating package script '/home/tristan/Documents/autonomous_car_ece/car_control_wave/ros2_ws/install/my_robot_description/share/my_robot_description/package.bash'
[1.076s] INFO:colcon.colcon_core.shell:Creating package script '/home/tristan/Documents/autonomous_car_ece/car_control_wave/ros2_ws/install/my_robot_description/share/my_robot_description/package.zsh'
[1.076s] Level 1:colcon.colcon_core.environment:create_file_with_runtime_dependencies(/home/tristan/Documents/autonomous_car_ece/car_control_wave/ros2_ws/install/my_robot_description/share/colcon-core/packages/my_robot_description)
[1.077s] Level 1:colcon.colcon_core.environment:create_environment_scripts_only(my_robot_description)
[1.077s] Level 1:colcon.colcon_core.environment:checking '/home/tristan/Documents/autonomous_car_ece/car_control_wave/ros2_ws/install/my_robot_description' for CMake module files
[1.078s] Level 1:colcon.colcon_core.environment:checking '/home/tristan/Documents/autonomous_car_ece/car_control_wave/ros2_ws/install/my_robot_description' for CMake config files
[1.078s] Level 1:colcon.colcon_core.shell:create_environment_hook('my_robot_description', 'cmake_prefix_path')
[1.078s] INFO:colcon.colcon_core.shell:Creating environment hook '/home/tristan/Documents/autonomous_car_ece/car_control_wave/ros2_ws/install/my_robot_description/share/my_robot_description/hook/cmake_prefix_path.ps1'
[1.079s] INFO:colcon.colcon_core.shell:Creating environment descriptor '/home/tristan/Documents/autonomous_car_ece/car_control_wave/ros2_ws/install/my_robot_description/share/my_robot_description/hook/cmake_prefix_path.dsv'
[1.079s] INFO:colcon.colcon_core.shell:Creating environment hook '/home/tristan/Documents/autonomous_car_ece/car_control_wave/ros2_ws/install/my_robot_description/share/my_robot_description/hook/cmake_prefix_path.sh'
[1.080s] Level 1:colcon.colcon_core.environment:checking '/home/tristan/Documents/autonomous_car_ece/car_control_wave/ros2_ws/install/my_robot_description/bin'
[1.080s] Level 1:colcon.colcon_core.environment:checking '/home/tristan/Documents/autonomous_car_ece/car_control_wave/ros2_ws/install/my_robot_description/lib/pkgconfig/my_robot_description.pc'
[1.080s] Level 1:colcon.colcon_core.environment:checking '/home/tristan/Documents/autonomous_car_ece/car_control_wave/ros2_ws/install/my_robot_description/lib/python3.10/site-packages'
[1.082s] Level 1:colcon.colcon_core.environment:checking '/home/tristan/Documents/autonomous_car_ece/car_control_wave/ros2_ws/install/my_robot_description/bin'
[1.082s] INFO:colcon.colcon_core.shell:Creating package script '/home/tristan/Documents/autonomous_car_ece/car_control_wave/ros2_ws/install/my_robot_description/share/my_robot_description/package.ps1'
[1.084s] INFO:colcon.colcon_core.shell:Creating package descriptor '/home/tristan/Documents/autonomous_car_ece/car_control_wave/ros2_ws/install/my_robot_description/share/my_robot_description/package.dsv'
[1.085s] INFO:colcon.colcon_core.shell:Creating package script '/home/tristan/Documents/autonomous_car_ece/car_control_wave/ros2_ws/install/my_robot_description/share/my_robot_description/package.sh'
[1.085s] INFO:colcon.colcon_core.shell:Creating package script '/home/tristan/Documents/autonomous_car_ece/car_control_wave/ros2_ws/install/my_robot_description/share/my_robot_description/package.bash'
[1.086s] INFO:colcon.colcon_core.shell:Creating package script '/home/tristan/Documents/autonomous_car_ece/car_control_wave/ros2_ws/install/my_robot_description/share/my_robot_description/package.zsh'
[1.086s] Level 1:colcon.colcon_core.environment:create_file_with_runtime_dependencies(/home/tristan/Documents/autonomous_car_ece/car_control_wave/ros2_ws/install/my_robot_description/share/colcon-core/packages/my_robot_description)
[1.145s] DEBUG:colcon.colcon_core.event_handler.log_command:Invoked command in '/home/tristan/Documents/autonomous_car_ece/car_control_wave/ros2_ws/build/rf2o_laser_odometry' returned '0': CMAKE_PREFIX_PATH=${CMAKE_PREFIX_PATH}:/home/tristan/Documents/autonomous_car_ece/car_control_wave/ros2_ws/install/naive_trajectory:/home/tristan/Documents/autonomous_car_ece/car_control_wave/ros2_ws/install/my_rover_slam:/home/tristan/Documents/autonomous_car_ece/car_control_wave/ros2_ws/install/control_foxglove:/home/tristan/ros2_ws/install/ntrip_client:/home/tristan/ros2_ws/install/arece_stereo_python:/home/tristan/ros2_ws/install/arece_rqt:/home/tristan/ros2_ws/install/arece_trajectory_torch:/home/tristan/ros2_ws/install/arece_launcher:/home/tristan/ros2_ws/install/arece_tracks:/home/tristan/ros2_ws/install/arece_state_machine_python:/home/tristan/ros2_ws/install/arece_racecar:/home/tristan/ros2_ws/install/arece_gps:/home/tristan/ros2_ws/install/arece_compet_python:/opt/ros/humble /usr/bin/cmake --build /home/tristan/Documents/autonomous_car_ece/car_control_wave/ros2_ws/build/rf2o_laser_odometry -- -j24 -l24
[1.147s] DEBUG:colcon.colcon_core.event_handler.log_command:Invoking command in '/home/tristan/Documents/autonomous_car_ece/car_control_wave/ros2_ws/build/rf2o_laser_odometry': CMAKE_PREFIX_PATH=${CMAKE_PREFIX_PATH}:/home/tristan/Documents/autonomous_car_ece/car_control_wave/ros2_ws/install/naive_trajectory:/home/tristan/Documents/autonomous_car_ece/car_control_wave/ros2_ws/install/my_rover_slam:/home/tristan/Documents/autonomous_car_ece/car_control_wave/ros2_ws/install/control_foxglove:/home/tristan/ros2_ws/install/ntrip_client:/home/tristan/ros2_ws/install/arece_stereo_python:/home/tristan/ros2_ws/install/arece_rqt:/home/tristan/ros2_ws/install/arece_trajectory_torch:/home/tristan/ros2_ws/install/arece_launcher:/home/tristan/ros2_ws/install/arece_tracks:/home/tristan/ros2_ws/install/arece_state_machine_python:/home/tristan/ros2_ws/install/arece_racecar:/home/tristan/ros2_ws/install/arece_gps:/home/tristan/ros2_ws/install/arece_compet_python:/opt/ros/humble /usr/bin/cmake --install /home/tristan/Documents/autonomous_car_ece/car_control_wave/ros2_ws/build/rf2o_laser_odometry
[1.162s] Level 1:colcon.colcon_core.environment:create_environment_scripts_only(rf2o_laser_odometry)
[1.162s] DEBUG:colcon.colcon_core.event_handler.log_command:Invoked command in '/home/tristan/Documents/autonomous_car_ece/car_control_wave/ros2_ws/build/rf2o_laser_odometry' returned '0': CMAKE_PREFIX_PATH=${CMAKE_PREFIX_PATH}:/home/tristan/Documents/autonomous_car_ece/car_control_wave/ros2_ws/install/naive_trajectory:/home/tristan/Documents/autonomous_car_ece/car_control_wave/ros2_ws/install/my_rover_slam:/home/tristan/Documents/autonomous_car_ece/car_control_wave/ros2_ws/install/control_foxglove:/home/tristan/ros2_ws/install/ntrip_client:/home/tristan/ros2_ws/install/arece_stereo_python:/home/tristan/ros2_ws/install/arece_rqt:/home/tristan/ros2_ws/install/arece_trajectory_torch:/home/tristan/ros2_ws/install/arece_launcher:/home/tristan/ros2_ws/install/arece_tracks:/home/tristan/ros2_ws/install/arece_state_machine_python:/home/tristan/ros2_ws/install/arece_racecar:/home/tristan/ros2_ws/install/arece_gps:/home/tristan/ros2_ws/install/arece_compet_python:/opt/ros/humble /usr/bin/cmake --install /home/tristan/Documents/autonomous_car_ece/car_control_wave/ros2_ws/build/rf2o_laser_odometry
[1.163s] Level 1:colcon.colcon_core.environment:checking '/home/tristan/Documents/autonomous_car_ece/car_control_wave/ros2_ws/install/rf2o_laser_odometry' for CMake module files
[1.166s] Level 1:colcon.colcon_core.environment:checking '/home/tristan/Documents/autonomous_car_ece/car_control_wave/ros2_ws/install/rf2o_laser_odometry' for CMake config files
[1.166s] Level 1:colcon.colcon_core.shell:create_environment_hook('rf2o_laser_odometry', 'cmake_prefix_path')
[1.166s] INFO:colcon.colcon_core.shell:Creating environment hook '/home/tristan/Documents/autonomous_car_ece/car_control_wave/ros2_ws/install/rf2o_laser_odometry/share/rf2o_laser_odometry/hook/cmake_prefix_path.ps1'
[1.167s] INFO:colcon.colcon_core.shell:Creating environment descriptor '/home/tristan/Documents/autonomous_car_ece/car_control_wave/ros2_ws/install/rf2o_laser_odometry/share/rf2o_laser_odometry/hook/cmake_prefix_path.dsv'
[1.174s] INFO:colcon.colcon_core.shell:Creating environment hook '/home/tristan/Documents/autonomous_car_ece/car_control_wave/ros2_ws/install/rf2o_laser_odometry/share/rf2o_laser_odometry/hook/cmake_prefix_path.sh'
[1.175s] Level 1:colcon.colcon_core.environment:checking '/home/tristan/Documents/autonomous_car_ece/car_control_wave/ros2_ws/install/rf2o_laser_odometry/lib'
[1.175s] Level 1:colcon.colcon_core.environment:checking '/home/tristan/Documents/autonomous_car_ece/car_control_wave/ros2_ws/install/rf2o_laser_odometry/bin'
[1.175s] Level 1:colcon.colcon_core.environment:checking '/home/tristan/Documents/autonomous_car_ece/car_control_wave/ros2_ws/install/rf2o_laser_odometry/lib/pkgconfig/rf2o_laser_odometry.pc'
[1.175s] Level 1:colcon.colcon_core.environment:checking '/home/tristan/Documents/autonomous_car_ece/car_control_wave/ros2_ws/install/rf2o_laser_odometry/lib/python3.10/site-packages'
[1.176s] Level 1:colcon.colcon_core.environment:checking '/home/tristan/Documents/autonomous_car_ece/car_control_wave/ros2_ws/install/rf2o_laser_odometry/bin'
[1.176s] INFO:colcon.colcon_core.shell:Creating package script '/home/tristan/Documents/autonomous_car_ece/car_control_wave/ros2_ws/install/rf2o_laser_odometry/share/rf2o_laser_odometry/package.ps1'
[1.178s] INFO:colcon.colcon_core.shell:Creating package descriptor '/home/tristan/Documents/autonomous_car_ece/car_control_wave/ros2_ws/install/rf2o_laser_odometry/share/rf2o_laser_odometry/package.dsv'
[1.179s] INFO:colcon.colcon_core.shell:Creating package script '/home/tristan/Documents/autonomous_car_ece/car_control_wave/ros2_ws/install/rf2o_laser_odometry/share/rf2o_laser_odometry/package.sh'
[1.179s] INFO:colcon.colcon_core.shell:Creating package script '/home/tristan/Documents/autonomous_car_ece/car_control_wave/ros2_ws/install/rf2o_laser_odometry/share/rf2o_laser_odometry/package.bash'
[1.180s] INFO:colcon.colcon_core.shell:Creating package script '/home/tristan/Documents/autonomous_car_ece/car_control_wave/ros2_ws/install/rf2o_laser_odometry/share/rf2o_laser_odometry/package.zsh'
[1.180s] Level 1:colcon.colcon_core.environment:create_file_with_runtime_dependencies(/home/tristan/Documents/autonomous_car_ece/car_control_wave/ros2_ws/install/rf2o_laser_odometry/share/colcon-core/packages/rf2o_laser_odometry)
[1.182s] Level 1:colcon.colcon_core.environment:create_environment_scripts_only(rf2o_laser_odometry)
[1.187s] Level 1:colcon.colcon_core.environment:checking '/home/tristan/Documents/autonomous_car_ece/car_control_wave/ros2_ws/install/rf2o_laser_odometry' for CMake module files
[1.190s] Level 1:colcon.colcon_core.environment:checking '/home/tristan/Documents/autonomous_car_ece/car_control_wave/ros2_ws/install/rf2o_laser_odometry' for CMake config files
[1.190s] Level 1:colcon.colcon_core.shell:create_environment_hook('rf2o_laser_odometry', 'cmake_prefix_path')
[1.190s] INFO:colcon.colcon_core.shell:Creating environment hook '/home/tristan/Documents/autonomous_car_ece/car_control_wave/ros2_ws/install/rf2o_laser_odometry/share/rf2o_laser_odometry/hook/cmake_prefix_path.ps1'
[1.192s] INFO:colcon.colcon_core.shell:Creating environment descriptor '/home/tristan/Documents/autonomous_car_ece/car_control_wave/ros2_ws/install/rf2o_laser_odometry/share/rf2o_laser_odometry/hook/cmake_prefix_path.dsv'
[1.193s] INFO:colcon.colcon_core.shell:Creating environment hook '/home/tristan/Documents/autonomous_car_ece/car_control_wave/ros2_ws/install/rf2o_laser_odometry/share/rf2o_laser_odometry/hook/cmake_prefix_path.sh'
[1.194s] Level 1:colcon.colcon_core.environment:checking '/home/tristan/Documents/autonomous_car_ece/car_control_wave/ros2_ws/install/rf2o_laser_odometry/lib'
[1.194s] Level 1:colcon.colcon_core.environment:checking '/home/tristan/Documents/autonomous_car_ece/car_control_wave/ros2_ws/install/rf2o_laser_odometry/bin'
[1.194s] Level 1:colcon.colcon_core.environment:checking '/home/tristan/Documents/autonomous_car_ece/car_control_wave/ros2_ws/install/rf2o_laser_odometry/lib/pkgconfig/rf2o_laser_odometry.pc'
[1.194s] Level 1:colcon.colcon_core.environment:checking '/home/tristan/Documents/autonomous_car_ece/car_control_wave/ros2_ws/install/rf2o_laser_odometry/lib/python3.10/site-packages'
[1.195s] Level 1:colcon.colcon_core.environment:checking '/home/tristan/Documents/autonomous_car_ece/car_control_wave/ros2_ws/install/rf2o_laser_odometry/bin'
[1.195s] INFO:colcon.colcon_core.shell:Creating package script '/home/tristan/Documents/autonomous_car_ece/car_control_wave/ros2_ws/install/rf2o_laser_odometry/share/rf2o_laser_odometry/package.ps1'
[1.195s] INFO:colcon.colcon_core.shell:Creating package descriptor '/home/tristan/Documents/autonomous_car_ece/car_control_wave/ros2_ws/install/rf2o_laser_odometry/share/rf2o_laser_odometry/package.dsv'
[1.196s] INFO:colcon.colcon_core.shell:Creating package script '/home/tristan/Documents/autonomous_car_ece/car_control_wave/ros2_ws/install/rf2o_laser_odometry/share/rf2o_laser_odometry/package.sh'
[1.196s] INFO:colcon.colcon_core.shell:Creating package script '/home/tristan/Documents/autonomous_car_ece/car_control_wave/ros2_ws/install/rf2o_laser_odometry/share/rf2o_laser_odometry/package.bash'
[1.197s] INFO:colcon.colcon_core.shell:Creating package script '/home/tristan/Documents/autonomous_car_ece/car_control_wave/ros2_ws/install/rf2o_laser_odometry/share/rf2o_laser_odometry/package.zsh'
[1.197s] Level 1:colcon.colcon_core.environment:create_file_with_runtime_dependencies(/home/tristan/Documents/autonomous_car_ece/car_control_wave/ros2_ws/install/rf2o_laser_odometry/share/colcon-core/packages/rf2o_laser_odometry)
[1.800s] DEBUG:colcon.colcon_core.event_handler.log_command:Invoking command in '/home/tristan/Documents/autonomous_car_ece/car_control_wave/ros2_ws/src/control_foxglove': PYTHONPATH=/home/tristan/Documents/autonomous_car_ece/car_control_wave/ros2_ws/build/control_foxglove/prefix_override:/usr/lib/python3/dist-packages/colcon_core/task/python/colcon_distutils_commands:/home/tristan/Documents/autonomous_car_ece/car_control_wave/ros2_ws/install/control_foxglove/lib/python3.10/site-packages:${PYTHONPATH} /usr/bin/python3 -W ignore:setup.py install is deprecated -W ignore:easy_install command is deprecated setup.py egg_info --egg-base ../../build/control_foxglove build --build-base /home/tristan/Documents/autonomous_car_ece/car_control_wave/ros2_ws/build/control_foxglove/build install --record /home/tristan/Documents/autonomous_car_ece/car_control_wave/ros2_ws/build/control_foxglove/install.log --single-version-externally-managed install_data
[1.864s] DEBUG:colcon.colcon_core.event_handler.log_command:Invoking command in '/home/tristan/Documents/autonomous_car_ece/car_control_wave/ros2_ws/src/naive_trajectory': PYTHONPATH=/home/tristan/Documents/autonomous_car_ece/car_control_wave/ros2_ws/build/naive_trajectory/prefix_override:/usr/lib/python3/dist-packages/colcon_core/task/python/colcon_distutils_commands:/home/tristan/Documents/autonomous_car_ece/car_control_wave/ros2_ws/install/naive_trajectory/lib/python3.10/site-packages:${PYTHONPATH} /usr/bin/python3 -W ignore:setup.py install is deprecated -W ignore:easy_install command is deprecated setup.py egg_info --egg-base ../../build/naive_trajectory build --build-base /home/tristan/Documents/autonomous_car_ece/car_control_wave/ros2_ws/build/naive_trajectory/build install --record /home/tristan/Documents/autonomous_car_ece/car_control_wave/ros2_ws/build/naive_trajectory/install.log --single-version-externally-managed install_data
[1.869s] DEBUG:colcon.colcon_core.event_handler.log_command:Invoking command in '/home/tristan/Documents/autonomous_car_ece/car_control_wave/ros2_ws/src/rover_slam_ws': PYTHONPATH=/home/tristan/Documents/autonomous_car_ece/car_control_wave/ros2_ws/build/my_rover_slam/prefix_override:/usr/lib/python3/dist-packages/colcon_core/task/python/colcon_distutils_commands:/home/tristan/Documents/autonomous_car_ece/car_control_wave/ros2_ws/install/my_rover_slam/lib/python3.10/site-packages:${PYTHONPATH} /usr/bin/python3 -W ignore:setup.py install is deprecated -W ignore:easy_install command is deprecated setup.py egg_info --egg-base ../../build/my_rover_slam build --build-base /home/tristan/Documents/autonomous_car_ece/car_control_wave/ros2_ws/build/my_rover_slam/build install --record /home/tristan/Documents/autonomous_car_ece/car_control_wave/ros2_ws/build/my_rover_slam/install.log --single-version-externally-managed install_data
[4.155s] Level 1:colcon.colcon_core.environment:checking '/home/tristan/Documents/autonomous_car_ece/car_control_wave/ros2_ws/install/naive_trajectory' for CMake module files
[4.155s] DEBUG:colcon.colcon_core.event_handler.log_command:Invoked command in '/home/tristan/Documents/autonomous_car_ece/car_control_wave/ros2_ws/src/naive_trajectory' returned '0': PYTHONPATH=/home/tristan/Documents/autonomous_car_ece/car_control_wave/ros2_ws/build/naive_trajectory/prefix_override:/usr/lib/python3/dist-packages/colcon_core/task/python/colcon_distutils_commands:/home/tristan/Documents/autonomous_car_ece/car_control_wave/ros2_ws/install/naive_trajectory/lib/python3.10/site-packages:${PYTHONPATH} /usr/bin/python3 -W ignore:setup.py install is deprecated -W ignore:easy_install command is deprecated setup.py egg_info --egg-base ../../build/naive_trajectory build --build-base /home/tristan/Documents/autonomous_car_ece/car_control_wave/ros2_ws/build/naive_trajectory/build install --record /home/tristan/Documents/autonomous_car_ece/car_control_wave/ros2_ws/build/naive_trajectory/install.log --single-version-externally-managed install_data
[4.155s] Level 1:colcon.colcon_core.environment:checking '/home/tristan/Documents/autonomous_car_ece/car_control_wave/ros2_ws/install/naive_trajectory' for CMake config files
[4.156s] Level 1:colcon.colcon_core.environment:checking '/home/tristan/Documents/autonomous_car_ece/car_control_wave/ros2_ws/install/naive_trajectory/lib'
[4.156s] Level 1:colcon.colcon_core.environment:checking '/home/tristan/Documents/autonomous_car_ece/car_control_wave/ros2_ws/install/naive_trajectory/bin'
[4.156s] Level 1:colcon.colcon_core.environment:checking '/home/tristan/Documents/autonomous_car_ece/car_control_wave/ros2_ws/install/naive_trajectory/lib/pkgconfig/naive_trajectory.pc'
[4.157s] Level 1:colcon.colcon_core.environment:checking '/home/tristan/Documents/autonomous_car_ece/car_control_wave/ros2_ws/install/naive_trajectory/lib/python3.10/site-packages'
[4.157s] Level 1:colcon.colcon_core.shell:create_environment_hook('naive_trajectory', 'pythonpath')
[4.157s] INFO:colcon.colcon_core.shell:Creating environment hook '/home/tristan/Documents/autonomous_car_ece/car_control_wave/ros2_ws/install/naive_trajectory/share/naive_trajectory/hook/pythonpath.ps1'
[4.157s] INFO:colcon.colcon_core.shell:Creating environment descriptor '/home/tristan/Documents/autonomous_car_ece/car_control_wave/ros2_ws/install/naive_trajectory/share/naive_trajectory/hook/pythonpath.dsv'
[4.157s] INFO:colcon.colcon_core.shell:Creating environment hook '/home/tristan/Documents/autonomous_car_ece/car_control_wave/ros2_ws/install/naive_trajectory/share/naive_trajectory/hook/pythonpath.sh'
[4.158s] Level 1:colcon.colcon_core.environment:checking '/home/tristan/Documents/autonomous_car_ece/car_control_wave/ros2_ws/install/naive_trajectory/bin'
[4.158s] Level 1:colcon.colcon_core.environment:create_environment_scripts_only(naive_trajectory)
[4.158s] INFO:colcon.colcon_core.shell:Creating package script '/home/tristan/Documents/autonomous_car_ece/car_control_wave/ros2_ws/install/naive_trajectory/share/naive_trajectory/package.ps1'
[4.160s] INFO:colcon.colcon_core.shell:Creating package descriptor '/home/tristan/Documents/autonomous_car_ece/car_control_wave/ros2_ws/install/naive_trajectory/share/naive_trajectory/package.dsv'
[4.160s] INFO:colcon.colcon_core.shell:Creating package script '/home/tristan/Documents/autonomous_car_ece/car_control_wave/ros2_ws/install/naive_trajectory/share/naive_trajectory/package.sh'
[4.160s] INFO:colcon.colcon_core.shell:Creating package script '/home/tristan/Documents/autonomous_car_ece/car_control_wave/ros2_ws/install/naive_trajectory/share/naive_trajectory/package.bash'
[4.161s] INFO:colcon.colcon_core.shell:Creating package script '/home/tristan/Documents/autonomous_car_ece/car_control_wave/ros2_ws/install/naive_trajectory/share/naive_trajectory/package.zsh'
[4.162s] Level 1:colcon.colcon_core.environment:create_file_with_runtime_dependencies(/home/tristan/Documents/autonomous_car_ece/car_control_wave/ros2_ws/install/naive_trajectory/share/colcon-core/packages/naive_trajectory)
[4.164s] Level 1:colcon.colcon_core.environment:checking '/home/tristan/Documents/autonomous_car_ece/car_control_wave/ros2_ws/install/control_foxglove' for CMake module files
[4.164s] DEBUG:colcon.colcon_core.event_handler.log_command:Invoked command in '/home/tristan/Documents/autonomous_car_ece/car_control_wave/ros2_ws/src/control_foxglove' returned '0': PYTHONPATH=/home/tristan/Documents/autonomous_car_ece/car_control_wave/ros2_ws/build/control_foxglove/prefix_override:/usr/lib/python3/dist-packages/colcon_core/task/python/colcon_distutils_commands:/home/tristan/Documents/autonomous_car_ece/car_control_wave/ros2_ws/install/control_foxglove/lib/python3.10/site-packages:${PYTHONPATH} /usr/bin/python3 -W ignore:setup.py install is deprecated -W ignore:easy_install command is deprecated setup.py egg_info --egg-base ../../build/control_foxglove build --build-base /home/tristan/Documents/autonomous_car_ece/car_control_wave/ros2_ws/build/control_foxglove/build install --record /home/tristan/Documents/autonomous_car_ece/car_control_wave/ros2_ws/build/control_foxglove/install.log --single-version-externally-managed install_data
[4.165s] Level 1:colcon.colcon_core.environment:checking '/home/tristan/Documents/autonomous_car_ece/car_control_wave/ros2_ws/install/control_foxglove' for CMake config files
[4.165s] Level 1:colcon.colcon_core.environment:checking '/home/tristan/Documents/autonomous_car_ece/car_control_wave/ros2_ws/install/control_foxglove/lib'
[4.166s] Level 1:colcon.colcon_core.environment:checking '/home/tristan/Documents/autonomous_car_ece/car_control_wave/ros2_ws/install/control_foxglove/bin'
[4.166s] Level 1:colcon.colcon_core.environment:checking '/home/tristan/Documents/autonomous_car_ece/car_control_wave/ros2_ws/install/control_foxglove/lib/pkgconfig/control_foxglove.pc'
[4.166s] Level 1:colcon.colcon_core.environment:checking '/home/tristan/Documents/autonomous_car_ece/car_control_wave/ros2_ws/install/control_foxglove/lib/python3.10/site-packages'
[4.166s] Level 1:colcon.colcon_core.shell:create_environment_hook('control_foxglove', 'pythonpath')
[4.166s] INFO:colcon.colcon_core.shell:Creating environment hook '/home/tristan/Documents/autonomous_car_ece/car_control_wave/ros2_ws/install/control_foxglove/share/control_foxglove/hook/pythonpath.ps1'
[4.167s] INFO:colcon.colcon_core.shell:Creating environment descriptor '/home/tristan/Documents/autonomous_car_ece/car_control_wave/ros2_ws/install/control_foxglove/share/control_foxglove/hook/pythonpath.dsv'
[4.167s] INFO:colcon.colcon_core.shell:Creating environment hook '/home/tristan/Documents/autonomous_car_ece/car_control_wave/ros2_ws/install/control_foxglove/share/control_foxglove/hook/pythonpath.sh'
[4.167s] Level 1:colcon.colcon_core.environment:checking '/home/tristan/Documents/autonomous_car_ece/car_control_wave/ros2_ws/install/control_foxglove/bin'
[4.168s] Level 1:colcon.colcon_core.environment:create_environment_scripts_only(control_foxglove)
[4.168s] INFO:colcon.colcon_core.shell:Creating package script '/home/tristan/Documents/autonomous_car_ece/car_control_wave/ros2_ws/install/control_foxglove/share/control_foxglove/package.ps1'
[4.168s] INFO:colcon.colcon_core.shell:Creating package descriptor '/home/tristan/Documents/autonomous_car_ece/car_control_wave/ros2_ws/install/control_foxglove/share/control_foxglove/package.dsv'
[4.169s] INFO:colcon.colcon_core.shell:Creating package script '/home/tristan/Documents/autonomous_car_ece/car_control_wave/ros2_ws/install/control_foxglove/share/control_foxglove/package.sh'
[4.169s] INFO:colcon.colcon_core.shell:Creating package script '/home/tristan/Documents/autonomous_car_ece/car_control_wave/ros2_ws/install/control_foxglove/share/control_foxglove/package.bash'
[4.169s] INFO:colcon.colcon_core.shell:Creating package script '/home/tristan/Documents/autonomous_car_ece/car_control_wave/ros2_ws/install/control_foxglove/share/control_foxglove/package.zsh'
[4.170s] Level 1:colcon.colcon_core.environment:create_file_with_runtime_dependencies(/home/tristan/Documents/autonomous_car_ece/car_control_wave/ros2_ws/install/control_foxglove/share/colcon-core/packages/control_foxglove)
[4.323s] Level 1:colcon.colcon_core.environment:checking '/home/tristan/Documents/autonomous_car_ece/car_control_wave/ros2_ws/install/my_rover_slam' for CMake module files
[4.323s] DEBUG:colcon.colcon_core.event_handler.log_command:Invoked command in '/home/tristan/Documents/autonomous_car_ece/car_control_wave/ros2_ws/src/rover_slam_ws' returned '0': PYTHONPATH=/home/tristan/Documents/autonomous_car_ece/car_control_wave/ros2_ws/build/my_rover_slam/prefix_override:/usr/lib/python3/dist-packages/colcon_core/task/python/colcon_distutils_commands:/home/tristan/Documents/autonomous_car_ece/car_control_wave/ros2_ws/install/my_rover_slam/lib/python3.10/site-packages:${PYTHONPATH} /usr/bin/python3 -W ignore:setup.py install is deprecated -W ignore:easy_install command is deprecated setup.py egg_info --egg-base ../../build/my_rover_slam build --build-base /home/tristan/Documents/autonomous_car_ece/car_control_wave/ros2_ws/build/my_rover_slam/build install --record /home/tristan/Documents/autonomous_car_ece/car_control_wave/ros2_ws/build/my_rover_slam/install.log --single-version-externally-managed install_data
[4.324s] Level 1:colcon.colcon_core.environment:checking '/home/tristan/Documents/autonomous_car_ece/car_control_wave/ros2_ws/install/my_rover_slam' for CMake config files
[4.324s] Level 1:colcon.colcon_core.environment:checking '/home/tristan/Documents/autonomous_car_ece/car_control_wave/ros2_ws/install/my_rover_slam/lib'
[4.324s] Level 1:colcon.colcon_core.environment:checking '/home/tristan/Documents/autonomous_car_ece/car_control_wave/ros2_ws/install/my_rover_slam/bin'
[4.324s] Level 1:colcon.colcon_core.environment:checking '/home/tristan/Documents/autonomous_car_ece/car_control_wave/ros2_ws/install/my_rover_slam/lib/pkgconfig/my_rover_slam.pc'
[4.324s] Level 1:colcon.colcon_core.environment:checking '/home/tristan/Documents/autonomous_car_ece/car_control_wave/ros2_ws/install/my_rover_slam/lib/python3.10/site-packages'
[4.324s] Level 1:colcon.colcon_core.shell:create_environment_hook('my_rover_slam', 'pythonpath')
[4.325s] INFO:colcon.colcon_core.shell:Creating environment hook '/home/tristan/Documents/autonomous_car_ece/car_control_wave/ros2_ws/install/my_rover_slam/share/my_rover_slam/hook/pythonpath.ps1'
[4.326s] INFO:colcon.colcon_core.shell:Creating environment descriptor '/home/tristan/Documents/autonomous_car_ece/car_control_wave/ros2_ws/install/my_rover_slam/share/my_rover_slam/hook/pythonpath.dsv'
[4.326s] INFO:colcon.colcon_core.shell:Creating environment hook '/home/tristan/Documents/autonomous_car_ece/car_control_wave/ros2_ws/install/my_rover_slam/share/my_rover_slam/hook/pythonpath.sh'
[4.326s] Level 1:colcon.colcon_core.environment:checking '/home/tristan/Documents/autonomous_car_ece/car_control_wave/ros2_ws/install/my_rover_slam/bin'
[4.326s] Level 1:colcon.colcon_core.environment:create_environment_scripts_only(my_rover_slam)
[4.327s] INFO:colcon.colcon_core.shell:Creating package script '/home/tristan/Documents/autonomous_car_ece/car_control_wave/ros2_ws/install/my_rover_slam/share/my_rover_slam/package.ps1'
[4.327s] INFO:colcon.colcon_core.shell:Creating package descriptor '/home/tristan/Documents/autonomous_car_ece/car_control_wave/ros2_ws/install/my_rover_slam/share/my_rover_slam/package.dsv'
[4.327s] INFO:colcon.colcon_core.shell:Creating package script '/home/tristan/Documents/autonomous_car_ece/car_control_wave/ros2_ws/install/my_rover_slam/share/my_rover_slam/package.sh'
[4.328s] INFO:colcon.colcon_core.shell:Creating package script '/home/tristan/Documents/autonomous_car_ece/car_control_wave/ros2_ws/install/my_rover_slam/share/my_rover_slam/package.bash'
[4.328s] INFO:colcon.colcon_core.shell:Creating package script '/home/tristan/Documents/autonomous_car_ece/car_control_wave/ros2_ws/install/my_rover_slam/share/my_rover_slam/package.zsh'
[4.328s] Level 1:colcon.colcon_core.environment:create_file_with_runtime_dependencies(/home/tristan/Documents/autonomous_car_ece/car_control_wave/ros2_ws/install/my_rover_slam/share/colcon-core/packages/my_rover_slam)
[4.328s] DEBUG:colcon.colcon_parallel_executor.executor.parallel:closing loop
[4.328s] DEBUG:colcon.colcon_parallel_executor.executor.parallel:loop closed
[4.328s] DEBUG:colcon.colcon_parallel_executor.executor.parallel:run_until_complete finished with '0'
[4.329s] DEBUG:colcon.colcon_core.event_reactor:joining thread
[4.340s] INFO:colcon.colcon_core.plugin_system:Skipping extension 'colcon_notification.desktop_notification.terminal_notifier': Not used on non-Darwin systems
[4.341s] INFO:colcon.colcon_core.plugin_system:Skipping extension 'colcon_notification.desktop_notification.win32': Not used on non-Windows systems
[4.341s] INFO:colcon.colcon_notification.desktop_notification:Sending desktop notification using 'notify2'
[4.369s] DEBUG:colcon.colcon_core.event_reactor:joined thread
[4.369s] INFO:colcon.colcon_core.shell:Creating prefix script '/home/tristan/Documents/autonomous_car_ece/car_control_wave/ros2_ws/install/local_setup.ps1'
[4.370s] INFO:colcon.colcon_core.shell:Creating prefix util module '/home/tristan/Documents/autonomous_car_ece/car_control_wave/ros2_ws/install/_local_setup_util_ps1.py'
[4.371s] INFO:colcon.colcon_core.shell:Creating prefix chain script '/home/tristan/Documents/autonomous_car_ece/car_control_wave/ros2_ws/install/setup.ps1'
[4.373s] INFO:colcon.colcon_core.shell:Creating prefix script '/home/tristan/Documents/autonomous_car_ece/car_control_wave/ros2_ws/install/local_setup.sh'
[4.373s] INFO:colcon.colcon_core.shell:Creating prefix util module '/home/tristan/Documents/autonomous_car_ece/car_control_wave/ros2_ws/install/_local_setup_util_sh.py'
[4.373s] INFO:colcon.colcon_core.shell:Creating prefix chain script '/home/tristan/Documents/autonomous_car_ece/car_control_wave/ros2_ws/install/setup.sh'
[4.375s] INFO:colcon.colcon_core.shell:Creating prefix script '/home/tristan/Documents/autonomous_car_ece/car_control_wave/ros2_ws/install/local_setup.bash'
[4.375s] INFO:colcon.colcon_core.shell:Creating prefix chain script '/home/tristan/Documents/autonomous_car_ece/car_control_wave/ros2_ws/install/setup.bash'
[4.376s] INFO:colcon.colcon_core.shell:Creating prefix script '/home/tristan/Documents/autonomous_car_ece/car_control_wave/ros2_ws/install/local_setup.zsh'
[4.377s] INFO:colcon.colcon_core.shell:Creating prefix chain script '/home/tristan/Documents/autonomous_car_ece/car_control_wave/ros2_ws/install/setup.zsh'
