[1.617s] Invoking command in '/home/tristan/Documents/autonomous_car_ece/car_control_wave/ros2_ws/src/rover_slam_ws': PYTHONPATH=/home/tristan/Documents/autonomous_car_ece/car_control_wave/ros2_ws/build/my_rover_slam/prefix_override:/usr/lib/python3/dist-packages/colcon_core/task/python/colcon_distutils_commands:/home/tristan/Documents/autonomous_car_ece/car_control_wave/ros2_ws/install/my_rover_slam/lib/python3.10/site-packages:${PYTHONPATH} /usr/bin/python3 -W ignore:setup.py install is deprecated -W ignore:easy_install command is deprecated setup.py egg_info --egg-base ../../build/my_rover_slam build --build-base /home/tristan/Documents/autonomous_car_ece/car_control_wave/ros2_ws/build/my_rover_slam/build install --record /home/tristan/Documents/autonomous_car_ece/car_control_wave/ros2_ws/build/my_rover_slam/install.log --single-version-externally-managed install_data
[1.917s] running egg_info
[1.934s] writing ../../build/my_rover_slam/my_rover_slam.egg-info/PKG-INFO
[1.935s] writing dependency_links to ../../build/my_rover_slam/my_rover_slam.egg-info/dependency_links.txt
[1.935s] writing entry points to ../../build/my_rover_slam/my_rover_slam.egg-info/entry_points.txt
[1.935s] writing requirements to ../../build/my_rover_slam/my_rover_slam.egg-info/requires.txt
[1.935s] writing top-level names to ../../build/my_rover_slam/my_rover_slam.egg-info/top_level.txt
[3.944s] writing manifest file '../../build/my_rover_slam/my_rover_slam.egg-info/SOURCES.txt'
[3.944s] running build
[3.944s] running build_py
[3.944s] copying my_rover_slam/scan_time_fixer.py -> /home/tristan/Documents/autonomous_car_ece/car_control_wave/ros2_ws/build/my_rover_slam/build/lib/my_rover_slam
[3.944s] copying my_rover_slam/imu_odometry_node.py -> /home/tristan/Documents/autonomous_car_ece/car_control_wave/ros2_ws/build/my_rover_slam/build/lib/my_rover_slam
[3.944s] copying my_rover_slam/__init__.py -> /home/tristan/Documents/autonomous_car_ece/car_control_wave/ros2_ws/build/my_rover_slam/build/lib/my_rover_slam
[3.945s] running install
[3.950s] running install_lib
[3.965s] copying /home/tristan/Documents/autonomous_car_ece/car_control_wave/ros2_ws/build/my_rover_slam/build/lib/my_rover_slam/imu_odometry_node.py -> /home/tristan/Documents/autonomous_car_ece/car_control_wave/ros2_ws/install/my_rover_slam/lib/python3.10/site-packages/my_rover_slam
[3.965s] byte-compiling /home/tristan/Documents/autonomous_car_ece/car_control_wave/ros2_ws/install/my_rover_slam/lib/python3.10/site-packages/my_rover_slam/imu_odometry_node.py to imu_odometry_node.cpython-310.pyc
[3.967s] running install_data
[3.967s] copying resource/my_rover_slam -> /home/tristan/Documents/autonomous_car_ece/car_control_wave/ros2_ws/install/my_rover_slam/share/ament_index/resource_index/packages
[3.967s] copying package.xml -> /home/tristan/Documents/autonomous_car_ece/car_control_wave/ros2_ws/install/my_rover_slam/share/my_rover_slam
[3.967s] copying launch/start_slam.launch.py -> /home/tristan/Documents/autonomous_car_ece/car_control_wave/ros2_ws/install/my_rover_slam/share/my_rover_slam/launch
[3.967s] running install_egg_info
[3.981s] removing '/home/tristan/Documents/autonomous_car_ece/car_control_wave/ros2_ws/install/my_rover_slam/lib/python3.10/site-packages/my_rover_slam-0.0.0-py3.10.egg-info' (and everything under it)
[3.982s] Copying ../../build/my_rover_slam/my_rover_slam.egg-info to /home/tristan/Documents/autonomous_car_ece/car_control_wave/ros2_ws/install/my_rover_slam/lib/python3.10/site-packages/my_rover_slam-0.0.0-py3.10.egg-info
[3.983s] running install_scripts
[4.153s] Installing imu_odometry_node script to /home/tristan/Documents/autonomous_car_ece/car_control_wave/ros2_ws/install/my_rover_slam/lib/my_rover_slam
[4.153s] Installing scan_time_fixer script to /home/tristan/Documents/autonomous_car_ece/car_control_wave/ros2_ws/install/my_rover_slam/lib/my_rover_slam
[4.153s] writing list of installed files to '/home/tristan/Documents/autonomous_car_ece/car_control_wave/ros2_ws/build/my_rover_slam/install.log'
[4.186s] Invoked command in '/home/tristan/Documents/autonomous_car_ece/car_control_wave/ros2_ws/src/rover_slam_ws' returned '0': PYTHONPATH=/home/tristan/Documents/autonomous_car_ece/car_control_wave/ros2_ws/build/my_rover_slam/prefix_override:/usr/lib/python3/dist-packages/colcon_core/task/python/colcon_distutils_commands:/home/tristan/Documents/autonomous_car_ece/car_control_wave/ros2_ws/install/my_rover_slam/lib/python3.10/site-packages:${PYTHONPATH} /usr/bin/python3 -W ignore:setup.py install is deprecated -W ignore:easy_install command is deprecated setup.py egg_info --egg-base ../../build/my_rover_slam build --build-base /home/tristan/Documents/autonomous_car_ece/car_control_wave/ros2_ws/build/my_rover_slam/build install --record /home/tristan/Documents/autonomous_car_ece/car_control_wave/ros2_ws/build/my_rover_slam/install.log --single-version-externally-managed install_data
