[0.967s] Invoking command in '/home/tristan/Documents/autonomous_car_ece/car_control_wave/ros2_ws/src/rover_slam_ws': PYTHONPATH=/home/tristan/Documents/autonomous_car_ece/car_control_wave/ros2_ws/build/my_rover_slam/prefix_override:/usr/lib/python3/dist-packages/colcon_core/task/python/colcon_distutils_commands:/home/tristan/Documents/autonomous_car_ece/car_control_wave/ros2_ws/install/my_rover_slam/lib/python3.10/site-packages:${PYTHONPATH} /usr/bin/python3 -W ignore:setup.py install is deprecated -W ignore:easy_install command is deprecated setup.py egg_info --egg-base ../../build/my_rover_slam build --build-base /home/tristan/Documents/autonomous_car_ece/car_control_wave/ros2_ws/build/my_rover_slam/build install --record /home/tristan/Documents/autonomous_car_ece/car_control_wave/ros2_ws/build/my_rover_slam/install.log --single-version-externally-managed install_data
[1.151s] running egg_info
[1.165s] writing ../../build/my_rover_slam/my_rover_slam.egg-info/PKG-INFO
[1.165s] writing dependency_links to ../../build/my_rover_slam/my_rover_slam.egg-info/dependency_links.txt
[1.165s] writing entry points to ../../build/my_rover_slam/my_rover_slam.egg-info/entry_points.txt
[1.165s] writing requirements to ../../build/my_rover_slam/my_rover_slam.egg-info/requires.txt
[1.165s] writing top-level names to ../../build/my_rover_slam/my_rover_slam.egg-info/top_level.txt
[2.603s] writing manifest file '../../build/my_rover_slam/my_rover_slam.egg-info/SOURCES.txt'
[2.603s] running build
[2.604s] running build_py
[2.604s] copying my_rover_slam/scan_time_fixer.py -> /home/tristan/Documents/autonomous_car_ece/car_control_wave/ros2_ws/build/my_rover_slam/build/lib/my_rover_slam
[2.605s] copying my_rover_slam/__init__.py -> /home/tristan/Documents/autonomous_car_ece/car_control_wave/ros2_ws/build/my_rover_slam/build/lib/my_rover_slam
[2.606s] running install
[2.610s] running install_lib
[2.626s] running install_data
[2.626s] copying resource/my_rover_slam -> /home/tristan/Documents/autonomous_car_ece/car_control_wave/ros2_ws/install/my_rover_slam/share/ament_index/resource_index/packages
[2.626s] copying package.xml -> /home/tristan/Documents/autonomous_car_ece/car_control_wave/ros2_ws/install/my_rover_slam/share/my_rover_slam
[2.626s] copying launch/start_slam.launch.py -> /home/tristan/Documents/autonomous_car_ece/car_control_wave/ros2_ws/install/my_rover_slam/share/my_rover_slam/launch
[2.627s] copying config/mapper_params_online_async.yaml -> /home/tristan/Documents/autonomous_car_ece/car_control_wave/ros2_ws/install/my_rover_slam/share/my_rover_slam/config
[2.627s] running install_egg_info
[2.640s] removing '/home/tristan/Documents/autonomous_car_ece/car_control_wave/ros2_ws/install/my_rover_slam/lib/python3.10/site-packages/my_rover_slam-0.0.0-py3.10.egg-info' (and everything under it)
[2.640s] Copying ../../build/my_rover_slam/my_rover_slam.egg-info to /home/tristan/Documents/autonomous_car_ece/car_control_wave/ros2_ws/install/my_rover_slam/lib/python3.10/site-packages/my_rover_slam-0.0.0-py3.10.egg-info
[2.641s] running install_scripts
[2.759s] Installing scan_time_fixer script to /home/tristan/Documents/autonomous_car_ece/car_control_wave/ros2_ws/install/my_rover_slam/lib/my_rover_slam
[2.759s] writing list of installed files to '/home/tristan/Documents/autonomous_car_ece/car_control_wave/ros2_ws/build/my_rover_slam/install.log'
[2.779s] Invoked command in '/home/tristan/Documents/autonomous_car_ece/car_control_wave/ros2_ws/src/rover_slam_ws' returned '0': PYTHONPATH=/home/tristan/Documents/autonomous_car_ece/car_control_wave/ros2_ws/build/my_rover_slam/prefix_override:/usr/lib/python3/dist-packages/colcon_core/task/python/colcon_distutils_commands:/home/tristan/Documents/autonomous_car_ece/car_control_wave/ros2_ws/install/my_rover_slam/lib/python3.10/site-packages:${PYTHONPATH} /usr/bin/python3 -W ignore:setup.py install is deprecated -W ignore:easy_install command is deprecated setup.py egg_info --egg-base ../../build/my_rover_slam build --build-base /home/tristan/Documents/autonomous_car_ece/car_control_wave/ros2_ws/build/my_rover_slam/build install --record /home/tristan/Documents/autonomous_car_ece/car_control_wave/ros2_ws/build/my_rover_slam/install.log --single-version-externally-managed install_data
