[0.115s] DEBUG:colcon:Command line arguments: ['/usr/bin/colcon', 'build']
[0.115s] DEBUG:colcon:Parsed command line arguments: Namespace(log_base=None, log_level=None, verb_name='build', build_base='build', install_base='install', merge_install=False, symlink_install=False, test_result_base=None, continue_on_error=False, executor='parallel', parallel_workers=24, event_handlers=None, ignore_user_meta=False, metas=['./colcon.meta'], base_paths=['.'], packages_ignore=None, packages_ignore_regex=None, paths=None, packages_up_to=None, packages_up_to_regex=None, packages_above=None, packages_above_and_dependencies=None, packages_above_depth=None, packages_select_by_dep=None, packages_skip_by_dep=None, packages_skip_up_to=None, packages_select_build_failed=False, packages_skip_build_finished=False, packages_select_test_failures=False, packages_skip_test_passed=False, packages_select=None, packages_skip=None, packages_select_regex=None, packages_skip_regex=None, packages_start=None, packages_end=None, allow_overriding=[], cmake_args=None, cmake_target=None, cmake_target_skip_unavailable=False, cmake_clean_cache=False, cmake_clean_first=False, cmake_force_configure=False, ament_cmake_args=None, catkin_cmake_args=None, catkin_skip_building_tests=False, mixin_files=None, mixin=None, verb_parser=<colcon_mixin.mixin.mixin_argument.MixinArgumentDecorator object at 0x7ec109ded450>, verb_extension=<colcon_core.verb.build.BuildVerb object at 0x7ec109eda410>, main=<bound method BuildVerb.main of <colcon_core.verb.build.BuildVerb object at 0x7ec109eda410>>, mixin_verb=('build',))
[0.154s] Level 1:colcon.colcon_core.package_discovery:discover_packages(colcon_meta) check parameters
[0.154s] Level 1:colcon.colcon_core.package_discovery:discover_packages(recursive) check parameters
[0.154s] Level 1:colcon.colcon_core.package_discovery:discover_packages(ignore) check parameters
[0.154s] Level 1:colcon.colcon_core.package_discovery:discover_packages(path) check parameters
[0.154s] Level 1:colcon.colcon_core.package_discovery:discover_packages(colcon_meta) discover
[0.154s] Level 1:colcon.colcon_core.package_discovery:discover_packages(recursive) discover
[0.154s] INFO:colcon.colcon_core.package_discovery:Crawling recursively for packages in '/home/tristan/Documents/autonomous_car_ece/car_control_wave/ros2_ws'
[0.154s] Level 1:colcon.colcon_core.package_identification:_identify(.) by extensions ['ignore', 'ignore_ament_install']
[0.155s] Level 1:colcon.colcon_core.package_identification:_identify(.) by extension 'ignore'
[0.155s] Level 1:colcon.colcon_core.package_identification:_identify(.) by extension 'ignore_ament_install'
[0.155s] Level 1:colcon.colcon_core.package_identification:_identify(.) by extensions ['colcon_pkg']
[0.155s] Level 1:colcon.colcon_core.package_identification:_identify(.) by extension 'colcon_pkg'
[0.155s] Level 1:colcon.colcon_core.package_identification:_identify(.) by extensions ['colcon_meta']
[0.155s] Level 1:colcon.colcon_core.package_identification:_identify(.) by extension 'colcon_meta'
[0.155s] Level 1:colcon.colcon_core.package_identification:_identify(.) by extensions ['ros']
[0.155s] Level 1:colcon.colcon_core.package_identification:_identify(.) by extension 'ros'
[0.179s] Level 1:colcon.colcon_core.package_identification:_identify(.) by extensions ['cmake', 'python']
[0.179s] Level 1:colcon.colcon_core.package_identification:_identify(.) by extension 'cmake'
[0.179s] Level 1:colcon.colcon_core.package_identification:_identify(.) by extension 'python'
[0.179s] Level 1:colcon.colcon_core.package_identification:_identify(.) by extensions ['python_setup_py']
[0.179s] Level 1:colcon.colcon_core.package_identification:_identify(.) by extension 'python_setup_py'
[0.180s] Level 1:colcon.colcon_core.package_identification:_identify(build) by extensions ['ignore', 'ignore_ament_install']
[0.180s] Level 1:colcon.colcon_core.package_identification:_identify(build) by extension 'ignore'
[0.180s] Level 1:colcon.colcon_core.package_identification:_identify(build) ignored
[0.180s] Level 1:colcon.colcon_core.package_identification:_identify(install) by extensions ['ignore', 'ignore_ament_install']
[0.180s] Level 1:colcon.colcon_core.package_identification:_identify(install) by extension 'ignore'
[0.180s] Level 1:colcon.colcon_core.package_identification:_identify(install) ignored
[0.180s] Level 1:colcon.colcon_core.package_identification:_identify(log) by extensions ['ignore', 'ignore_ament_install']
[0.180s] Level 1:colcon.colcon_core.package_identification:_identify(log) by extension 'ignore'
[0.180s] Level 1:colcon.colcon_core.package_identification:_identify(log) ignored
[0.180s] Level 1:colcon.colcon_core.package_identification:_identify(src) by extensions ['ignore', 'ignore_ament_install']
[0.180s] Level 1:colcon.colcon_core.package_identification:_identify(src) by extension 'ignore'
[0.180s] Level 1:colcon.colcon_core.package_identification:_identify(src) by extension 'ignore_ament_install'
[0.180s] Level 1:colcon.colcon_core.package_identification:_identify(src) by extensions ['colcon_pkg']
[0.180s] Level 1:colcon.colcon_core.package_identification:_identify(src) by extension 'colcon_pkg'
[0.180s] Level 1:colcon.colcon_core.package_identification:_identify(src) by extensions ['colcon_meta']
[0.180s] Level 1:colcon.colcon_core.package_identification:_identify(src) by extension 'colcon_meta'
[0.180s] Level 1:colcon.colcon_core.package_identification:_identify(src) by extensions ['ros']
[0.180s] Level 1:colcon.colcon_core.package_identification:_identify(src) by extension 'ros'
[0.180s] Level 1:colcon.colcon_core.package_identification:_identify(src) by extensions ['cmake', 'python']
[0.180s] Level 1:colcon.colcon_core.package_identification:_identify(src) by extension 'cmake'
[0.181s] Level 1:colcon.colcon_core.package_identification:_identify(src) by extension 'python'
[0.181s] Level 1:colcon.colcon_core.package_identification:_identify(src) by extensions ['python_setup_py']
[0.181s] Level 1:colcon.colcon_core.package_identification:_identify(src) by extension 'python_setup_py'
[0.181s] Level 1:colcon.colcon_core.package_identification:_identify(src/control_foxglove) by extensions ['ignore', 'ignore_ament_install']
[0.181s] Level 1:colcon.colcon_core.package_identification:_identify(src/control_foxglove) by extension 'ignore'
[0.181s] Level 1:colcon.colcon_core.package_identification:_identify(src/control_foxglove) by extension 'ignore_ament_install'
[0.181s] Level 1:colcon.colcon_core.package_identification:_identify(src/control_foxglove) by extensions ['colcon_pkg']
[0.181s] Level 1:colcon.colcon_core.package_identification:_identify(src/control_foxglove) by extension 'colcon_pkg'
[0.181s] Level 1:colcon.colcon_core.package_identification:_identify(src/control_foxglove) by extensions ['colcon_meta']
[0.181s] Level 1:colcon.colcon_core.package_identification:_identify(src/control_foxglove) by extension 'colcon_meta'
[0.181s] Level 1:colcon.colcon_core.package_identification:_identify(src/control_foxglove) by extensions ['ros']
[0.181s] Level 1:colcon.colcon_core.package_identification:_identify(src/control_foxglove) by extension 'ros'
[0.183s] DEBUG:colcon.colcon_core.package_identification:Package 'src/control_foxglove' with type 'ros.ament_python' and name 'control_foxglove'
[0.183s] Level 1:colcon.colcon_core.package_identification:_identify(src/my_robot_description) by extensions ['ignore', 'ignore_ament_install']
[0.183s] Level 1:colcon.colcon_core.package_identification:_identify(src/my_robot_description) by extension 'ignore'
[0.183s] Level 1:colcon.colcon_core.package_identification:_identify(src/my_robot_description) by extension 'ignore_ament_install'
[0.183s] Level 1:colcon.colcon_core.package_identification:_identify(src/my_robot_description) by extensions ['colcon_pkg']
[0.183s] Level 1:colcon.colcon_core.package_identification:_identify(src/my_robot_description) by extension 'colcon_pkg'
[0.183s] Level 1:colcon.colcon_core.package_identification:_identify(src/my_robot_description) by extensions ['colcon_meta']
[0.183s] Level 1:colcon.colcon_core.package_identification:_identify(src/my_robot_description) by extension 'colcon_meta'
[0.183s] Level 1:colcon.colcon_core.package_identification:_identify(src/my_robot_description) by extensions ['ros']
[0.183s] Level 1:colcon.colcon_core.package_identification:_identify(src/my_robot_description) by extension 'ros'
[0.184s] DEBUG:colcon.colcon_core.package_identification:Package 'src/my_robot_description' with type 'ros.ament_cmake' and name 'my_robot_description'
[0.184s] Level 1:colcon.colcon_core.package_identification:_identify(src/naive_trajectory) by extensions ['ignore', 'ignore_ament_install']
[0.184s] Level 1:colcon.colcon_core.package_identification:_identify(src/naive_trajectory) by extension 'ignore'
[0.184s] Level 1:colcon.colcon_core.package_identification:_identify(src/naive_trajectory) by extension 'ignore_ament_install'
[0.184s] Level 1:colcon.colcon_core.package_identification:_identify(src/naive_trajectory) by extensions ['colcon_pkg']
[0.184s] Level 1:colcon.colcon_core.package_identification:_identify(src/naive_trajectory) by extension 'colcon_pkg'
[0.184s] Level 1:colcon.colcon_core.package_identification:_identify(src/naive_trajectory) by extensions ['colcon_meta']
[0.184s] Level 1:colcon.colcon_core.package_identification:_identify(src/naive_trajectory) by extension 'colcon_meta'
[0.184s] Level 1:colcon.colcon_core.package_identification:_identify(src/naive_trajectory) by extensions ['ros']
[0.184s] Level 1:colcon.colcon_core.package_identification:_identify(src/naive_trajectory) by extension 'ros'
[0.185s] DEBUG:colcon.colcon_core.package_identification:Package 'src/naive_trajectory' with type 'ros.ament_python' and name 'naive_trajectory'
[0.185s] Level 1:colcon.colcon_core.package_identification:_identify(src/rf2o_laser_odometry) by extensions ['ignore', 'ignore_ament_install']
[0.185s] Level 1:colcon.colcon_core.package_identification:_identify(src/rf2o_laser_odometry) by extension 'ignore'
[0.185s] Level 1:colcon.colcon_core.package_identification:_identify(src/rf2o_laser_odometry) by extension 'ignore_ament_install'
[0.185s] Level 1:colcon.colcon_core.package_identification:_identify(src/rf2o_laser_odometry) by extensions ['colcon_pkg']
[0.185s] Level 1:colcon.colcon_core.package_identification:_identify(src/rf2o_laser_odometry) by extension 'colcon_pkg'
[0.185s] Level 1:colcon.colcon_core.package_identification:_identify(src/rf2o_laser_odometry) by extensions ['colcon_meta']
[0.185s] Level 1:colcon.colcon_core.package_identification:_identify(src/rf2o_laser_odometry) by extension 'colcon_meta'
[0.185s] Level 1:colcon.colcon_core.package_identification:_identify(src/rf2o_laser_odometry) by extensions ['ros']
[0.185s] Level 1:colcon.colcon_core.package_identification:_identify(src/rf2o_laser_odometry) by extension 'ros'
[0.186s] DEBUG:colcon.colcon_core.package_identification:Package 'src/rf2o_laser_odometry' with type 'ros.ament_cmake' and name 'rf2o_laser_odometry'
[0.186s] Level 1:colcon.colcon_core.package_identification:_identify(src/ros_launch) by extensions ['ignore', 'ignore_ament_install']
[0.186s] Level 1:colcon.colcon_core.package_identification:_identify(src/ros_launch) by extension 'ignore'
[0.186s] Level 1:colcon.colcon_core.package_identification:_identify(src/ros_launch) by extension 'ignore_ament_install'
[0.186s] Level 1:colcon.colcon_core.package_identification:_identify(src/ros_launch) by extensions ['colcon_pkg']
[0.186s] Level 1:colcon.colcon_core.package_identification:_identify(src/ros_launch) by extension 'colcon_pkg'
[0.186s] Level 1:colcon.colcon_core.package_identification:_identify(src/ros_launch) by extensions ['colcon_meta']
[0.186s] Level 1:colcon.colcon_core.package_identification:_identify(src/ros_launch) by extension 'colcon_meta'
[0.187s] Level 1:colcon.colcon_core.package_identification:_identify(src/ros_launch) by extensions ['ros']
[0.187s] Level 1:colcon.colcon_core.package_identification:_identify(src/ros_launch) by extension 'ros'
[0.187s] DEBUG:colcon.colcon_core.package_identification:Package 'src/ros_launch' with type 'ros.ament_python' and name 'ros_launch'
[0.187s] Level 1:colcon.colcon_core.package_identification:_identify(src/rover_slam_ws) by extensions ['ignore', 'ignore_ament_install']
[0.187s] Level 1:colcon.colcon_core.package_identification:_identify(src/rover_slam_ws) by extension 'ignore'
[0.187s] Level 1:colcon.colcon_core.package_identification:_identify(src/rover_slam_ws) by extension 'ignore_ament_install'
[0.187s] Level 1:colcon.colcon_core.package_identification:_identify(src/rover_slam_ws) by extensions ['colcon_pkg']
[0.187s] Level 1:colcon.colcon_core.package_identification:_identify(src/rover_slam_ws) by extension 'colcon_pkg'
[0.187s] Level 1:colcon.colcon_core.package_identification:_identify(src/rover_slam_ws) by extensions ['colcon_meta']
[0.187s] Level 1:colcon.colcon_core.package_identification:_identify(src/rover_slam_ws) by extension 'colcon_meta'
[0.187s] Level 1:colcon.colcon_core.package_identification:_identify(src/rover_slam_ws) by extensions ['ros']
[0.187s] Level 1:colcon.colcon_core.package_identification:_identify(src/rover_slam_ws) by extension 'ros'
[0.188s] DEBUG:colcon.colcon_core.package_identification:Package 'src/rover_slam_ws' with type 'ros.ament_python' and name 'my_rover_slam'
[0.188s] Level 1:colcon.colcon_core.package_discovery:discover_packages(recursive) using defaults
[0.188s] Level 1:colcon.colcon_core.package_discovery:discover_packages(ignore) discover
[0.188s] Level 1:colcon.colcon_core.package_discovery:discover_packages(ignore) using defaults
[0.188s] Level 1:colcon.colcon_core.package_discovery:discover_packages(path) discover
[0.188s] Level 1:colcon.colcon_core.package_discovery:discover_packages(path) using defaults
[0.209s] Level 1:colcon.colcon_core.package_discovery:discover_packages(prefix_path) check parameters
[0.209s] Level 1:colcon.colcon_core.package_discovery:discover_packages(prefix_path) discover
[0.211s] DEBUG:colcon.colcon_installed_package_information.package_discovery:Found 6 installed packages in /home/tristan/Documents/autonomous_car_ece/car_control_wave/ros2_ws/install
[0.212s] DEBUG:colcon.colcon_installed_package_information.package_discovery:Found 4 installed packages in /home/tristan/microros_ws/install
[0.212s] DEBUG:colcon.colcon_installed_package_information.package_discovery:Found 23 installed packages in /home/tristan/ros2_ws/install
[0.213s] DEBUG:colcon.colcon_installed_package_information.package_discovery:Found 3 installed packages in /home/tristan/zed_ws/install
[0.214s] DEBUG:colcon.colcon_installed_package_information.package_discovery:Found 485 installed packages in /opt/ros/humble
[0.216s] Level 1:colcon.colcon_core.package_discovery:discover_packages(prefix_path) using defaults
[0.273s] Level 5:colcon.colcon_core.verb:set package 'control_foxglove' build argument 'cmake_args' from command line to 'None'
[0.273s] Level 5:colcon.colcon_core.verb:set package 'control_foxglove' build argument 'cmake_target' from command line to 'None'
[0.273s] Level 5:colcon.colcon_core.verb:set package 'control_foxglove' build argument 'cmake_target_skip_unavailable' from command line to 'False'
[0.273s] Level 5:colcon.colcon_core.verb:set package 'control_foxglove' build argument 'cmake_clean_cache' from command line to 'False'
[0.273s] Level 5:colcon.colcon_core.verb:set package 'control_foxglove' build argument 'cmake_clean_first' from command line to 'False'
[0.273s] Level 5:colcon.colcon_core.verb:set package 'control_foxglove' build argument 'cmake_force_configure' from command line to 'False'
[0.273s] Level 5:colcon.colcon_core.verb:set package 'control_foxglove' build argument 'ament_cmake_args' from command line to 'None'
[0.273s] Level 5:colcon.colcon_core.verb:set package 'control_foxglove' build argument 'catkin_cmake_args' from command line to 'None'
[0.273s] Level 5:colcon.colcon_core.verb:set package 'control_foxglove' build argument 'catkin_skip_building_tests' from command line to 'False'
[0.273s] DEBUG:colcon.colcon_core.verb:Building package 'control_foxglove' with the following arguments: {'ament_cmake_args': None, 'build_base': '/home/tristan/Documents/autonomous_car_ece/car_control_wave/ros2_ws/build/control_foxglove', 'catkin_cmake_args': None, 'catkin_skip_building_tests': False, 'cmake_args': None, 'cmake_clean_cache': False, 'cmake_clean_first': False, 'cmake_force_configure': False, 'cmake_target': None, 'cmake_target_skip_unavailable': False, 'install_base': '/home/tristan/Documents/autonomous_car_ece/car_control_wave/ros2_ws/install/control_foxglove', 'merge_install': False, 'path': '/home/tristan/Documents/autonomous_car_ece/car_control_wave/ros2_ws/src/control_foxglove', 'symlink_install': False, 'test_result_base': None}
[0.274s] Level 5:colcon.colcon_core.verb:set package 'my_robot_description' build argument 'cmake_args' from command line to 'None'
[0.274s] Level 5:colcon.colcon_core.verb:set package 'my_robot_description' build argument 'cmake_target' from command line to 'None'
[0.274s] Level 5:colcon.colcon_core.verb:set package 'my_robot_description' build argument 'cmake_target_skip_unavailable' from command line to 'False'
[0.274s] Level 5:colcon.colcon_core.verb:set package 'my_robot_description' build argument 'cmake_clean_cache' from command line to 'False'
[0.274s] Level 5:colcon.colcon_core.verb:set package 'my_robot_description' build argument 'cmake_clean_first' from command line to 'False'
[0.274s] Level 5:colcon.colcon_core.verb:set package 'my_robot_description' build argument 'cmake_force_configure' from command line to 'False'
[0.274s] Level 5:colcon.colcon_core.verb:set package 'my_robot_description' build argument 'ament_cmake_args' from command line to 'None'
[0.274s] Level 5:colcon.colcon_core.verb:set package 'my_robot_description' build argument 'catkin_cmake_args' from command line to 'None'
[0.274s] Level 5:colcon.colcon_core.verb:set package 'my_robot_description' build argument 'catkin_skip_building_tests' from command line to 'False'
[0.274s] DEBUG:colcon.colcon_core.verb:Building package 'my_robot_description' with the following arguments: {'ament_cmake_args': None, 'build_base': '/home/tristan/Documents/autonomous_car_ece/car_control_wave/ros2_ws/build/my_robot_description', 'catkin_cmake_args': None, 'catkin_skip_building_tests': False, 'cmake_args': None, 'cmake_clean_cache': False, 'cmake_clean_first': False, 'cmake_force_configure': False, 'cmake_target': None, 'cmake_target_skip_unavailable': False, 'install_base': '/home/tristan/Documents/autonomous_car_ece/car_control_wave/ros2_ws/install/my_robot_description', 'merge_install': False, 'path': '/home/tristan/Documents/autonomous_car_ece/car_control_wave/ros2_ws/src/my_robot_description', 'symlink_install': False, 'test_result_base': None}
[0.274s] Level 5:colcon.colcon_core.verb:set package 'my_rover_slam' build argument 'cmake_args' from command line to 'None'
[0.274s] Level 5:colcon.colcon_core.verb:set package 'my_rover_slam' build argument 'cmake_target' from command line to 'None'
[0.274s] Level 5:colcon.colcon_core.verb:set package 'my_rover_slam' build argument 'cmake_target_skip_unavailable' from command line to 'False'
[0.274s] Level 5:colcon.colcon_core.verb:set package 'my_rover_slam' build argument 'cmake_clean_cache' from command line to 'False'
[0.274s] Level 5:colcon.colcon_core.verb:set package 'my_rover_slam' build argument 'cmake_clean_first' from command line to 'False'
[0.274s] Level 5:colcon.colcon_core.verb:set package 'my_rover_slam' build argument 'cmake_force_configure' from command line to 'False'
[0.274s] Level 5:colcon.colcon_core.verb:set package 'my_rover_slam' build argument 'ament_cmake_args' from command line to 'None'
[0.274s] Level 5:colcon.colcon_core.verb:set package 'my_rover_slam' build argument 'catkin_cmake_args' from command line to 'None'
[0.274s] Level 5:colcon.colcon_core.verb:set package 'my_rover_slam' build argument 'catkin_skip_building_tests' from command line to 'False'
[0.274s] DEBUG:colcon.colcon_core.verb:Building package 'my_rover_slam' with the following arguments: {'ament_cmake_args': None, 'build_base': '/home/tristan/Documents/autonomous_car_ece/car_control_wave/ros2_ws/build/my_rover_slam', 'catkin_cmake_args': None, 'catkin_skip_building_tests': False, 'cmake_args': None, 'cmake_clean_cache': False, 'cmake_clean_first': False, 'cmake_force_configure': False, 'cmake_target': None, 'cmake_target_skip_unavailable': False, 'install_base': '/home/tristan/Documents/autonomous_car_ece/car_control_wave/ros2_ws/install/my_rover_slam', 'merge_install': False, 'path': '/home/tristan/Documents/autonomous_car_ece/car_control_wave/ros2_ws/src/rover_slam_ws', 'symlink_install': False, 'test_result_base': None}
[0.274s] Level 5:colcon.colcon_core.verb:set package 'naive_trajectory' build argument 'cmake_args' from command line to 'None'
[0.275s] Level 5:colcon.colcon_core.verb:set package 'naive_trajectory' build argument 'cmake_target' from command line to 'None'
[0.275s] Level 5:colcon.colcon_core.verb:set package 'naive_trajectory' build argument 'cmake_target_skip_unavailable' from command line to 'False'
[0.275s] Level 5:colcon.colcon_core.verb:set package 'naive_trajectory' build argument 'cmake_clean_cache' from command line to 'False'
[0.275s] Level 5:colcon.colcon_core.verb:set package 'naive_trajectory' build argument 'cmake_clean_first' from command line to 'False'
[0.275s] Level 5:colcon.colcon_core.verb:set package 'naive_trajectory' build argument 'cmake_force_configure' from command line to 'False'
[0.275s] Level 5:colcon.colcon_core.verb:set package 'naive_trajectory' build argument 'ament_cmake_args' from command line to 'None'
[0.275s] Level 5:colcon.colcon_core.verb:set package 'naive_trajectory' build argument 'catkin_cmake_args' from command line to 'None'
[0.275s] Level 5:colcon.colcon_core.verb:set package 'naive_trajectory' build argument 'catkin_skip_building_tests' from command line to 'False'
[0.275s] DEBUG:colcon.colcon_core.verb:Building package 'naive_trajectory' with the following arguments: {'ament_cmake_args': None, 'build_base': '/home/tristan/Documents/autonomous_car_ece/car_control_wave/ros2_ws/build/naive_trajectory', 'catkin_cmake_args': None, 'catkin_skip_building_tests': False, 'cmake_args': None, 'cmake_clean_cache': False, 'cmake_clean_first': False, 'cmake_force_configure': False, 'cmake_target': None, 'cmake_target_skip_unavailable': False, 'install_base': '/home/tristan/Documents/autonomous_car_ece/car_control_wave/ros2_ws/install/naive_trajectory', 'merge_install': False, 'path': '/home/tristan/Documents/autonomous_car_ece/car_control_wave/ros2_ws/src/naive_trajectory', 'symlink_install': False, 'test_result_base': None}
[0.275s] Level 5:colcon.colcon_core.verb:set package 'rf2o_laser_odometry' build argument 'cmake_args' from command line to 'None'
[0.275s] Level 5:colcon.colcon_core.verb:set package 'rf2o_laser_odometry' build argument 'cmake_target' from command line to 'None'
[0.275s] Level 5:colcon.colcon_core.verb:set package 'rf2o_laser_odometry' build argument 'cmake_target_skip_unavailable' from command line to 'False'
[0.275s] Level 5:colcon.colcon_core.verb:set package 'rf2o_laser_odometry' build argument 'cmake_clean_cache' from command line to 'False'
[0.275s] Level 5:colcon.colcon_core.verb:set package 'rf2o_laser_odometry' build argument 'cmake_clean_first' from command line to 'False'
[0.275s] Level 5:colcon.colcon_core.verb:set package 'rf2o_laser_odometry' build argument 'cmake_force_configure' from command line to 'False'
[0.275s] Level 5:colcon.colcon_core.verb:set package 'rf2o_laser_odometry' build argument 'ament_cmake_args' from command line to 'None'
[0.275s] Level 5:colcon.colcon_core.verb:set package 'rf2o_laser_odometry' build argument 'catkin_cmake_args' from command line to 'None'
[0.275s] Level 5:colcon.colcon_core.verb:set package 'rf2o_laser_odometry' build argument 'catkin_skip_building_tests' from command line to 'False'
[0.275s] DEBUG:colcon.colcon_core.verb:Building package 'rf2o_laser_odometry' with the following arguments: {'ament_cmake_args': None, 'build_base': '/home/tristan/Documents/autonomous_car_ece/car_control_wave/ros2_ws/build/rf2o_laser_odometry', 'catkin_cmake_args': None, 'catkin_skip_building_tests': False, 'cmake_args': None, 'cmake_clean_cache': False, 'cmake_clean_first': False, 'cmake_force_configure': False, 'cmake_target': None, 'cmake_target_skip_unavailable': False, 'install_base': '/home/tristan/Documents/autonomous_car_ece/car_control_wave/ros2_ws/install/rf2o_laser_odometry', 'merge_install': False, 'path': '/home/tristan/Documents/autonomous_car_ece/car_control_wave/ros2_ws/src/rf2o_laser_odometry', 'symlink_install': False, 'test_result_base': None}
[0.275s] Level 5:colcon.colcon_core.verb:set package 'ros_launch' build argument 'cmake_args' from command line to 'None'
[0.275s] Level 5:colcon.colcon_core.verb:set package 'ros_launch' build argument 'cmake_target' from command line to 'None'
[0.275s] Level 5:colcon.colcon_core.verb:set package 'ros_launch' build argument 'cmake_target_skip_unavailable' from command line to 'False'
[0.275s] Level 5:colcon.colcon_core.verb:set package 'ros_launch' build argument 'cmake_clean_cache' from command line to 'False'
[0.275s] Level 5:colcon.colcon_core.verb:set package 'ros_launch' build argument 'cmake_clean_first' from command line to 'False'
[0.275s] Level 5:colcon.colcon_core.verb:set package 'ros_launch' build argument 'cmake_force_configure' from command line to 'False'
[0.275s] Level 5:colcon.colcon_core.verb:set package 'ros_launch' build argument 'ament_cmake_args' from command line to 'None'
[0.275s] Level 5:colcon.colcon_core.verb:set package 'ros_launch' build argument 'catkin_cmake_args' from command line to 'None'
[0.275s] Level 5:colcon.colcon_core.verb:set package 'ros_launch' build argument 'catkin_skip_building_tests' from command line to 'False'
[0.275s] DEBUG:colcon.colcon_core.verb:Building package 'ros_launch' with the following arguments: {'ament_cmake_args': None, 'build_base': '/home/tristan/Documents/autonomous_car_ece/car_control_wave/ros2_ws/build/ros_launch', 'catkin_cmake_args': None, 'catkin_skip_building_tests': False, 'cmake_args': None, 'cmake_clean_cache': False, 'cmake_clean_first': False, 'cmake_force_configure': False, 'cmake_target': None, 'cmake_target_skip_unavailable': False, 'install_base': '/home/tristan/Documents/autonomous_car_ece/car_control_wave/ros2_ws/install/ros_launch', 'merge_install': False, 'path': '/home/tristan/Documents/autonomous_car_ece/car_control_wave/ros2_ws/src/ros_launch', 'symlink_install': False, 'test_result_base': None}
[0.275s] INFO:colcon.colcon_core.executor:Executing jobs using 'parallel' executor
[0.277s] DEBUG:colcon.colcon_parallel_executor.executor.parallel:run_until_complete
[0.277s] INFO:colcon.colcon_ros.task.ament_python.build:Building ROS package in '/home/tristan/Documents/autonomous_car_ece/car_control_wave/ros2_ws/src/control_foxglove' with build type 'ament_python'
[0.277s] Level 1:colcon.colcon_core.shell:create_environment_hook('control_foxglove', 'ament_prefix_path')
[0.279s] INFO:colcon.colcon_core.plugin_system:Skipping extension 'colcon_core.shell.bat': Not used on non-Windows systems
[0.279s] INFO:colcon.colcon_core.shell:Creating environment hook '/home/tristan/Documents/autonomous_car_ece/car_control_wave/ros2_ws/install/control_foxglove/share/control_foxglove/hook/ament_prefix_path.ps1'
[0.280s] INFO:colcon.colcon_core.shell:Creating environment descriptor '/home/tristan/Documents/autonomous_car_ece/car_control_wave/ros2_ws/install/control_foxglove/share/control_foxglove/hook/ament_prefix_path.dsv'
[0.280s] INFO:colcon.colcon_core.shell:Creating environment hook '/home/tristan/Documents/autonomous_car_ece/car_control_wave/ros2_ws/install/control_foxglove/share/control_foxglove/hook/ament_prefix_path.sh'
[0.281s] INFO:colcon.colcon_core.shell:Skip shell extension 'powershell' for command environment: Not usable outside of PowerShell
[0.281s] DEBUG:colcon.colcon_core.shell:Skip shell extension 'dsv' for command environment
[0.288s] INFO:colcon.colcon_ros.task.ament_cmake.build:Building ROS package in '/home/tristan/Documents/autonomous_car_ece/car_control_wave/ros2_ws/src/my_robot_description' with build type 'ament_cmake'
[0.288s] INFO:colcon.colcon_cmake.task.cmake.build:Building CMake package in '/home/tristan/Documents/autonomous_car_ece/car_control_wave/ros2_ws/src/my_robot_description'
[0.289s] INFO:colcon.colcon_core.shell:Skip shell extension 'powershell' for command environment: Not usable outside of PowerShell
[0.289s] DEBUG:colcon.colcon_core.shell:Skip shell extension 'dsv' for command environment
[0.298s] INFO:colcon.colcon_ros.task.ament_python.build:Building ROS package in '/home/tristan/Documents/autonomous_car_ece/car_control_wave/ros2_ws/src/rover_slam_ws' with build type 'ament_python'
[0.298s] Level 1:colcon.colcon_core.shell:create_environment_hook('my_rover_slam', 'ament_prefix_path')
[0.298s] INFO:colcon.colcon_core.shell:Creating environment hook '/home/tristan/Documents/autonomous_car_ece/car_control_wave/ros2_ws/install/my_rover_slam/share/my_rover_slam/hook/ament_prefix_path.ps1'
[0.299s] INFO:colcon.colcon_core.shell:Creating environment descriptor '/home/tristan/Documents/autonomous_car_ece/car_control_wave/ros2_ws/install/my_rover_slam/share/my_rover_slam/hook/ament_prefix_path.dsv'
[0.299s] INFO:colcon.colcon_core.shell:Creating environment hook '/home/tristan/Documents/autonomous_car_ece/car_control_wave/ros2_ws/install/my_rover_slam/share/my_rover_slam/hook/ament_prefix_path.sh'
[0.300s] INFO:colcon.colcon_core.shell:Skip shell extension 'powershell' for command environment: Not usable outside of PowerShell
[0.300s] DEBUG:colcon.colcon_core.shell:Skip shell extension 'dsv' for command environment
[0.307s] INFO:colcon.colcon_ros.task.ament_python.build:Building ROS package in '/home/tristan/Documents/autonomous_car_ece/car_control_wave/ros2_ws/src/naive_trajectory' with build type 'ament_python'
[0.307s] Level 1:colcon.colcon_core.shell:create_environment_hook('naive_trajectory', 'ament_prefix_path')
[0.307s] INFO:colcon.colcon_core.shell:Creating environment hook '/home/tristan/Documents/autonomous_car_ece/car_control_wave/ros2_ws/install/naive_trajectory/share/naive_trajectory/hook/ament_prefix_path.ps1'
[0.308s] INFO:colcon.colcon_core.shell:Creating environment descriptor '/home/tristan/Documents/autonomous_car_ece/car_control_wave/ros2_ws/install/naive_trajectory/share/naive_trajectory/hook/ament_prefix_path.dsv'
[0.308s] INFO:colcon.colcon_core.shell:Creating environment hook '/home/tristan/Documents/autonomous_car_ece/car_control_wave/ros2_ws/install/naive_trajectory/share/naive_trajectory/hook/ament_prefix_path.sh'
[0.309s] INFO:colcon.colcon_core.shell:Skip shell extension 'powershell' for command environment: Not usable outside of PowerShell
[0.309s] DEBUG:colcon.colcon_core.shell:Skip shell extension 'dsv' for command environment
[0.316s] INFO:colcon.colcon_ros.task.ament_cmake.build:Building ROS package in '/home/tristan/Documents/autonomous_car_ece/car_control_wave/ros2_ws/src/rf2o_laser_odometry' with build type 'ament_cmake'
[0.316s] INFO:colcon.colcon_cmake.task.cmake.build:Building CMake package in '/home/tristan/Documents/autonomous_car_ece/car_control_wave/ros2_ws/src/rf2o_laser_odometry'
[0.317s] INFO:colcon.colcon_core.shell:Skip shell extension 'powershell' for command environment: Not usable outside of PowerShell
[0.317s] DEBUG:colcon.colcon_core.shell:Skip shell extension 'dsv' for command environment
[0.323s] INFO:colcon.colcon_ros.task.ament_python.build:Building ROS package in '/home/tristan/Documents/autonomous_car_ece/car_control_wave/ros2_ws/src/ros_launch' with build type 'ament_python'
[0.323s] Level 1:colcon.colcon_core.shell:create_environment_hook('ros_launch', 'ament_prefix_path')
[0.323s] INFO:colcon.colcon_core.shell:Creating environment hook '/home/tristan/Documents/autonomous_car_ece/car_control_wave/ros2_ws/install/ros_launch/share/ros_launch/hook/ament_prefix_path.ps1'
[0.324s] INFO:colcon.colcon_core.shell:Creating environment descriptor '/home/tristan/Documents/autonomous_car_ece/car_control_wave/ros2_ws/install/ros_launch/share/ros_launch/hook/ament_prefix_path.dsv'
[0.324s] INFO:colcon.colcon_core.shell:Creating environment hook '/home/tristan/Documents/autonomous_car_ece/car_control_wave/ros2_ws/install/ros_launch/share/ros_launch/hook/ament_prefix_path.sh'
[0.324s] INFO:colcon.colcon_core.shell:Skip shell extension 'powershell' for command environment: Not usable outside of PowerShell
[0.324s] DEBUG:colcon.colcon_core.shell:Skip shell extension 'dsv' for command environment
[0.533s] INFO:colcon.colcon_core.task.python.build:Building Python package in '/home/tristan/Documents/autonomous_car_ece/car_control_wave/ros2_ws/src/control_foxglove'
[0.534s] INFO:colcon.colcon_core.shell:Skip shell extension 'powershell' for command environment: Not usable outside of PowerShell
[0.534s] DEBUG:colcon.colcon_core.shell:Skip shell extension 'dsv' for command environment
[0.541s] DEBUG:colcon.colcon_core.event_handler.log_command:Invoking command in '/home/tristan/Documents/autonomous_car_ece/car_control_wave/ros2_ws/build/my_robot_description': CMAKE_PREFIX_PATH=${CMAKE_PREFIX_PATH}:/home/tristan/Documents/autonomous_car_ece/car_control_wave/ros2_ws/install/ros_launch:/home/tristan/Documents/autonomous_car_ece/car_control_wave/ros2_ws/install/naive_trajectory:/home/tristan/Documents/autonomous_car_ece/car_control_wave/ros2_ws/install/my_rover_slam:/home/tristan/Documents/autonomous_car_ece/car_control_wave/ros2_ws/install/control_foxglove:/home/tristan/ros2_ws/install/ntrip_client:/home/tristan/ros2_ws/install/arece_stereo_python:/home/tristan/ros2_ws/install/arece_rqt:/home/tristan/ros2_ws/install/arece_trajectory_torch:/home/tristan/ros2_ws/install/arece_launcher:/home/tristan/ros2_ws/install/arece_tracks:/home/tristan/ros2_ws/install/arece_state_machine_python:/home/tristan/ros2_ws/install/arece_racecar:/home/tristan/ros2_ws/install/arece_gps:/home/tristan/ros2_ws/install/arece_compet_python:/opt/ros/humble /usr/bin/cmake --build /home/tristan/Documents/autonomous_car_ece/car_control_wave/ros2_ws/build/my_robot_description -- -j24 -l24
[0.757s] INFO:colcon.colcon_core.task.python.build:Building Python package in '/home/tristan/Documents/autonomous_car_ece/car_control_wave/ros2_ws/src/rover_slam_ws'
[0.757s] INFO:colcon.colcon_core.shell:Skip shell extension 'powershell' for command environment: Not usable outside of PowerShell
[0.757s] DEBUG:colcon.colcon_core.shell:Skip shell extension 'dsv' for command environment
[1.002s] INFO:colcon.colcon_core.task.python.build:Building Python package in '/home/tristan/Documents/autonomous_car_ece/car_control_wave/ros2_ws/src/naive_trajectory'
[1.002s] INFO:colcon.colcon_core.shell:Skip shell extension 'powershell' for command environment: Not usable outside of PowerShell
[1.002s] DEBUG:colcon.colcon_core.shell:Skip shell extension 'dsv' for command environment
[1.016s] DEBUG:colcon.colcon_core.event_handler.log_command:Invoking command in '/home/tristan/Documents/autonomous_car_ece/car_control_wave/ros2_ws/build/rf2o_laser_odometry': CMAKE_PREFIX_PATH=${CMAKE_PREFIX_PATH}:/home/tristan/Documents/autonomous_car_ece/car_control_wave/ros2_ws/install/ros_launch:/home/tristan/Documents/autonomous_car_ece/car_control_wave/ros2_ws/install/naive_trajectory:/home/tristan/Documents/autonomous_car_ece/car_control_wave/ros2_ws/install/my_rover_slam:/home/tristan/Documents/autonomous_car_ece/car_control_wave/ros2_ws/install/control_foxglove:/home/tristan/ros2_ws/install/ntrip_client:/home/tristan/ros2_ws/install/arece_stereo_python:/home/tristan/ros2_ws/install/arece_rqt:/home/tristan/ros2_ws/install/arece_trajectory_torch:/home/tristan/ros2_ws/install/arece_launcher:/home/tristan/ros2_ws/install/arece_tracks:/home/tristan/ros2_ws/install/arece_state_machine_python:/home/tristan/ros2_ws/install/arece_racecar:/home/tristan/ros2_ws/install/arece_gps:/home/tristan/ros2_ws/install/arece_compet_python:/opt/ros/humble /usr/bin/cmake --build /home/tristan/Documents/autonomous_car_ece/car_control_wave/ros2_ws/build/rf2o_laser_odometry -- -j24 -l24
[1.249s] INFO:colcon.colcon_core.task.python.build:Building Python package in '/home/tristan/Documents/autonomous_car_ece/car_control_wave/ros2_ws/src/ros_launch'
[1.250s] INFO:colcon.colcon_core.shell:Skip shell extension 'powershell' for command environment: Not usable outside of PowerShell
[1.250s] DEBUG:colcon.colcon_core.shell:Skip shell extension 'dsv' for command environment
[1.256s] DEBUG:colcon.colcon_core.event_handler.log_command:Invoked command in '/home/tristan/Documents/autonomous_car_ece/car_control_wave/ros2_ws/build/my_robot_description' returned '0': CMAKE_PREFIX_PATH=${CMAKE_PREFIX_PATH}:/home/tristan/Documents/autonomous_car_ece/car_control_wave/ros2_ws/install/ros_launch:/home/tristan/Documents/autonomous_car_ece/car_control_wave/ros2_ws/install/naive_trajectory:/home/tristan/Documents/autonomous_car_ece/car_control_wave/ros2_ws/install/my_rover_slam:/home/tristan/Documents/autonomous_car_ece/car_control_wave/ros2_ws/install/control_foxglove:/home/tristan/ros2_ws/install/ntrip_client:/home/tristan/ros2_ws/install/arece_stereo_python:/home/tristan/ros2_ws/install/arece_rqt:/home/tristan/ros2_ws/install/arece_trajectory_torch:/home/tristan/ros2_ws/install/arece_launcher:/home/tristan/ros2_ws/install/arece_tracks:/home/tristan/ros2_ws/install/arece_state_machine_python:/home/tristan/ros2_ws/install/arece_racecar:/home/tristan/ros2_ws/install/arece_gps:/home/tristan/ros2_ws/install/arece_compet_python:/opt/ros/humble /usr/bin/cmake --build /home/tristan/Documents/autonomous_car_ece/car_control_wave/ros2_ws/build/my_robot_description -- -j24 -l24
[1.270s] DEBUG:colcon.colcon_core.event_handler.log_command:Invoking command in '/home/tristan/Documents/autonomous_car_ece/car_control_wave/ros2_ws/build/my_robot_description': CMAKE_PREFIX_PATH=${CMAKE_PREFIX_PATH}:/home/tristan/Documents/autonomous_car_ece/car_control_wave/ros2_ws/install/ros_launch:/home/tristan/Documents/autonomous_car_ece/car_control_wave/ros2_ws/install/naive_trajectory:/home/tristan/Documents/autonomous_car_ece/car_control_wave/ros2_ws/install/my_rover_slam:/home/tristan/Documents/autonomous_car_ece/car_control_wave/ros2_ws/install/control_foxglove:/home/tristan/ros2_ws/install/ntrip_client:/home/tristan/ros2_ws/install/arece_stereo_python:/home/tristan/ros2_ws/install/arece_rqt:/home/tristan/ros2_ws/install/arece_trajectory_torch:/home/tristan/ros2_ws/install/arece_launcher:/home/tristan/ros2_ws/install/arece_tracks:/home/tristan/ros2_ws/install/arece_state_machine_python:/home/tristan/ros2_ws/install/arece_racecar:/home/tristan/ros2_ws/install/arece_gps:/home/tristan/ros2_ws/install/arece_compet_python:/opt/ros/humble /usr/bin/cmake --install /home/tristan/Documents/autonomous_car_ece/car_control_wave/ros2_ws/build/my_robot_description
[1.293s] Level 1:colcon.colcon_core.environment:create_environment_scripts_only(my_robot_description)
[1.298s] DEBUG:colcon.colcon_core.event_handler.log_command:Invoked command in '/home/tristan/Documents/autonomous_car_ece/car_control_wave/ros2_ws/build/rf2o_laser_odometry' returned '0': CMAKE_PREFIX_PATH=${CMAKE_PREFIX_PATH}:/home/tristan/Documents/autonomous_car_ece/car_control_wave/ros2_ws/install/ros_launch:/home/tristan/Documents/autonomous_car_ece/car_control_wave/ros2_ws/install/naive_trajectory:/home/tristan/Documents/autonomous_car_ece/car_control_wave/ros2_ws/install/my_rover_slam:/home/tristan/Documents/autonomous_car_ece/car_control_wave/ros2_ws/install/control_foxglove:/home/tristan/ros2_ws/install/ntrip_client:/home/tristan/ros2_ws/install/arece_stereo_python:/home/tristan/ros2_ws/install/arece_rqt:/home/tristan/ros2_ws/install/arece_trajectory_torch:/home/tristan/ros2_ws/install/arece_launcher:/home/tristan/ros2_ws/install/arece_tracks:/home/tristan/ros2_ws/install/arece_state_machine_python:/home/tristan/ros2_ws/install/arece_racecar:/home/tristan/ros2_ws/install/arece_gps:/home/tristan/ros2_ws/install/arece_compet_python:/opt/ros/humble /usr/bin/cmake --build /home/tristan/Documents/autonomous_car_ece/car_control_wave/ros2_ws/build/rf2o_laser_odometry -- -j24 -l24
[1.299s] DEBUG:colcon.colcon_core.event_handler.log_command:Invoking command in '/home/tristan/Documents/autonomous_car_ece/car_control_wave/ros2_ws/build/rf2o_laser_odometry': CMAKE_PREFIX_PATH=${CMAKE_PREFIX_PATH}:/home/tristan/Documents/autonomous_car_ece/car_control_wave/ros2_ws/install/ros_launch:/home/tristan/Documents/autonomous_car_ece/car_control_wave/ros2_ws/install/naive_trajectory:/home/tristan/Documents/autonomous_car_ece/car_control_wave/ros2_ws/install/my_rover_slam:/home/tristan/Documents/autonomous_car_ece/car_control_wave/ros2_ws/install/control_foxglove:/home/tristan/ros2_ws/install/ntrip_client:/home/tristan/ros2_ws/install/arece_stereo_python:/home/tristan/ros2_ws/install/arece_rqt:/home/tristan/ros2_ws/install/arece_trajectory_torch:/home/tristan/ros2_ws/install/arece_launcher:/home/tristan/ros2_ws/install/arece_tracks:/home/tristan/ros2_ws/install/arece_state_machine_python:/home/tristan/ros2_ws/install/arece_racecar:/home/tristan/ros2_ws/install/arece_gps:/home/tristan/ros2_ws/install/arece_compet_python:/opt/ros/humble /usr/bin/cmake --install /home/tristan/Documents/autonomous_car_ece/car_control_wave/ros2_ws/build/rf2o_laser_odometry
[1.299s] DEBUG:colcon.colcon_core.event_handler.log_command:Invoked command in '/home/tristan/Documents/autonomous_car_ece/car_control_wave/ros2_ws/build/my_robot_description' returned '0': CMAKE_PREFIX_PATH=${CMAKE_PREFIX_PATH}:/home/tristan/Documents/autonomous_car_ece/car_control_wave/ros2_ws/install/ros_launch:/home/tristan/Documents/autonomous_car_ece/car_control_wave/ros2_ws/install/naive_trajectory:/home/tristan/Documents/autonomous_car_ece/car_control_wave/ros2_ws/install/my_rover_slam:/home/tristan/Documents/autonomous_car_ece/car_control_wave/ros2_ws/install/control_foxglove:/home/tristan/ros2_ws/install/ntrip_client:/home/tristan/ros2_ws/install/arece_stereo_python:/home/tristan/ros2_ws/install/arece_rqt:/home/tristan/ros2_ws/install/arece_trajectory_torch:/home/tristan/ros2_ws/install/arece_launcher:/home/tristan/ros2_ws/install/arece_tracks:/home/tristan/ros2_ws/install/arece_state_machine_python:/home/tristan/ros2_ws/install/arece_racecar:/home/tristan/ros2_ws/install/arece_gps:/home/tristan/ros2_ws/install/arece_compet_python:/opt/ros/humble /usr/bin/cmake --install /home/tristan/Documents/autonomous_car_ece/car_control_wave/ros2_ws/build/my_robot_description
[1.307s] Level 1:colcon.colcon_core.environment:checking '/home/tristan/Documents/autonomous_car_ece/car_control_wave/ros2_ws/install/my_robot_description' for CMake module files
[1.310s] Level 1:colcon.colcon_core.environment:checking '/home/tristan/Documents/autonomous_car_ece/car_control_wave/ros2_ws/install/my_robot_description' for CMake config files
[1.311s] Level 1:colcon.colcon_core.shell:create_environment_hook('my_robot_description', 'cmake_prefix_path')
[1.311s] INFO:colcon.colcon_core.shell:Creating environment hook '/home/tristan/Documents/autonomous_car_ece/car_control_wave/ros2_ws/install/my_robot_description/share/my_robot_description/hook/cmake_prefix_path.ps1'
[1.312s] INFO:colcon.colcon_core.shell:Creating environment descriptor '/home/tristan/Documents/autonomous_car_ece/car_control_wave/ros2_ws/install/my_robot_description/share/my_robot_description/hook/cmake_prefix_path.dsv'
[1.312s] INFO:colcon.colcon_core.shell:Creating environment hook '/home/tristan/Documents/autonomous_car_ece/car_control_wave/ros2_ws/install/my_robot_description/share/my_robot_description/hook/cmake_prefix_path.sh'
[1.323s] Level 1:colcon.colcon_core.environment:checking '/home/tristan/Documents/autonomous_car_ece/car_control_wave/ros2_ws/install/my_robot_description/bin'
[1.324s] Level 1:colcon.colcon_core.environment:checking '/home/tristan/Documents/autonomous_car_ece/car_control_wave/ros2_ws/install/my_robot_description/lib/pkgconfig/my_robot_description.pc'
[1.325s] Level 1:colcon.colcon_core.environment:checking '/home/tristan/Documents/autonomous_car_ece/car_control_wave/ros2_ws/install/my_robot_description/lib/python3.10/site-packages'
[1.325s] Level 1:colcon.colcon_core.environment:checking '/home/tristan/Documents/autonomous_car_ece/car_control_wave/ros2_ws/install/my_robot_description/bin'
[1.326s] INFO:colcon.colcon_core.shell:Creating package script '/home/tristan/Documents/autonomous_car_ece/car_control_wave/ros2_ws/install/my_robot_description/share/my_robot_description/package.ps1'
[1.328s] INFO:colcon.colcon_core.shell:Creating package descriptor '/home/tristan/Documents/autonomous_car_ece/car_control_wave/ros2_ws/install/my_robot_description/share/my_robot_description/package.dsv'
[1.332s] INFO:colcon.colcon_core.shell:Creating package script '/home/tristan/Documents/autonomous_car_ece/car_control_wave/ros2_ws/install/my_robot_description/share/my_robot_description/package.sh'
[1.333s] INFO:colcon.colcon_core.shell:Creating package script '/home/tristan/Documents/autonomous_car_ece/car_control_wave/ros2_ws/install/my_robot_description/share/my_robot_description/package.bash'
[1.333s] INFO:colcon.colcon_core.shell:Creating package script '/home/tristan/Documents/autonomous_car_ece/car_control_wave/ros2_ws/install/my_robot_description/share/my_robot_description/package.zsh'
[1.334s] Level 1:colcon.colcon_core.environment:create_file_with_runtime_dependencies(/home/tristan/Documents/autonomous_car_ece/car_control_wave/ros2_ws/install/my_robot_description/share/colcon-core/packages/my_robot_description)
[1.335s] Level 1:colcon.colcon_core.environment:create_environment_scripts_only(my_robot_description)
[1.335s] Level 1:colcon.colcon_core.environment:checking '/home/tristan/Documents/autonomous_car_ece/car_control_wave/ros2_ws/install/my_robot_description' for CMake module files
[1.336s] Level 1:colcon.colcon_core.environment:checking '/home/tristan/Documents/autonomous_car_ece/car_control_wave/ros2_ws/install/my_robot_description' for CMake config files
[1.336s] Level 1:colcon.colcon_core.shell:create_environment_hook('my_robot_description', 'cmake_prefix_path')
[1.336s] INFO:colcon.colcon_core.shell:Creating environment hook '/home/tristan/Documents/autonomous_car_ece/car_control_wave/ros2_ws/install/my_robot_description/share/my_robot_description/hook/cmake_prefix_path.ps1'
[1.337s] INFO:colcon.colcon_core.shell:Creating environment descriptor '/home/tristan/Documents/autonomous_car_ece/car_control_wave/ros2_ws/install/my_robot_description/share/my_robot_description/hook/cmake_prefix_path.dsv'
[1.337s] INFO:colcon.colcon_core.shell:Creating environment hook '/home/tristan/Documents/autonomous_car_ece/car_control_wave/ros2_ws/install/my_robot_description/share/my_robot_description/hook/cmake_prefix_path.sh'
[1.338s] Level 1:colcon.colcon_core.environment:checking '/home/tristan/Documents/autonomous_car_ece/car_control_wave/ros2_ws/install/my_robot_description/bin'
[1.338s] Level 1:colcon.colcon_core.environment:checking '/home/tristan/Documents/autonomous_car_ece/car_control_wave/ros2_ws/install/my_robot_description/lib/pkgconfig/my_robot_description.pc'
[1.338s] Level 1:colcon.colcon_core.environment:checking '/home/tristan/Documents/autonomous_car_ece/car_control_wave/ros2_ws/install/my_robot_description/lib/python3.10/site-packages'
[1.338s] Level 1:colcon.colcon_core.environment:checking '/home/tristan/Documents/autonomous_car_ece/car_control_wave/ros2_ws/install/my_robot_description/bin'
[1.339s] INFO:colcon.colcon_core.shell:Creating package script '/home/tristan/Documents/autonomous_car_ece/car_control_wave/ros2_ws/install/my_robot_description/share/my_robot_description/package.ps1'
[1.339s] INFO:colcon.colcon_core.shell:Creating package descriptor '/home/tristan/Documents/autonomous_car_ece/car_control_wave/ros2_ws/install/my_robot_description/share/my_robot_description/package.dsv'
[1.340s] INFO:colcon.colcon_core.shell:Creating package script '/home/tristan/Documents/autonomous_car_ece/car_control_wave/ros2_ws/install/my_robot_description/share/my_robot_description/package.sh'
[1.340s] INFO:colcon.colcon_core.shell:Creating package script '/home/tristan/Documents/autonomous_car_ece/car_control_wave/ros2_ws/install/my_robot_description/share/my_robot_description/package.bash'
[1.341s] INFO:colcon.colcon_core.shell:Creating package script '/home/tristan/Documents/autonomous_car_ece/car_control_wave/ros2_ws/install/my_robot_description/share/my_robot_description/package.zsh'
[1.341s] Level 1:colcon.colcon_core.environment:create_file_with_runtime_dependencies(/home/tristan/Documents/autonomous_car_ece/car_control_wave/ros2_ws/install/my_robot_description/share/colcon-core/packages/my_robot_description)
[1.342s] Level 1:colcon.colcon_core.environment:create_environment_scripts_only(rf2o_laser_odometry)
[1.343s] Level 1:colcon.colcon_core.environment:checking '/home/tristan/Documents/autonomous_car_ece/car_control_wave/ros2_ws/install/rf2o_laser_odometry' for CMake module files
[1.344s] Level 1:colcon.colcon_core.environment:checking '/home/tristan/Documents/autonomous_car_ece/car_control_wave/ros2_ws/install/rf2o_laser_odometry' for CMake config files
[1.344s] Level 1:colcon.colcon_core.shell:create_environment_hook('rf2o_laser_odometry', 'cmake_prefix_path')
[1.344s] INFO:colcon.colcon_core.shell:Creating environment hook '/home/tristan/Documents/autonomous_car_ece/car_control_wave/ros2_ws/install/rf2o_laser_odometry/share/rf2o_laser_odometry/hook/cmake_prefix_path.ps1'
[1.345s] INFO:colcon.colcon_core.shell:Creating environment descriptor '/home/tristan/Documents/autonomous_car_ece/car_control_wave/ros2_ws/install/rf2o_laser_odometry/share/rf2o_laser_odometry/hook/cmake_prefix_path.dsv'
[1.345s] INFO:colcon.colcon_core.shell:Creating environment hook '/home/tristan/Documents/autonomous_car_ece/car_control_wave/ros2_ws/install/rf2o_laser_odometry/share/rf2o_laser_odometry/hook/cmake_prefix_path.sh'
[1.346s] DEBUG:colcon.colcon_core.event_handler.log_command:Invoked command in '/home/tristan/Documents/autonomous_car_ece/car_control_wave/ros2_ws/build/rf2o_laser_odometry' returned '0': CMAKE_PREFIX_PATH=${CMAKE_PREFIX_PATH}:/home/tristan/Documents/autonomous_car_ece/car_control_wave/ros2_ws/install/ros_launch:/home/tristan/Documents/autonomous_car_ece/car_control_wave/ros2_ws/install/naive_trajectory:/home/tristan/Documents/autonomous_car_ece/car_control_wave/ros2_ws/install/my_rover_slam:/home/tristan/Documents/autonomous_car_ece/car_control_wave/ros2_ws/install/control_foxglove:/home/tristan/ros2_ws/install/ntrip_client:/home/tristan/ros2_ws/install/arece_stereo_python:/home/tristan/ros2_ws/install/arece_rqt:/home/tristan/ros2_ws/install/arece_trajectory_torch:/home/tristan/ros2_ws/install/arece_launcher:/home/tristan/ros2_ws/install/arece_tracks:/home/tristan/ros2_ws/install/arece_state_machine_python:/home/tristan/ros2_ws/install/arece_racecar:/home/tristan/ros2_ws/install/arece_gps:/home/tristan/ros2_ws/install/arece_compet_python:/opt/ros/humble /usr/bin/cmake --install /home/tristan/Documents/autonomous_car_ece/car_control_wave/ros2_ws/build/rf2o_laser_odometry
[1.347s] Level 1:colcon.colcon_core.environment:checking '/home/tristan/Documents/autonomous_car_ece/car_control_wave/ros2_ws/install/rf2o_laser_odometry/lib'
[1.347s] Level 1:colcon.colcon_core.environment:checking '/home/tristan/Documents/autonomous_car_ece/car_control_wave/ros2_ws/install/rf2o_laser_odometry/bin'
[1.348s] Level 1:colcon.colcon_core.environment:checking '/home/tristan/Documents/autonomous_car_ece/car_control_wave/ros2_ws/install/rf2o_laser_odometry/lib/pkgconfig/rf2o_laser_odometry.pc'
[1.348s] Level 1:colcon.colcon_core.environment:checking '/home/tristan/Documents/autonomous_car_ece/car_control_wave/ros2_ws/install/rf2o_laser_odometry/lib/python3.10/site-packages'
[1.348s] Level 1:colcon.colcon_core.environment:checking '/home/tristan/Documents/autonomous_car_ece/car_control_wave/ros2_ws/install/rf2o_laser_odometry/bin'
[1.349s] INFO:colcon.colcon_core.shell:Creating package script '/home/tristan/Documents/autonomous_car_ece/car_control_wave/ros2_ws/install/rf2o_laser_odometry/share/rf2o_laser_odometry/package.ps1'
[1.350s] INFO:colcon.colcon_core.shell:Creating package descriptor '/home/tristan/Documents/autonomous_car_ece/car_control_wave/ros2_ws/install/rf2o_laser_odometry/share/rf2o_laser_odometry/package.dsv'
[1.350s] INFO:colcon.colcon_core.shell:Creating package script '/home/tristan/Documents/autonomous_car_ece/car_control_wave/ros2_ws/install/rf2o_laser_odometry/share/rf2o_laser_odometry/package.sh'
[1.351s] INFO:colcon.colcon_core.shell:Creating package script '/home/tristan/Documents/autonomous_car_ece/car_control_wave/ros2_ws/install/rf2o_laser_odometry/share/rf2o_laser_odometry/package.bash'
[1.351s] INFO:colcon.colcon_core.shell:Creating package script '/home/tristan/Documents/autonomous_car_ece/car_control_wave/ros2_ws/install/rf2o_laser_odometry/share/rf2o_laser_odometry/package.zsh'
[1.352s] Level 1:colcon.colcon_core.environment:create_file_with_runtime_dependencies(/home/tristan/Documents/autonomous_car_ece/car_control_wave/ros2_ws/install/rf2o_laser_odometry/share/colcon-core/packages/rf2o_laser_odometry)
[1.352s] Level 1:colcon.colcon_core.environment:create_environment_scripts_only(rf2o_laser_odometry)
[1.353s] Level 1:colcon.colcon_core.environment:checking '/home/tristan/Documents/autonomous_car_ece/car_control_wave/ros2_ws/install/rf2o_laser_odometry' for CMake module files
[1.353s] Level 1:colcon.colcon_core.environment:checking '/home/tristan/Documents/autonomous_car_ece/car_control_wave/ros2_ws/install/rf2o_laser_odometry' for CMake config files
[1.354s] Level 1:colcon.colcon_core.shell:create_environment_hook('rf2o_laser_odometry', 'cmake_prefix_path')
[1.354s] INFO:colcon.colcon_core.shell:Creating environment hook '/home/tristan/Documents/autonomous_car_ece/car_control_wave/ros2_ws/install/rf2o_laser_odometry/share/rf2o_laser_odometry/hook/cmake_prefix_path.ps1'
[1.354s] INFO:colcon.colcon_core.shell:Creating environment descriptor '/home/tristan/Documents/autonomous_car_ece/car_control_wave/ros2_ws/install/rf2o_laser_odometry/share/rf2o_laser_odometry/hook/cmake_prefix_path.dsv'
[1.355s] INFO:colcon.colcon_core.shell:Creating environment hook '/home/tristan/Documents/autonomous_car_ece/car_control_wave/ros2_ws/install/rf2o_laser_odometry/share/rf2o_laser_odometry/hook/cmake_prefix_path.sh'
[1.355s] Level 1:colcon.colcon_core.environment:checking '/home/tristan/Documents/autonomous_car_ece/car_control_wave/ros2_ws/install/rf2o_laser_odometry/lib'
[1.355s] Level 1:colcon.colcon_core.environment:checking '/home/tristan/Documents/autonomous_car_ece/car_control_wave/ros2_ws/install/rf2o_laser_odometry/bin'
[1.356s] Level 1:colcon.colcon_core.environment:checking '/home/tristan/Documents/autonomous_car_ece/car_control_wave/ros2_ws/install/rf2o_laser_odometry/lib/pkgconfig/rf2o_laser_odometry.pc'
[1.356s] Level 1:colcon.colcon_core.environment:checking '/home/tristan/Documents/autonomous_car_ece/car_control_wave/ros2_ws/install/rf2o_laser_odometry/lib/python3.10/site-packages'
[1.356s] Level 1:colcon.colcon_core.environment:checking '/home/tristan/Documents/autonomous_car_ece/car_control_wave/ros2_ws/install/rf2o_laser_odometry/bin'
[1.357s] INFO:colcon.colcon_core.shell:Creating package script '/home/tristan/Documents/autonomous_car_ece/car_control_wave/ros2_ws/install/rf2o_laser_odometry/share/rf2o_laser_odometry/package.ps1'
[1.357s] INFO:colcon.colcon_core.shell:Creating package descriptor '/home/tristan/Documents/autonomous_car_ece/car_control_wave/ros2_ws/install/rf2o_laser_odometry/share/rf2o_laser_odometry/package.dsv'
[1.358s] INFO:colcon.colcon_core.shell:Creating package script '/home/tristan/Documents/autonomous_car_ece/car_control_wave/ros2_ws/install/rf2o_laser_odometry/share/rf2o_laser_odometry/package.sh'
[1.358s] INFO:colcon.colcon_core.shell:Creating package script '/home/tristan/Documents/autonomous_car_ece/car_control_wave/ros2_ws/install/rf2o_laser_odometry/share/rf2o_laser_odometry/package.bash'
[1.359s] INFO:colcon.colcon_core.shell:Creating package script '/home/tristan/Documents/autonomous_car_ece/car_control_wave/ros2_ws/install/rf2o_laser_odometry/share/rf2o_laser_odometry/package.zsh'
[1.359s] Level 1:colcon.colcon_core.environment:create_file_with_runtime_dependencies(/home/tristan/Documents/autonomous_car_ece/car_control_wave/ros2_ws/install/rf2o_laser_odometry/share/colcon-core/packages/rf2o_laser_odometry)
[1.979s] DEBUG:colcon.colcon_core.event_handler.log_command:Invoking command in '/home/tristan/Documents/autonomous_car_ece/car_control_wave/ros2_ws/src/naive_trajectory': PYTHONPATH=/home/tristan/Documents/autonomous_car_ece/car_control_wave/ros2_ws/build/naive_trajectory/prefix_override:/usr/lib/python3/dist-packages/colcon_core/task/python/colcon_distutils_commands:/home/tristan/Documents/autonomous_car_ece/car_control_wave/ros2_ws/install/naive_trajectory/lib/python3.10/site-packages:${PYTHONPATH} /usr/bin/python3 -W ignore:setup.py install is deprecated -W ignore:easy_install command is deprecated setup.py egg_info --egg-base ../../build/naive_trajectory build --build-base /home/tristan/Documents/autonomous_car_ece/car_control_wave/ros2_ws/build/naive_trajectory/build install --record /home/tristan/Documents/autonomous_car_ece/car_control_wave/ros2_ws/build/naive_trajectory/install.log --single-version-externally-managed install_data
[2.010s] DEBUG:colcon.colcon_core.event_handler.log_command:Invoking command in '/home/tristan/Documents/autonomous_car_ece/car_control_wave/ros2_ws/src/ros_launch': PYTHONPATH=/home/tristan/Documents/autonomous_car_ece/car_control_wave/ros2_ws/build/ros_launch/prefix_override:/usr/lib/python3/dist-packages/colcon_core/task/python/colcon_distutils_commands:/home/tristan/Documents/autonomous_car_ece/car_control_wave/ros2_ws/install/ros_launch/lib/python3.10/site-packages:${PYTHONPATH} /usr/bin/python3 -W ignore:setup.py install is deprecated -W ignore:easy_install command is deprecated setup.py egg_info --egg-base ../../build/ros_launch build --build-base /home/tristan/Documents/autonomous_car_ece/car_control_wave/ros2_ws/build/ros_launch/build install --record /home/tristan/Documents/autonomous_car_ece/car_control_wave/ros2_ws/build/ros_launch/install.log --single-version-externally-managed install_data
[2.035s] DEBUG:colcon.colcon_core.event_handler.log_command:Invoking command in '/home/tristan/Documents/autonomous_car_ece/car_control_wave/ros2_ws/src/rover_slam_ws': PYTHONPATH=/home/tristan/Documents/autonomous_car_ece/car_control_wave/ros2_ws/build/my_rover_slam/prefix_override:/usr/lib/python3/dist-packages/colcon_core/task/python/colcon_distutils_commands:/home/tristan/Documents/autonomous_car_ece/car_control_wave/ros2_ws/install/my_rover_slam/lib/python3.10/site-packages:${PYTHONPATH} /usr/bin/python3 -W ignore:setup.py install is deprecated -W ignore:easy_install command is deprecated setup.py egg_info --egg-base ../../build/my_rover_slam build --build-base /home/tristan/Documents/autonomous_car_ece/car_control_wave/ros2_ws/build/my_rover_slam/build install --record /home/tristan/Documents/autonomous_car_ece/car_control_wave/ros2_ws/build/my_rover_slam/install.log --single-version-externally-managed install_data
[2.068s] DEBUG:colcon.colcon_core.event_handler.log_command:Invoking command in '/home/tristan/Documents/autonomous_car_ece/car_control_wave/ros2_ws/src/control_foxglove': PYTHONPATH=/home/tristan/Documents/autonomous_car_ece/car_control_wave/ros2_ws/build/control_foxglove/prefix_override:/usr/lib/python3/dist-packages/colcon_core/task/python/colcon_distutils_commands:/home/tristan/Documents/autonomous_car_ece/car_control_wave/ros2_ws/install/control_foxglove/lib/python3.10/site-packages:${PYTHONPATH} /usr/bin/python3 -W ignore:setup.py install is deprecated -W ignore:easy_install command is deprecated setup.py egg_info --egg-base ../../build/control_foxglove build --build-base /home/tristan/Documents/autonomous_car_ece/car_control_wave/ros2_ws/build/control_foxglove/build install --record /home/tristan/Documents/autonomous_car_ece/car_control_wave/ros2_ws/build/control_foxglove/install.log --single-version-externally-managed install_data
[5.379s] Level 1:colcon.colcon_core.environment:checking '/home/tristan/Documents/autonomous_car_ece/car_control_wave/ros2_ws/install/naive_trajectory' for CMake module files
[5.380s] DEBUG:colcon.colcon_core.event_handler.log_command:Invoked command in '/home/tristan/Documents/autonomous_car_ece/car_control_wave/ros2_ws/src/naive_trajectory' returned '0': PYTHONPATH=/home/tristan/Documents/autonomous_car_ece/car_control_wave/ros2_ws/build/naive_trajectory/prefix_override:/usr/lib/python3/dist-packages/colcon_core/task/python/colcon_distutils_commands:/home/tristan/Documents/autonomous_car_ece/car_control_wave/ros2_ws/install/naive_trajectory/lib/python3.10/site-packages:${PYTHONPATH} /usr/bin/python3 -W ignore:setup.py install is deprecated -W ignore:easy_install command is deprecated setup.py egg_info --egg-base ../../build/naive_trajectory build --build-base /home/tristan/Documents/autonomous_car_ece/car_control_wave/ros2_ws/build/naive_trajectory/build install --record /home/tristan/Documents/autonomous_car_ece/car_control_wave/ros2_ws/build/naive_trajectory/install.log --single-version-externally-managed install_data
[5.380s] Level 1:colcon.colcon_core.environment:checking '/home/tristan/Documents/autonomous_car_ece/car_control_wave/ros2_ws/install/naive_trajectory' for CMake config files
[5.381s] Level 1:colcon.colcon_core.environment:checking '/home/tristan/Documents/autonomous_car_ece/car_control_wave/ros2_ws/install/naive_trajectory/lib'
[5.381s] Level 1:colcon.colcon_core.environment:checking '/home/tristan/Documents/autonomous_car_ece/car_control_wave/ros2_ws/install/naive_trajectory/bin'
[5.381s] Level 1:colcon.colcon_core.environment:checking '/home/tristan/Documents/autonomous_car_ece/car_control_wave/ros2_ws/install/naive_trajectory/lib/pkgconfig/naive_trajectory.pc'
[5.381s] Level 1:colcon.colcon_core.environment:checking '/home/tristan/Documents/autonomous_car_ece/car_control_wave/ros2_ws/install/naive_trajectory/lib/python3.10/site-packages'
[5.381s] Level 1:colcon.colcon_core.shell:create_environment_hook('naive_trajectory', 'pythonpath')
[5.381s] INFO:colcon.colcon_core.shell:Creating environment hook '/home/tristan/Documents/autonomous_car_ece/car_control_wave/ros2_ws/install/naive_trajectory/share/naive_trajectory/hook/pythonpath.ps1'
[5.382s] INFO:colcon.colcon_core.shell:Creating environment descriptor '/home/tristan/Documents/autonomous_car_ece/car_control_wave/ros2_ws/install/naive_trajectory/share/naive_trajectory/hook/pythonpath.dsv'
[5.382s] INFO:colcon.colcon_core.shell:Creating environment hook '/home/tristan/Documents/autonomous_car_ece/car_control_wave/ros2_ws/install/naive_trajectory/share/naive_trajectory/hook/pythonpath.sh'
[5.383s] Level 1:colcon.colcon_core.environment:checking '/home/tristan/Documents/autonomous_car_ece/car_control_wave/ros2_ws/install/naive_trajectory/bin'
[5.383s] Level 1:colcon.colcon_core.environment:create_environment_scripts_only(naive_trajectory)
[5.383s] INFO:colcon.colcon_core.shell:Creating package script '/home/tristan/Documents/autonomous_car_ece/car_control_wave/ros2_ws/install/naive_trajectory/share/naive_trajectory/package.ps1'
[5.384s] INFO:colcon.colcon_core.shell:Creating package descriptor '/home/tristan/Documents/autonomous_car_ece/car_control_wave/ros2_ws/install/naive_trajectory/share/naive_trajectory/package.dsv'
[5.384s] INFO:colcon.colcon_core.shell:Creating package script '/home/tristan/Documents/autonomous_car_ece/car_control_wave/ros2_ws/install/naive_trajectory/share/naive_trajectory/package.sh'
[5.385s] INFO:colcon.colcon_core.shell:Creating package script '/home/tristan/Documents/autonomous_car_ece/car_control_wave/ros2_ws/install/naive_trajectory/share/naive_trajectory/package.bash'
[5.385s] INFO:colcon.colcon_core.shell:Creating package script '/home/tristan/Documents/autonomous_car_ece/car_control_wave/ros2_ws/install/naive_trajectory/share/naive_trajectory/package.zsh'
[5.385s] Level 1:colcon.colcon_core.environment:create_file_with_runtime_dependencies(/home/tristan/Documents/autonomous_car_ece/car_control_wave/ros2_ws/install/naive_trajectory/share/colcon-core/packages/naive_trajectory)
[5.390s] Level 1:colcon.colcon_core.environment:checking '/home/tristan/Documents/autonomous_car_ece/car_control_wave/ros2_ws/install/my_rover_slam' for CMake module files
[5.390s] DEBUG:colcon.colcon_core.event_handler.log_command:Invoked command in '/home/tristan/Documents/autonomous_car_ece/car_control_wave/ros2_ws/src/rover_slam_ws' returned '0': PYTHONPATH=/home/tristan/Documents/autonomous_car_ece/car_control_wave/ros2_ws/build/my_rover_slam/prefix_override:/usr/lib/python3/dist-packages/colcon_core/task/python/colcon_distutils_commands:/home/tristan/Documents/autonomous_car_ece/car_control_wave/ros2_ws/install/my_rover_slam/lib/python3.10/site-packages:${PYTHONPATH} /usr/bin/python3 -W ignore:setup.py install is deprecated -W ignore:easy_install command is deprecated setup.py egg_info --egg-base ../../build/my_rover_slam build --build-base /home/tristan/Documents/autonomous_car_ece/car_control_wave/ros2_ws/build/my_rover_slam/build install --record /home/tristan/Documents/autonomous_car_ece/car_control_wave/ros2_ws/build/my_rover_slam/install.log --single-version-externally-managed install_data
[5.390s] Level 1:colcon.colcon_core.environment:checking '/home/tristan/Documents/autonomous_car_ece/car_control_wave/ros2_ws/install/my_rover_slam' for CMake config files
[5.391s] Level 1:colcon.colcon_core.environment:checking '/home/tristan/Documents/autonomous_car_ece/car_control_wave/ros2_ws/install/my_rover_slam/lib'
[5.391s] Level 1:colcon.colcon_core.environment:checking '/home/tristan/Documents/autonomous_car_ece/car_control_wave/ros2_ws/install/my_rover_slam/bin'
[5.391s] Level 1:colcon.colcon_core.environment:checking '/home/tristan/Documents/autonomous_car_ece/car_control_wave/ros2_ws/install/my_rover_slam/lib/pkgconfig/my_rover_slam.pc'
[5.391s] Level 1:colcon.colcon_core.environment:checking '/home/tristan/Documents/autonomous_car_ece/car_control_wave/ros2_ws/install/my_rover_slam/lib/python3.10/site-packages'
[5.391s] Level 1:colcon.colcon_core.shell:create_environment_hook('my_rover_slam', 'pythonpath')
[5.391s] INFO:colcon.colcon_core.shell:Creating environment hook '/home/tristan/Documents/autonomous_car_ece/car_control_wave/ros2_ws/install/my_rover_slam/share/my_rover_slam/hook/pythonpath.ps1'
[5.392s] INFO:colcon.colcon_core.shell:Creating environment descriptor '/home/tristan/Documents/autonomous_car_ece/car_control_wave/ros2_ws/install/my_rover_slam/share/my_rover_slam/hook/pythonpath.dsv'
[5.392s] INFO:colcon.colcon_core.shell:Creating environment hook '/home/tristan/Documents/autonomous_car_ece/car_control_wave/ros2_ws/install/my_rover_slam/share/my_rover_slam/hook/pythonpath.sh'
[5.392s] Level 1:colcon.colcon_core.environment:checking '/home/tristan/Documents/autonomous_car_ece/car_control_wave/ros2_ws/install/my_rover_slam/bin'
[5.392s] Level 1:colcon.colcon_core.environment:create_environment_scripts_only(my_rover_slam)
[5.393s] INFO:colcon.colcon_core.shell:Creating package script '/home/tristan/Documents/autonomous_car_ece/car_control_wave/ros2_ws/install/my_rover_slam/share/my_rover_slam/package.ps1'
[5.393s] INFO:colcon.colcon_core.shell:Creating package descriptor '/home/tristan/Documents/autonomous_car_ece/car_control_wave/ros2_ws/install/my_rover_slam/share/my_rover_slam/package.dsv'
[5.393s] INFO:colcon.colcon_core.shell:Creating package script '/home/tristan/Documents/autonomous_car_ece/car_control_wave/ros2_ws/install/my_rover_slam/share/my_rover_slam/package.sh'
[5.394s] INFO:colcon.colcon_core.shell:Creating package script '/home/tristan/Documents/autonomous_car_ece/car_control_wave/ros2_ws/install/my_rover_slam/share/my_rover_slam/package.bash'
[5.394s] INFO:colcon.colcon_core.shell:Creating package script '/home/tristan/Documents/autonomous_car_ece/car_control_wave/ros2_ws/install/my_rover_slam/share/my_rover_slam/package.zsh'
[5.394s] Level 1:colcon.colcon_core.environment:create_file_with_runtime_dependencies(/home/tristan/Documents/autonomous_car_ece/car_control_wave/ros2_ws/install/my_rover_slam/share/colcon-core/packages/my_rover_slam)
[5.436s] Level 1:colcon.colcon_core.environment:checking '/home/tristan/Documents/autonomous_car_ece/car_control_wave/ros2_ws/install/ros_launch' for CMake module files
[5.437s] Level 1:colcon.colcon_core.environment:checking '/home/tristan/Documents/autonomous_car_ece/car_control_wave/ros2_ws/install/ros_launch' for CMake config files
[5.437s] DEBUG:colcon.colcon_core.event_handler.log_command:Invoked command in '/home/tristan/Documents/autonomous_car_ece/car_control_wave/ros2_ws/src/ros_launch' returned '0': PYTHONPATH=/home/tristan/Documents/autonomous_car_ece/car_control_wave/ros2_ws/build/ros_launch/prefix_override:/usr/lib/python3/dist-packages/colcon_core/task/python/colcon_distutils_commands:/home/tristan/Documents/autonomous_car_ece/car_control_wave/ros2_ws/install/ros_launch/lib/python3.10/site-packages:${PYTHONPATH} /usr/bin/python3 -W ignore:setup.py install is deprecated -W ignore:easy_install command is deprecated setup.py egg_info --egg-base ../../build/ros_launch build --build-base /home/tristan/Documents/autonomous_car_ece/car_control_wave/ros2_ws/build/ros_launch/build install --record /home/tristan/Documents/autonomous_car_ece/car_control_wave/ros2_ws/build/ros_launch/install.log --single-version-externally-managed install_data
[5.438s] Level 1:colcon.colcon_core.environment:checking '/home/tristan/Documents/autonomous_car_ece/car_control_wave/ros2_ws/install/ros_launch/lib'
[5.438s] Level 1:colcon.colcon_core.environment:checking '/home/tristan/Documents/autonomous_car_ece/car_control_wave/ros2_ws/install/ros_launch/bin'
[5.438s] Level 1:colcon.colcon_core.environment:checking '/home/tristan/Documents/autonomous_car_ece/car_control_wave/ros2_ws/install/ros_launch/lib/pkgconfig/ros_launch.pc'
[5.439s] Level 1:colcon.colcon_core.environment:checking '/home/tristan/Documents/autonomous_car_ece/car_control_wave/ros2_ws/install/ros_launch/lib/python3.10/site-packages'
[5.439s] Level 1:colcon.colcon_core.shell:create_environment_hook('ros_launch', 'pythonpath')
[5.439s] INFO:colcon.colcon_core.shell:Creating environment hook '/home/tristan/Documents/autonomous_car_ece/car_control_wave/ros2_ws/install/ros_launch/share/ros_launch/hook/pythonpath.ps1'
[5.440s] INFO:colcon.colcon_core.shell:Creating environment descriptor '/home/tristan/Documents/autonomous_car_ece/car_control_wave/ros2_ws/install/ros_launch/share/ros_launch/hook/pythonpath.dsv'
[5.440s] INFO:colcon.colcon_core.shell:Creating environment hook '/home/tristan/Documents/autonomous_car_ece/car_control_wave/ros2_ws/install/ros_launch/share/ros_launch/hook/pythonpath.sh'
[5.441s] Level 1:colcon.colcon_core.environment:checking '/home/tristan/Documents/autonomous_car_ece/car_control_wave/ros2_ws/install/ros_launch/bin'
[5.441s] Level 1:colcon.colcon_core.environment:create_environment_scripts_only(ros_launch)
[5.441s] INFO:colcon.colcon_core.shell:Creating package script '/home/tristan/Documents/autonomous_car_ece/car_control_wave/ros2_ws/install/ros_launch/share/ros_launch/package.ps1'
[5.442s] INFO:colcon.colcon_core.shell:Creating package descriptor '/home/tristan/Documents/autonomous_car_ece/car_control_wave/ros2_ws/install/ros_launch/share/ros_launch/package.dsv'
[5.442s] INFO:colcon.colcon_core.shell:Creating package script '/home/tristan/Documents/autonomous_car_ece/car_control_wave/ros2_ws/install/ros_launch/share/ros_launch/package.sh'
[5.442s] INFO:colcon.colcon_core.shell:Creating package script '/home/tristan/Documents/autonomous_car_ece/car_control_wave/ros2_ws/install/ros_launch/share/ros_launch/package.bash'
[5.443s] INFO:colcon.colcon_core.shell:Creating package script '/home/tristan/Documents/autonomous_car_ece/car_control_wave/ros2_ws/install/ros_launch/share/ros_launch/package.zsh'
[5.443s] Level 1:colcon.colcon_core.environment:create_file_with_runtime_dependencies(/home/tristan/Documents/autonomous_car_ece/car_control_wave/ros2_ws/install/ros_launch/share/colcon-core/packages/ros_launch)
[5.467s] Level 1:colcon.colcon_core.environment:checking '/home/tristan/Documents/autonomous_car_ece/car_control_wave/ros2_ws/install/control_foxglove' for CMake module files
[5.468s] DEBUG:colcon.colcon_core.event_handler.log_command:Invoked command in '/home/tristan/Documents/autonomous_car_ece/car_control_wave/ros2_ws/src/control_foxglove' returned '0': PYTHONPATH=/home/tristan/Documents/autonomous_car_ece/car_control_wave/ros2_ws/build/control_foxglove/prefix_override:/usr/lib/python3/dist-packages/colcon_core/task/python/colcon_distutils_commands:/home/tristan/Documents/autonomous_car_ece/car_control_wave/ros2_ws/install/control_foxglove/lib/python3.10/site-packages:${PYTHONPATH} /usr/bin/python3 -W ignore:setup.py install is deprecated -W ignore:easy_install command is deprecated setup.py egg_info --egg-base ../../build/control_foxglove build --build-base /home/tristan/Documents/autonomous_car_ece/car_control_wave/ros2_ws/build/control_foxglove/build install --record /home/tristan/Documents/autonomous_car_ece/car_control_wave/ros2_ws/build/control_foxglove/install.log --single-version-externally-managed install_data
[5.468s] Level 1:colcon.colcon_core.environment:checking '/home/tristan/Documents/autonomous_car_ece/car_control_wave/ros2_ws/install/control_foxglove' for CMake config files
[5.468s] Level 1:colcon.colcon_core.environment:checking '/home/tristan/Documents/autonomous_car_ece/car_control_wave/ros2_ws/install/control_foxglove/lib'
[5.468s] Level 1:colcon.colcon_core.environment:checking '/home/tristan/Documents/autonomous_car_ece/car_control_wave/ros2_ws/install/control_foxglove/bin'
[5.468s] Level 1:colcon.colcon_core.environment:checking '/home/tristan/Documents/autonomous_car_ece/car_control_wave/ros2_ws/install/control_foxglove/lib/pkgconfig/control_foxglove.pc'
[5.469s] Level 1:colcon.colcon_core.environment:checking '/home/tristan/Documents/autonomous_car_ece/car_control_wave/ros2_ws/install/control_foxglove/lib/python3.10/site-packages'
[5.469s] Level 1:colcon.colcon_core.shell:create_environment_hook('control_foxglove', 'pythonpath')
[5.469s] INFO:colcon.colcon_core.shell:Creating environment hook '/home/tristan/Documents/autonomous_car_ece/car_control_wave/ros2_ws/install/control_foxglove/share/control_foxglove/hook/pythonpath.ps1'
[5.469s] INFO:colcon.colcon_core.shell:Creating environment descriptor '/home/tristan/Documents/autonomous_car_ece/car_control_wave/ros2_ws/install/control_foxglove/share/control_foxglove/hook/pythonpath.dsv'
[5.470s] INFO:colcon.colcon_core.shell:Creating environment hook '/home/tristan/Documents/autonomous_car_ece/car_control_wave/ros2_ws/install/control_foxglove/share/control_foxglove/hook/pythonpath.sh'
[5.470s] Level 1:colcon.colcon_core.environment:checking '/home/tristan/Documents/autonomous_car_ece/car_control_wave/ros2_ws/install/control_foxglove/bin'
[5.470s] Level 1:colcon.colcon_core.environment:create_environment_scripts_only(control_foxglove)
[5.470s] INFO:colcon.colcon_core.shell:Creating package script '/home/tristan/Documents/autonomous_car_ece/car_control_wave/ros2_ws/install/control_foxglove/share/control_foxglove/package.ps1'
[5.471s] INFO:colcon.colcon_core.shell:Creating package descriptor '/home/tristan/Documents/autonomous_car_ece/car_control_wave/ros2_ws/install/control_foxglove/share/control_foxglove/package.dsv'
[5.472s] INFO:colcon.colcon_core.shell:Creating package script '/home/tristan/Documents/autonomous_car_ece/car_control_wave/ros2_ws/install/control_foxglove/share/control_foxglove/package.sh'
[5.472s] INFO:colcon.colcon_core.shell:Creating package script '/home/tristan/Documents/autonomous_car_ece/car_control_wave/ros2_ws/install/control_foxglove/share/control_foxglove/package.bash'
[5.472s] INFO:colcon.colcon_core.shell:Creating package script '/home/tristan/Documents/autonomous_car_ece/car_control_wave/ros2_ws/install/control_foxglove/share/control_foxglove/package.zsh'
[5.472s] Level 1:colcon.colcon_core.environment:create_file_with_runtime_dependencies(/home/tristan/Documents/autonomous_car_ece/car_control_wave/ros2_ws/install/control_foxglove/share/colcon-core/packages/control_foxglove)
[5.475s] DEBUG:colcon.colcon_parallel_executor.executor.parallel:closing loop
[5.475s] DEBUG:colcon.colcon_parallel_executor.executor.parallel:loop closed
[5.475s] DEBUG:colcon.colcon_parallel_executor.executor.parallel:run_until_complete finished with '0'
[5.475s] DEBUG:colcon.colcon_core.event_reactor:joining thread
[5.482s] INFO:colcon.colcon_core.plugin_system:Skipping extension 'colcon_notification.desktop_notification.terminal_notifier': Not used on non-Darwin systems
[5.482s] INFO:colcon.colcon_core.plugin_system:Skipping extension 'colcon_notification.desktop_notification.win32': Not used on non-Windows systems
[5.482s] INFO:colcon.colcon_notification.desktop_notification:Sending desktop notification using 'notify2'
[5.492s] DEBUG:colcon.colcon_core.event_reactor:joined thread
[5.492s] INFO:colcon.colcon_core.shell:Creating prefix script '/home/tristan/Documents/autonomous_car_ece/car_control_wave/ros2_ws/install/local_setup.ps1'
[5.494s] INFO:colcon.colcon_core.shell:Creating prefix util module '/home/tristan/Documents/autonomous_car_ece/car_control_wave/ros2_ws/install/_local_setup_util_ps1.py'
[5.494s] INFO:colcon.colcon_core.shell:Creating prefix chain script '/home/tristan/Documents/autonomous_car_ece/car_control_wave/ros2_ws/install/setup.ps1'
[5.497s] INFO:colcon.colcon_core.shell:Creating prefix script '/home/tristan/Documents/autonomous_car_ece/car_control_wave/ros2_ws/install/local_setup.sh'
[5.497s] INFO:colcon.colcon_core.shell:Creating prefix util module '/home/tristan/Documents/autonomous_car_ece/car_control_wave/ros2_ws/install/_local_setup_util_sh.py'
[5.497s] INFO:colcon.colcon_core.shell:Creating prefix chain script '/home/tristan/Documents/autonomous_car_ece/car_control_wave/ros2_ws/install/setup.sh'
[5.499s] INFO:colcon.colcon_core.shell:Creating prefix script '/home/tristan/Documents/autonomous_car_ece/car_control_wave/ros2_ws/install/local_setup.bash'
[5.500s] INFO:colcon.colcon_core.shell:Creating prefix chain script '/home/tristan/Documents/autonomous_car_ece/car_control_wave/ros2_ws/install/setup.bash'
[5.503s] INFO:colcon.colcon_core.shell:Creating prefix script '/home/tristan/Documents/autonomous_car_ece/car_control_wave/ros2_ws/install/local_setup.zsh'
[5.505s] INFO:colcon.colcon_core.shell:Creating prefix chain script '/home/tristan/Documents/autonomous_car_ece/car_control_wave/ros2_ws/install/setup.zsh'
