[1.613s] Invoking command in '/home/tristan/Documents/autonomous_car_ece/car_control_wave/ros2_ws/src/naive_trajectory': PYTHONPATH=/home/tristan/Documents/autonomous_car_ece/car_control_wave/ros2_ws/build/naive_trajectory/prefix_override:/usr/lib/python3/dist-packages/colcon_core/task/python/colcon_distutils_commands:/home/tristan/Documents/autonomous_car_ece/car_control_wave/ros2_ws/install/naive_trajectory/lib/python3.10/site-packages:${PYTHONPATH} /usr/bin/python3 -W ignore:setup.py install is deprecated -W ignore:easy_install command is deprecated setup.py egg_info --egg-base ../../build/naive_trajectory build --build-base /home/tristan/Documents/autonomous_car_ece/car_control_wave/ros2_ws/build/naive_trajectory/build install --record /home/tristan/Documents/autonomous_car_ece/car_control_wave/ros2_ws/build/naive_trajectory/install.log --single-version-externally-managed install_data
[1.957s] running egg_info
[1.975s] writing ../../build/naive_trajectory/naive_trajectory.egg-info/PKG-INFO
[1.977s] writing dependency_links to ../../build/naive_trajectory/naive_trajectory.egg-info/dependency_links.txt
[1.977s] writing entry points to ../../build/naive_trajectory/naive_trajectory.egg-info/entry_points.txt
[1.977s] writing requirements to ../../build/naive_trajectory/naive_trajectory.egg-info/requires.txt
[1.977s] writing top-level names to ../../build/naive_trajectory/naive_trajectory.egg-info/top_level.txt
[4.162s] writing manifest file '../../build/naive_trajectory/naive_trajectory.egg-info/SOURCES.txt'
[4.164s] running build
[4.164s] running build_py
[4.164s] copying naive_trajectory/emulation.py -> /home/tristan/Documents/autonomous_car_ece/car_control_wave/ros2_ws/build/naive_trajectory/build/lib/naive_trajectory
[4.164s] copying naive_trajectory/naive_trajectory2.py -> /home/tristan/Documents/autonomous_car_ece/car_control_wave/ros2_ws/build/naive_trajectory/build/lib/naive_trajectory
[4.164s] copying naive_trajectory/naive_trajectory.py -> /home/tristan/Documents/autonomous_car_ece/car_control_wave/ros2_ws/build/naive_trajectory/build/lib/naive_trajectory
[4.164s] copying naive_trajectory/python_default.py -> /home/tristan/Documents/autonomous_car_ece/car_control_wave/ros2_ws/build/naive_trajectory/build/lib/naive_trajectory
[4.164s] copying naive_trajectory/__init__.py -> /home/tristan/Documents/autonomous_car_ece/car_control_wave/ros2_ws/build/naive_trajectory/build/lib/naive_trajectory
[4.164s] copying naive_trajectory/naive_traj_lidar.py -> /home/tristan/Documents/autonomous_car_ece/car_control_wave/ros2_ws/build/naive_trajectory/build/lib/naive_trajectory
[4.164s] running install
[4.169s] running install_lib
[4.190s] running install_data
[4.190s] copying resource/naive_trajectory -> /home/tristan/Documents/autonomous_car_ece/car_control_wave/ros2_ws/install/naive_trajectory/share/ament_index/resource_index/packages
[4.190s] copying package.xml -> /home/tristan/Documents/autonomous_car_ece/car_control_wave/ros2_ws/install/naive_trajectory/share/naive_trajectory
[4.191s] running install_egg_info
[4.212s] removing '/home/tristan/Documents/autonomous_car_ece/car_control_wave/ros2_ws/install/naive_trajectory/lib/python3.10/site-packages/naive_trajectory-0.0.0-py3.10.egg-info' (and everything under it)
[4.214s] Copying ../../build/naive_trajectory/naive_trajectory.egg-info to /home/tristan/Documents/autonomous_car_ece/car_control_wave/ros2_ws/install/naive_trajectory/lib/python3.10/site-packages/naive_trajectory-0.0.0-py3.10.egg-info
[4.215s] running install_scripts
[4.414s] Installing emulation script to /home/tristan/Documents/autonomous_car_ece/car_control_wave/ros2_ws/install/naive_trajectory/lib/naive_trajectory
[4.419s] Installing imu_odom script to /home/tristan/Documents/autonomous_car_ece/car_control_wave/ros2_ws/install/naive_trajectory/lib/naive_trajectory
[4.419s] Installing naiv_traj_lidar script to /home/tristan/Documents/autonomous_car_ece/car_control_wave/ros2_ws/install/naive_trajectory/lib/naive_trajectory
[4.419s] Installing naive_trajectory script to /home/tristan/Documents/autonomous_car_ece/car_control_wave/ros2_ws/install/naive_trajectory/lib/naive_trajectory
[4.419s] Installing naive_trajectory2 script to /home/tristan/Documents/autonomous_car_ece/car_control_wave/ros2_ws/install/naive_trajectory/lib/naive_trajectory
[4.419s] writing list of installed files to '/home/tristan/Documents/autonomous_car_ece/car_control_wave/ros2_ws/build/naive_trajectory/install.log'
[4.455s] Invoked command in '/home/tristan/Documents/autonomous_car_ece/car_control_wave/ros2_ws/src/naive_trajectory' returned '0': PYTHONPATH=/home/tristan/Documents/autonomous_car_ece/car_control_wave/ros2_ws/build/naive_trajectory/prefix_override:/usr/lib/python3/dist-packages/colcon_core/task/python/colcon_distutils_commands:/home/tristan/Documents/autonomous_car_ece/car_control_wave/ros2_ws/install/naive_trajectory/lib/python3.10/site-packages:${PYTHONPATH} /usr/bin/python3 -W ignore:setup.py install is deprecated -W ignore:easy_install command is deprecated setup.py egg_info --egg-base ../../build/naive_trajectory build --build-base /home/tristan/Documents/autonomous_car_ece/car_control_wave/ros2_ws/build/naive_trajectory/build install --record /home/tristan/Documents/autonomous_car_ece/car_control_wave/ros2_ws/build/naive_trajectory/install.log --single-version-externally-managed install_data
