[0.957s] Invoking command in '/home/tristan/Documents/autonomous_car_ece/car_control_wave/ros2_ws/src/naive_trajectory': PYTHONPATH=/home/tristan/Documents/autonomous_car_ece/car_control_wave/ros2_ws/build/naive_trajectory/prefix_override:/usr/lib/python3/dist-packages/colcon_core/task/python/colcon_distutils_commands:/home/tristan/Documents/autonomous_car_ece/car_control_wave/ros2_ws/install/naive_trajectory/lib/python3.10/site-packages:${PYTHONPATH} /usr/bin/python3 -W ignore:setup.py install is deprecated -W ignore:easy_install command is deprecated setup.py egg_info --egg-base ../../build/naive_trajectory build --build-base /home/tristan/Documents/autonomous_car_ece/car_control_wave/ros2_ws/build/naive_trajectory/build install --record /home/tristan/Documents/autonomous_car_ece/car_control_wave/ros2_ws/build/naive_trajectory/install.log --single-version-externally-managed install_data
[1.213s] running egg_info
[1.229s] writing ../../build/naive_trajectory/naive_trajectory.egg-info/PKG-INFO
[1.230s] writing dependency_links to ../../build/naive_trajectory/naive_trajectory.egg-info/dependency_links.txt
[1.230s] writing entry points to ../../build/naive_trajectory/naive_trajectory.egg-info/entry_points.txt
[1.230s] writing requirements to ../../build/naive_trajectory/naive_trajectory.egg-info/requires.txt
[1.230s] writing top-level names to ../../build/naive_trajectory/naive_trajectory.egg-info/top_level.txt
[1.855s] writing manifest file '../../build/naive_trajectory/naive_trajectory.egg-info/SOURCES.txt'
[1.855s] running build
[1.855s] running build_py
[1.856s] copying naive_trajectory/emulation.py -> /home/tristan/Documents/autonomous_car_ece/car_control_wave/ros2_ws/build/naive_trajectory/build/lib/naive_trajectory
[1.856s] copying naive_trajectory/naive_trajectory.py -> /home/tristan/Documents/autonomous_car_ece/car_control_wave/ros2_ws/build/naive_trajectory/build/lib/naive_trajectory
[1.857s] copying naive_trajectory/python_default.py -> /home/tristan/Documents/autonomous_car_ece/car_control_wave/ros2_ws/build/naive_trajectory/build/lib/naive_trajectory
[1.857s] copying naive_trajectory/__init__.py -> /home/tristan/Documents/autonomous_car_ece/car_control_wave/ros2_ws/build/naive_trajectory/build/lib/naive_trajectory
[1.857s] running install
[1.862s] running install_lib
[1.881s] running install_data
[1.881s] copying resource/naive_trajectory -> /home/tristan/Documents/autonomous_car_ece/car_control_wave/ros2_ws/install/naive_trajectory/share/ament_index/resource_index/packages
[1.881s] copying package.xml -> /home/tristan/Documents/autonomous_car_ece/car_control_wave/ros2_ws/install/naive_trajectory/share/naive_trajectory
[1.881s] running install_egg_info
[1.896s] removing '/home/tristan/Documents/autonomous_car_ece/car_control_wave/ros2_ws/install/naive_trajectory/lib/python3.10/site-packages/naive_trajectory-0.0.0-py3.10.egg-info' (and everything under it)
[1.899s] Copying ../../build/naive_trajectory/naive_trajectory.egg-info to /home/tristan/Documents/autonomous_car_ece/car_control_wave/ros2_ws/install/naive_trajectory/lib/python3.10/site-packages/naive_trajectory-0.0.0-py3.10.egg-info
[1.899s] running install_scripts
[2.024s] Installing emulation script to /home/tristan/Documents/autonomous_car_ece/car_control_wave/ros2_ws/install/naive_trajectory/lib/naive_trajectory
[2.024s] Installing naive_trajectory script to /home/tristan/Documents/autonomous_car_ece/car_control_wave/ros2_ws/install/naive_trajectory/lib/naive_trajectory
[2.024s] writing list of installed files to '/home/tristan/Documents/autonomous_car_ece/car_control_wave/ros2_ws/build/naive_trajectory/install.log'
[2.049s] Invoked command in '/home/tristan/Documents/autonomous_car_ece/car_control_wave/ros2_ws/src/naive_trajectory' returned '0': PYTHONPATH=/home/tristan/Documents/autonomous_car_ece/car_control_wave/ros2_ws/build/naive_trajectory/prefix_override:/usr/lib/python3/dist-packages/colcon_core/task/python/colcon_distutils_commands:/home/tristan/Documents/autonomous_car_ece/car_control_wave/ros2_ws/install/naive_trajectory/lib/python3.10/site-packages:${PYTHONPATH} /usr/bin/python3 -W ignore:setup.py install is deprecated -W ignore:easy_install command is deprecated setup.py egg_info --egg-base ../../build/naive_trajectory build --build-base /home/tristan/Documents/autonomous_car_ece/car_control_wave/ros2_ws/build/naive_trajectory/build install --record /home/tristan/Documents/autonomous_car_ece/car_control_wave/ros2_ws/build/naive_trajectory/install.log --single-version-externally-managed install_data
