[1.389s] Invoking command in '/home/tristan/Documents/autonomous_car_ece/car_control_wave/ros2_ws/src/control_foxglove': PYTHONPATH=/home/tristan/Documents/autonomous_car_ece/car_control_wave/ros2_ws/build/control_foxglove/prefix_override:/usr/lib/python3/dist-packages/colcon_core/task/python/colcon_distutils_commands:/home/tristan/Documents/autonomous_car_ece/car_control_wave/ros2_ws/install/control_foxglove/lib/python3.10/site-packages:${PYTHONPATH} /usr/bin/python3 -W ignore:setup.py install is deprecated -W ignore:easy_install command is deprecated setup.py egg_info --egg-base ../../build/control_foxglove build --build-base /home/tristan/Documents/autonomous_car_ece/car_control_wave/ros2_ws/build/control_foxglove/build install --record /home/tristan/Documents/autonomous_car_ece/car_control_wave/ros2_ws/build/control_foxglove/install.log --single-version-externally-managed install_data
[1.649s] running egg_info
[1.664s] writing ../../build/control_foxglove/control_foxglove.egg-info/PKG-INFO
[1.665s] writing dependency_links to ../../build/control_foxglove/control_foxglove.egg-info/dependency_links.txt
[1.665s] writing entry points to ../../build/control_foxglove/control_foxglove.egg-info/entry_points.txt
[1.665s] writing requirements to ../../build/control_foxglove/control_foxglove.egg-info/requires.txt
[1.665s] writing top-level names to ../../build/control_foxglove/control_foxglove.egg-info/top_level.txt
[3.539s] writing manifest file '../../build/control_foxglove/control_foxglove.egg-info/SOURCES.txt'
[3.539s] running build
[3.539s] running build_py
[3.540s] copying control_foxglove/control_foxglove.py -> /home/tristan/Documents/autonomous_car_ece/car_control_wave/ros2_ws/build/control_foxglove/build/lib/control_foxglove
[3.540s] copying control_foxglove/__init__.py -> /home/tristan/Documents/autonomous_car_ece/car_control_wave/ros2_ws/build/control_foxglove/build/lib/control_foxglove
[3.540s] running install
[3.543s] running install_lib
[3.561s] running install_data
[3.561s] copying resource/control_foxglove -> /home/tristan/Documents/autonomous_car_ece/car_control_wave/ros2_ws/install/control_foxglove/share/ament_index/resource_index/packages
[3.562s] copying package.xml -> /home/tristan/Documents/autonomous_car_ece/car_control_wave/ros2_ws/install/control_foxglove/share/control_foxglove
[3.562s] running install_egg_info
[3.581s] removing '/home/tristan/Documents/autonomous_car_ece/car_control_wave/ros2_ws/install/control_foxglove/lib/python3.10/site-packages/control_foxglove-0.0.0-py3.10.egg-info' (and everything under it)
[3.583s] Copying ../../build/control_foxglove/control_foxglove.egg-info to /home/tristan/Documents/autonomous_car_ece/car_control_wave/ros2_ws/install/control_foxglove/lib/python3.10/site-packages/control_foxglove-0.0.0-py3.10.egg-info
[3.584s] running install_scripts
[3.764s] Installing control_foxglove script to /home/tristan/Documents/autonomous_car_ece/car_control_wave/ros2_ws/install/control_foxglove/lib/control_foxglove
[3.764s] writing list of installed files to '/home/tristan/Documents/autonomous_car_ece/car_control_wave/ros2_ws/build/control_foxglove/install.log'
[3.794s] Invoked command in '/home/tristan/Documents/autonomous_car_ece/car_control_wave/ros2_ws/src/control_foxglove' returned '0': PYTHONPATH=/home/tristan/Documents/autonomous_car_ece/car_control_wave/ros2_ws/build/control_foxglove/prefix_override:/usr/lib/python3/dist-packages/colcon_core/task/python/colcon_distutils_commands:/home/tristan/Documents/autonomous_car_ece/car_control_wave/ros2_ws/install/control_foxglove/lib/python3.10/site-packages:${PYTHONPATH} /usr/bin/python3 -W ignore:setup.py install is deprecated -W ignore:easy_install command is deprecated setup.py egg_info --egg-base ../../build/control_foxglove build --build-base /home/tristan/Documents/autonomous_car_ece/car_control_wave/ros2_ws/build/control_foxglove/build install --record /home/tristan/Documents/autonomous_car_ece/car_control_wave/ros2_ws/build/control_foxglove/install.log --single-version-externally-managed install_data
