[1.629s] Invoking command in '/home/tristan/Documents/autonomous_car_ece/car_control_wave/ros2_ws/src/control_foxglove': PYTHONPATH=/home/tristan/Documents/autonomous_car_ece/car_control_wave/ros2_ws/build/control_foxglove/prefix_override:/usr/lib/python3/dist-packages/colcon_core/task/python/colcon_distutils_commands:/home/tristan/Documents/autonomous_car_ece/car_control_wave/ros2_ws/install/control_foxglove/lib/python3.10/site-packages:${PYTHONPATH} /usr/bin/python3 -W ignore:setup.py install is deprecated -W ignore:easy_install command is deprecated setup.py egg_info --egg-base ../../build/control_foxglove build --build-base /home/tristan/Documents/autonomous_car_ece/car_control_wave/ros2_ws/build/control_foxglove/build install --record /home/tristan/Documents/autonomous_car_ece/car_control_wave/ros2_ws/build/control_foxglove/install.log --single-version-externally-managed install_data
[1.978s] running egg_info
[1.998s] writing ../../build/control_foxglove/control_foxglove.egg-info/PKG-INFO
[1.999s] writing dependency_links to ../../build/control_foxglove/control_foxglove.egg-info/dependency_links.txt
[1.999s] writing entry points to ../../build/control_foxglove/control_foxglove.egg-info/entry_points.txt
[1.999s] writing requirements to ../../build/control_foxglove/control_foxglove.egg-info/requires.txt
[1.999s] writing top-level names to ../../build/control_foxglove/control_foxglove.egg-info/top_level.txt
[4.099s] writing manifest file '../../build/control_foxglove/control_foxglove.egg-info/SOURCES.txt'
[4.100s] running build
[4.100s] running build_py
[4.100s] copying control_foxglove/control_foxglove.py -> /home/tristan/Documents/autonomous_car_ece/car_control_wave/ros2_ws/build/control_foxglove/build/lib/control_foxglove
[4.100s] copying control_foxglove/__init__.py -> /home/tristan/Documents/autonomous_car_ece/car_control_wave/ros2_ws/build/control_foxglove/build/lib/control_foxglove
[4.100s] running install
[4.107s] running install_lib
[4.128s] running install_data
[4.128s] copying resource/control_foxglove -> /home/tristan/Documents/autonomous_car_ece/car_control_wave/ros2_ws/install/control_foxglove/share/ament_index/resource_index/packages
[4.128s] copying package.xml -> /home/tristan/Documents/autonomous_car_ece/car_control_wave/ros2_ws/install/control_foxglove/share/control_foxglove
[4.129s] running install_egg_info
[4.151s] removing '/home/tristan/Documents/autonomous_car_ece/car_control_wave/ros2_ws/install/control_foxglove/lib/python3.10/site-packages/control_foxglove-0.0.0-py3.10.egg-info' (and everything under it)
[4.151s] Copying ../../build/control_foxglove/control_foxglove.egg-info to /home/tristan/Documents/autonomous_car_ece/car_control_wave/ros2_ws/install/control_foxglove/lib/python3.10/site-packages/control_foxglove-0.0.0-py3.10.egg-info
[4.151s] running install_scripts
[4.334s] Installing control_foxglove script to /home/tristan/Documents/autonomous_car_ece/car_control_wave/ros2_ws/install/control_foxglove/lib/control_foxglove
[4.335s] writing list of installed files to '/home/tristan/Documents/autonomous_car_ece/car_control_wave/ros2_ws/build/control_foxglove/install.log'
[4.368s] Invoked command in '/home/tristan/Documents/autonomous_car_ece/car_control_wave/ros2_ws/src/control_foxglove' returned '0': PYTHONPATH=/home/tristan/Documents/autonomous_car_ece/car_control_wave/ros2_ws/build/control_foxglove/prefix_override:/usr/lib/python3/dist-packages/colcon_core/task/python/colcon_distutils_commands:/home/tristan/Documents/autonomous_car_ece/car_control_wave/ros2_ws/install/control_foxglove/lib/python3.10/site-packages:${PYTHONPATH} /usr/bin/python3 -W ignore:setup.py install is deprecated -W ignore:easy_install command is deprecated setup.py egg_info --egg-base ../../build/control_foxglove build --build-base /home/tristan/Documents/autonomous_car_ece/car_control_wave/ros2_ws/build/control_foxglove/build install --record /home/tristan/Documents/autonomous_car_ece/car_control_wave/ros2_ws/build/control_foxglove/install.log --single-version-externally-managed install_data
