[1.019s] Invoking command in '/home/tristan/Documents/autonomous_car_ece/car_control_wave/ros2_ws/src/naive_trajectory': PYTHONPATH=/home/tristan/Documents/autonomous_car_ece/car_control_wave/ros2_ws/build/naive_trajectory/prefix_override:/usr/lib/python3/dist-packages/colcon_core/task/python/colcon_distutils_commands:/home/tristan/Documents/autonomous_car_ece/car_control_wave/ros2_ws/install/naive_trajectory/lib/python3.10/site-packages:${PYTHONPATH} /usr/bin/python3 -W ignore:setup.py install is deprecated -W ignore:easy_install command is deprecated setup.py egg_info --egg-base ../../build/naive_trajectory build --build-base /home/tristan/Documents/autonomous_car_ece/car_control_wave/ros2_ws/build/naive_trajectory/build install --record /home/tristan/Documents/autonomous_car_ece/car_control_wave/ros2_ws/build/naive_trajectory/install.log --single-version-externally-managed install_data
[1.230s] running egg_info
[1.242s] writing ../../build/naive_trajectory/naive_trajectory.egg-info/PKG-INFO
[1.243s] writing dependency_links to ../../build/naive_trajectory/naive_trajectory.egg-info/dependency_links.txt
[1.243s] writing entry points to ../../build/naive_trajectory/naive_trajectory.egg-info/entry_points.txt
[1.243s] writing requirements to ../../build/naive_trajectory/naive_trajectory.egg-info/requires.txt
[1.244s] writing top-level names to ../../build/naive_trajectory/naive_trajectory.egg-info/top_level.txt
[2.848s] writing manifest file '../../build/naive_trajectory/naive_trajectory.egg-info/SOURCES.txt'
[2.848s] running build
[2.848s] running build_py
[2.848s] copying naive_trajectory/emulation.py -> /home/tristan/Documents/autonomous_car_ece/car_control_wave/ros2_ws/build/naive_trajectory/build/lib/naive_trajectory
[2.849s] copying naive_trajectory/naive_trajectory2.py -> /home/tristan/Documents/autonomous_car_ece/car_control_wave/ros2_ws/build/naive_trajectory/build/lib/naive_trajectory
[2.849s] copying naive_trajectory/naive_trajectory.py -> /home/tristan/Documents/autonomous_car_ece/car_control_wave/ros2_ws/build/naive_trajectory/build/lib/naive_trajectory
[2.849s] copying naive_trajectory/python_default.py -> /home/tristan/Documents/autonomous_car_ece/car_control_wave/ros2_ws/build/naive_trajectory/build/lib/naive_trajectory
[2.849s] copying naive_trajectory/__init__.py -> /home/tristan/Documents/autonomous_car_ece/car_control_wave/ros2_ws/build/naive_trajectory/build/lib/naive_trajectory
[2.849s] copying naive_trajectory/naive_traj_lidar.py -> /home/tristan/Documents/autonomous_car_ece/car_control_wave/ros2_ws/build/naive_trajectory/build/lib/naive_trajectory
[2.852s] running install
[2.855s] running install_lib
[2.868s] copying /home/tristan/Documents/autonomous_car_ece/car_control_wave/ros2_ws/build/naive_trajectory/build/lib/naive_trajectory/naive_traj_lidar.py -> /home/tristan/Documents/autonomous_car_ece/car_control_wave/ros2_ws/install/naive_trajectory/lib/python3.10/site-packages/naive_trajectory
[2.868s] byte-compiling /home/tristan/Documents/autonomous_car_ece/car_control_wave/ros2_ws/install/naive_trajectory/lib/python3.10/site-packages/naive_trajectory/naive_traj_lidar.py to naive_traj_lidar.cpython-310.pyc
[2.868s] running install_data
[2.868s] copying resource/naive_trajectory -> /home/tristan/Documents/autonomous_car_ece/car_control_wave/ros2_ws/install/naive_trajectory/share/ament_index/resource_index/packages
[2.869s] copying package.xml -> /home/tristan/Documents/autonomous_car_ece/car_control_wave/ros2_ws/install/naive_trajectory/share/naive_trajectory
[2.869s] running install_egg_info
[2.881s] removing '/home/tristan/Documents/autonomous_car_ece/car_control_wave/ros2_ws/install/naive_trajectory/lib/python3.10/site-packages/naive_trajectory-0.0.0-py3.10.egg-info' (and everything under it)
[2.882s] Copying ../../build/naive_trajectory/naive_trajectory.egg-info to /home/tristan/Documents/autonomous_car_ece/car_control_wave/ros2_ws/install/naive_trajectory/lib/python3.10/site-packages/naive_trajectory-0.0.0-py3.10.egg-info
[2.882s] running install_scripts
[3.000s] Installing emulation script to /home/tristan/Documents/autonomous_car_ece/car_control_wave/ros2_ws/install/naive_trajectory/lib/naive_trajectory
[3.000s] Installing imu_odom script to /home/tristan/Documents/autonomous_car_ece/car_control_wave/ros2_ws/install/naive_trajectory/lib/naive_trajectory
[3.000s] Installing naiv_traj_lidar script to /home/tristan/Documents/autonomous_car_ece/car_control_wave/ros2_ws/install/naive_trajectory/lib/naive_trajectory
[3.000s] Installing naive_trajectory script to /home/tristan/Documents/autonomous_car_ece/car_control_wave/ros2_ws/install/naive_trajectory/lib/naive_trajectory
[3.000s] Installing naive_trajectory2 script to /home/tristan/Documents/autonomous_car_ece/car_control_wave/ros2_ws/install/naive_trajectory/lib/naive_trajectory
[3.001s] writing list of installed files to '/home/tristan/Documents/autonomous_car_ece/car_control_wave/ros2_ws/build/naive_trajectory/install.log'
[3.029s] Invoked command in '/home/tristan/Documents/autonomous_car_ece/car_control_wave/ros2_ws/src/naive_trajectory' returned '0': PYTHONPATH=/home/tristan/Documents/autonomous_car_ece/car_control_wave/ros2_ws/build/naive_trajectory/prefix_override:/usr/lib/python3/dist-packages/colcon_core/task/python/colcon_distutils_commands:/home/tristan/Documents/autonomous_car_ece/car_control_wave/ros2_ws/install/naive_trajectory/lib/python3.10/site-packages:${PYTHONPATH} /usr/bin/python3 -W ignore:setup.py install is deprecated -W ignore:easy_install command is deprecated setup.py egg_info --egg-base ../../build/naive_trajectory build --build-base /home/tristan/Documents/autonomous_car_ece/car_control_wave/ros2_ws/build/naive_trajectory/build install --record /home/tristan/Documents/autonomous_car_ece/car_control_wave/ros2_ws/build/naive_trajectory/install.log --single-version-externally-managed install_data
