[0.781s] Invoking command in '/home/tristan/Documents/autonomous_car_ece/car_control_wave/ros2_ws/src/rover_slam_ws': PYTHONPATH=/home/tristan/Documents/autonomous_car_ece/car_control_wave/ros2_ws/build/my_rover_slam/prefix_override:/usr/lib/python3/dist-packages/colcon_core/task/python/colcon_distutils_commands:/home/tristan/Documents/autonomous_car_ece/car_control_wave/ros2_ws/install/my_rover_slam/lib/python3.10/site-packages:${PYTHONPATH} /usr/bin/python3 -W ignore:setup.py install is deprecated -W ignore:easy_install command is deprecated setup.py egg_info --egg-base ../../build/my_rover_slam build --build-base /home/tristan/Documents/autonomous_car_ece/car_control_wave/ros2_ws/build/my_rover_slam/build install --record /home/tristan/Documents/autonomous_car_ece/car_control_wave/ros2_ws/build/my_rover_slam/install.log --single-version-externally-managed install_data
[0.938s] running egg_info
[0.948s] writing ../../build/my_rover_slam/my_rover_slam.egg-info/PKG-INFO
[0.948s] writing dependency_links to ../../build/my_rover_slam/my_rover_slam.egg-info/dependency_links.txt
[0.948s] writing entry points to ../../build/my_rover_slam/my_rover_slam.egg-info/entry_points.txt
[0.948s] writing requirements to ../../build/my_rover_slam/my_rover_slam.egg-info/requires.txt
[0.948s] writing top-level names to ../../build/my_rover_slam/my_rover_slam.egg-info/top_level.txt
[2.068s] writing manifest file '../../build/my_rover_slam/my_rover_slam.egg-info/SOURCES.txt'
[2.068s] running build
[2.068s] running build_py
[2.068s] copying my_rover_slam/static_tf_publisher.py -> /home/tristan/Documents/autonomous_car_ece/car_control_wave/ros2_ws/build/my_rover_slam/build/lib/my_rover_slam
[2.068s] copying my_rover_slam/scan_time_fixer.py -> /home/tristan/Documents/autonomous_car_ece/car_control_wave/ros2_ws/build/my_rover_slam/build/lib/my_rover_slam
[2.068s] copying my_rover_slam/imu_odometry_node.py -> /home/tristan/Documents/autonomous_car_ece/car_control_wave/ros2_ws/build/my_rover_slam/build/lib/my_rover_slam
[2.068s] copying my_rover_slam/wheel_odometry.py -> /home/tristan/Documents/autonomous_car_ece/car_control_wave/ros2_ws/build/my_rover_slam/build/lib/my_rover_slam
[2.068s] copying my_rover_slam/__init__.py -> /home/tristan/Documents/autonomous_car_ece/car_control_wave/ros2_ws/build/my_rover_slam/build/lib/my_rover_slam
[2.068s] running install
[2.070s] running install_lib
[2.081s] copying /home/tristan/Documents/autonomous_car_ece/car_control_wave/ros2_ws/build/my_rover_slam/build/lib/my_rover_slam/wheel_odometry.py -> /home/tristan/Documents/autonomous_car_ece/car_control_wave/ros2_ws/install/my_rover_slam/lib/python3.10/site-packages/my_rover_slam
[2.082s] byte-compiling /home/tristan/Documents/autonomous_car_ece/car_control_wave/ros2_ws/install/my_rover_slam/lib/python3.10/site-packages/my_rover_slam/wheel_odometry.py to wheel_odometry.cpython-310.pyc
[2.082s] running install_data
[2.082s] copying resource/my_rover_slam -> /home/tristan/Documents/autonomous_car_ece/car_control_wave/ros2_ws/install/my_rover_slam/share/ament_index/resource_index/packages
[2.083s] copying package.xml -> /home/tristan/Documents/autonomous_car_ece/car_control_wave/ros2_ws/install/my_rover_slam/share/my_rover_slam
[2.083s] copying launch/start_slam.launch.py -> /home/tristan/Documents/autonomous_car_ece/car_control_wave/ros2_ws/install/my_rover_slam/share/my_rover_slam/launch
[2.083s] running install_egg_info
[2.094s] removing '/home/tristan/Documents/autonomous_car_ece/car_control_wave/ros2_ws/install/my_rover_slam/lib/python3.10/site-packages/my_rover_slam-0.0.0-py3.10.egg-info' (and everything under it)
[2.100s] Copying ../../build/my_rover_slam/my_rover_slam.egg-info to /home/tristan/Documents/autonomous_car_ece/car_control_wave/ros2_ws/install/my_rover_slam/lib/python3.10/site-packages/my_rover_slam-0.0.0-py3.10.egg-info
[2.100s] running install_scripts
[2.191s] Installing imu_odometry_node script to /home/tristan/Documents/autonomous_car_ece/car_control_wave/ros2_ws/install/my_rover_slam/lib/my_rover_slam
[2.191s] Installing scan_time_fixer script to /home/tristan/Documents/autonomous_car_ece/car_control_wave/ros2_ws/install/my_rover_slam/lib/my_rover_slam
[2.191s] Installing static_tf_publisher script to /home/tristan/Documents/autonomous_car_ece/car_control_wave/ros2_ws/install/my_rover_slam/lib/my_rover_slam
[2.191s] Installing wheel_odometry_node script to /home/tristan/Documents/autonomous_car_ece/car_control_wave/ros2_ws/install/my_rover_slam/lib/my_rover_slam
[2.191s] writing list of installed files to '/home/tristan/Documents/autonomous_car_ece/car_control_wave/ros2_ws/build/my_rover_slam/install.log'
[2.205s] Invoked command in '/home/tristan/Documents/autonomous_car_ece/car_control_wave/ros2_ws/src/rover_slam_ws' returned '0': PYTHONPATH=/home/tristan/Documents/autonomous_car_ece/car_control_wave/ros2_ws/build/my_rover_slam/prefix_override:/usr/lib/python3/dist-packages/colcon_core/task/python/colcon_distutils_commands:/home/tristan/Documents/autonomous_car_ece/car_control_wave/ros2_ws/install/my_rover_slam/lib/python3.10/site-packages:${PYTHONPATH} /usr/bin/python3 -W ignore:setup.py install is deprecated -W ignore:easy_install command is deprecated setup.py egg_info --egg-base ../../build/my_rover_slam build --build-base /home/tristan/Documents/autonomous_car_ece/car_control_wave/ros2_ws/build/my_rover_slam/build install --record /home/tristan/Documents/autonomous_car_ece/car_control_wave/ros2_ws/build/my_rover_slam/install.log --single-version-externally-managed install_data
