[1.261s] Invoking command in '/home/tristan/Documents/autonomous_car_ece/car_control_wave/ros2_ws/src/naive_trajectory': PYTHONPATH=/home/tristan/Documents/autonomous_car_ece/car_control_wave/build/naive_trajectory/prefix_override:/usr/lib/python3/dist-packages/colcon_core/task/python/colcon_distutils_commands:/home/tristan/Documents/autonomous_car_ece/car_control_wave/install/naive_trajectory/lib/python3.10/site-packages:${PYTHONPATH} /usr/bin/python3 -W ignore:setup.py install is deprecated -W ignore:easy_install command is deprecated setup.py egg_info --egg-base ../../../build/naive_trajectory build --build-base /home/tristan/Documents/autonomous_car_ece/car_control_wave/build/naive_trajectory/build install --record /home/tristan/Documents/autonomous_car_ece/car_control_wave/build/naive_trajectory/install.log --single-version-externally-managed install_data
[1.587s] running egg_info
[1.587s] creating ../../../build/naive_trajectory/naive_trajectory.egg-info
[1.602s] writing ../../../build/naive_trajectory/naive_trajectory.egg-info/PKG-INFO
[1.602s] writing dependency_links to ../../../build/naive_trajectory/naive_trajectory.egg-info/dependency_links.txt
[1.602s] writing entry points to ../../../build/naive_trajectory/naive_trajectory.egg-info/entry_points.txt
[1.602s] writing requirements to ../../../build/naive_trajectory/naive_trajectory.egg-info/requires.txt
[1.602s] writing top-level names to ../../../build/naive_trajectory/naive_trajectory.egg-info/top_level.txt
[1.603s] writing manifest file '../../../build/naive_trajectory/naive_trajectory.egg-info/SOURCES.txt'
[3.298s] writing manifest file '../../../build/naive_trajectory/naive_trajectory.egg-info/SOURCES.txt'
[3.298s] running build
[3.298s] running build_py
[3.298s] creating /home/tristan/Documents/autonomous_car_ece/car_control_wave/build/naive_trajectory/build
[3.298s] creating /home/tristan/Documents/autonomous_car_ece/car_control_wave/build/naive_trajectory/build/lib
[3.298s] creating /home/tristan/Documents/autonomous_car_ece/car_control_wave/build/naive_trajectory/build/lib/naive_trajectory
[3.298s] copying naive_trajectory/emulation.py -> /home/tristan/Documents/autonomous_car_ece/car_control_wave/build/naive_trajectory/build/lib/naive_trajectory
[3.299s] copying naive_trajectory/naive_trajectory2.py -> /home/tristan/Documents/autonomous_car_ece/car_control_wave/build/naive_trajectory/build/lib/naive_trajectory
[3.299s] copying naive_trajectory/naive_trajectory.py -> /home/tristan/Documents/autonomous_car_ece/car_control_wave/build/naive_trajectory/build/lib/naive_trajectory
[3.299s] copying naive_trajectory/pure_pursuit.py -> /home/tristan/Documents/autonomous_car_ece/car_control_wave/build/naive_trajectory/build/lib/naive_trajectory
[3.299s] copying naive_trajectory/planner.py -> /home/tristan/Documents/autonomous_car_ece/car_control_wave/build/naive_trajectory/build/lib/naive_trajectory
[3.300s] copying naive_trajectory/python_default.py -> /home/tristan/Documents/autonomous_car_ece/car_control_wave/build/naive_trajectory/build/lib/naive_trajectory
[3.300s] copying naive_trajectory/__init__.py -> /home/tristan/Documents/autonomous_car_ece/car_control_wave/build/naive_trajectory/build/lib/naive_trajectory
[3.300s] copying naive_trajectory/naive_traj_lidar.py -> /home/tristan/Documents/autonomous_car_ece/car_control_wave/build/naive_trajectory/build/lib/naive_trajectory
[3.300s] running install
[3.304s] running install_lib
[3.325s] creating /home/tristan/Documents/autonomous_car_ece/car_control_wave/install/naive_trajectory/lib/python3.10/site-packages/naive_trajectory
[3.325s] copying /home/tristan/Documents/autonomous_car_ece/car_control_wave/build/naive_trajectory/build/lib/naive_trajectory/emulation.py -> /home/tristan/Documents/autonomous_car_ece/car_control_wave/install/naive_trajectory/lib/python3.10/site-packages/naive_trajectory
[3.325s] copying /home/tristan/Documents/autonomous_car_ece/car_control_wave/build/naive_trajectory/build/lib/naive_trajectory/naive_trajectory2.py -> /home/tristan/Documents/autonomous_car_ece/car_control_wave/install/naive_trajectory/lib/python3.10/site-packages/naive_trajectory
[3.325s] copying /home/tristan/Documents/autonomous_car_ece/car_control_wave/build/naive_trajectory/build/lib/naive_trajectory/naive_trajectory.py -> /home/tristan/Documents/autonomous_car_ece/car_control_wave/install/naive_trajectory/lib/python3.10/site-packages/naive_trajectory
[3.325s] copying /home/tristan/Documents/autonomous_car_ece/car_control_wave/build/naive_trajectory/build/lib/naive_trajectory/pure_pursuit.py -> /home/tristan/Documents/autonomous_car_ece/car_control_wave/install/naive_trajectory/lib/python3.10/site-packages/naive_trajectory
[3.326s] copying /home/tristan/Documents/autonomous_car_ece/car_control_wave/build/naive_trajectory/build/lib/naive_trajectory/planner.py -> /home/tristan/Documents/autonomous_car_ece/car_control_wave/install/naive_trajectory/lib/python3.10/site-packages/naive_trajectory
[3.326s] copying /home/tristan/Documents/autonomous_car_ece/car_control_wave/build/naive_trajectory/build/lib/naive_trajectory/python_default.py -> /home/tristan/Documents/autonomous_car_ece/car_control_wave/install/naive_trajectory/lib/python3.10/site-packages/naive_trajectory
[3.326s] copying /home/tristan/Documents/autonomous_car_ece/car_control_wave/build/naive_trajectory/build/lib/naive_trajectory/__init__.py -> /home/tristan/Documents/autonomous_car_ece/car_control_wave/install/naive_trajectory/lib/python3.10/site-packages/naive_trajectory
[3.327s] copying /home/tristan/Documents/autonomous_car_ece/car_control_wave/build/naive_trajectory/build/lib/naive_trajectory/naive_traj_lidar.py -> /home/tristan/Documents/autonomous_car_ece/car_control_wave/install/naive_trajectory/lib/python3.10/site-packages/naive_trajectory
[3.327s] byte-compiling /home/tristan/Documents/autonomous_car_ece/car_control_wave/install/naive_trajectory/lib/python3.10/site-packages/naive_trajectory/emulation.py to emulation.cpython-310.pyc
[3.331s] byte-compiling /home/tristan/Documents/autonomous_car_ece/car_control_wave/install/naive_trajectory/lib/python3.10/site-packages/naive_trajectory/naive_trajectory2.py to naive_trajectory2.cpython-310.pyc
[3.331s] byte-compiling /home/tristan/Documents/autonomous_car_ece/car_control_wave/install/naive_trajectory/lib/python3.10/site-packages/naive_trajectory/naive_trajectory.py to naive_trajectory.cpython-310.pyc
[3.334s] byte-compiling /home/tristan/Documents/autonomous_car_ece/car_control_wave/install/naive_trajectory/lib/python3.10/site-packages/naive_trajectory/pure_pursuit.py to pure_pursuit.cpython-310.pyc
[3.336s] byte-compiling /home/tristan/Documents/autonomous_car_ece/car_control_wave/install/naive_trajectory/lib/python3.10/site-packages/naive_trajectory/planner.py to planner.cpython-310.pyc
[3.338s] byte-compiling /home/tristan/Documents/autonomous_car_ece/car_control_wave/install/naive_trajectory/lib/python3.10/site-packages/naive_trajectory/python_default.py to python_default.cpython-310.pyc
[3.339s] byte-compiling /home/tristan/Documents/autonomous_car_ece/car_control_wave/install/naive_trajectory/lib/python3.10/site-packages/naive_trajectory/__init__.py to __init__.cpython-310.pyc
[3.339s] byte-compiling /home/tristan/Documents/autonomous_car_ece/car_control_wave/install/naive_trajectory/lib/python3.10/site-packages/naive_trajectory/naive_traj_lidar.py to naive_traj_lidar.cpython-310.pyc
[3.342s] running install_data
[3.343s] creating /home/tristan/Documents/autonomous_car_ece/car_control_wave/install/naive_trajectory/share/ament_index
[3.343s] creating /home/tristan/Documents/autonomous_car_ece/car_control_wave/install/naive_trajectory/share/ament_index/resource_index
[3.344s] creating /home/tristan/Documents/autonomous_car_ece/car_control_wave/install/naive_trajectory/share/ament_index/resource_index/packages
[3.344s] copying resource/naive_trajectory -> /home/tristan/Documents/autonomous_car_ece/car_control_wave/install/naive_trajectory/share/ament_index/resource_index/packages
[3.344s] copying package.xml -> /home/tristan/Documents/autonomous_car_ece/car_control_wave/install/naive_trajectory/share/naive_trajectory
[3.345s] creating /home/tristan/Documents/autonomous_car_ece/car_control_wave/install/naive_trajectory/share/naive_trajectory/launch
[3.345s] copying launch/traj.launch.py -> /home/tristan/Documents/autonomous_car_ece/car_control_wave/install/naive_trajectory/share/naive_trajectory/launch
[3.345s] running install_egg_info
[3.365s] Copying ../../../build/naive_trajectory/naive_trajectory.egg-info to /home/tristan/Documents/autonomous_car_ece/car_control_wave/install/naive_trajectory/lib/python3.10/site-packages/naive_trajectory-0.0.0-py3.10.egg-info
[3.366s] running install_scripts
[3.535s] Installing naive_traj_lidar script to /home/tristan/Documents/autonomous_car_ece/car_control_wave/install/naive_trajectory/lib/naive_trajectory
[3.535s] Installing planner script to /home/tristan/Documents/autonomous_car_ece/car_control_wave/install/naive_trajectory/lib/naive_trajectory
[3.535s] Installing pure_pursuit script to /home/tristan/Documents/autonomous_car_ece/car_control_wave/install/naive_trajectory/lib/naive_trajectory
[3.536s] writing list of installed files to '/home/tristan/Documents/autonomous_car_ece/car_control_wave/build/naive_trajectory/install.log'
[3.569s] Invoked command in '/home/tristan/Documents/autonomous_car_ece/car_control_wave/ros2_ws/src/naive_trajectory' returned '0': PYTHONPATH=/home/tristan/Documents/autonomous_car_ece/car_control_wave/build/naive_trajectory/prefix_override:/usr/lib/python3/dist-packages/colcon_core/task/python/colcon_distutils_commands:/home/tristan/Documents/autonomous_car_ece/car_control_wave/install/naive_trajectory/lib/python3.10/site-packages:${PYTHONPATH} /usr/bin/python3 -W ignore:setup.py install is deprecated -W ignore:easy_install command is deprecated setup.py egg_info --egg-base ../../../build/naive_trajectory build --build-base /home/tristan/Documents/autonomous_car_ece/car_control_wave/build/naive_trajectory/build install --record /home/tristan/Documents/autonomous_car_ece/car_control_wave/build/naive_trajectory/install.log --single-version-externally-managed install_data
