[35m[1mConsolidate compiler generated dependencies of target rf2o_laser_odometry_node[0m
[35m[1mConsolidate compiler generated dependencies of target rf2o_laser_odometry[0m
[ 20%] [32m[1mLinking CXX static library librf2o_laser_odometry.a[0m
[ 40%] [32m[1mLinking CXX executable rf2o_laser_odometry_node[0m
[ 60%] Built target rf2o_laser_odometry
[100%] Built target rf2o_laser_odometry_node
-- Install configuration: ""
-- Installing: /home/tristan/Documents/autonomous_car_ece/car_control_wave/install/rf2o_laser_odometry/lib/rf2o_laser_odometry/rf2o_laser_odometry_node
-- Set runtime path of "/home/tristan/Documents/autonomous_car_ece/car_control_wave/install/rf2o_laser_odometry/lib/rf2o_laser_odometry/rf2o_laser_odometry_node" to ""
-- Installing: /home/tristan/Documents/autonomous_car_ece/car_control_wave/install/rf2o_laser_odometry/share/rf2o_laser_odometry/launch
-- Installing: /home/tristan/Documents/autonomous_car_ece/car_control_wave/install/rf2o_laser_odometry/share/rf2o_laser_odometry/launch/rf2o_laser_odometry.launch.py
-- Installing: /home/tristan/Documents/autonomous_car_ece/car_control_wave/install/rf2o_laser_odometry/share/ament_index/resource_index/package_run_dependencies/rf2o_laser_odometry
-- Installing: /home/tristan/Documents/autonomous_car_ece/car_control_wave/install/rf2o_laser_odometry/share/ament_index/resource_index/parent_prefix_path/rf2o_laser_odometry
-- Installing: /home/tristan/Documents/autonomous_car_ece/car_control_wave/install/rf2o_laser_odometry/share/rf2o_laser_odometry/environment/ament_prefix_path.sh
-- Installing: /home/tristan/Documents/autonomous_car_ece/car_control_wave/install/rf2o_laser_odometry/share/rf2o_laser_odometry/environment/ament_prefix_path.dsv
-- Installing: /home/tristan/Documents/autonomous_car_ece/car_control_wave/install/rf2o_laser_odometry/share/rf2o_laser_odometry/environment/path.sh
-- Installing: /home/tristan/Documents/autonomous_car_ece/car_control_wave/install/rf2o_laser_odometry/share/rf2o_laser_odometry/environment/path.dsv
-- Installing: /home/tristan/Documents/autonomous_car_ece/car_control_wave/install/rf2o_laser_odometry/share/rf2o_laser_odometry/local_setup.bash
-- Installing: /home/tristan/Documents/autonomous_car_ece/car_control_wave/install/rf2o_laser_odometry/share/rf2o_laser_odometry/local_setup.sh
-- Installing: /home/tristan/Documents/autonomous_car_ece/car_control_wave/install/rf2o_laser_odometry/share/rf2o_laser_odometry/local_setup.zsh
-- Installing: /home/tristan/Documents/autonomous_car_ece/car_control_wave/install/rf2o_laser_odometry/share/rf2o_laser_odometry/local_setup.dsv
-- Installing: /home/tristan/Documents/autonomous_car_ece/car_control_wave/install/rf2o_laser_odometry/share/rf2o_laser_odometry/package.dsv
-- Installing: /home/tristan/Documents/autonomous_car_ece/car_control_wave/install/rf2o_laser_odometry/share/ament_index/resource_index/packages/rf2o_laser_odometry
-- Installing: /home/tristan/Documents/autonomous_car_ece/car_control_wave/install/rf2o_laser_odometry/share/rf2o_laser_odometry/cmake/rf2o_laser_odometryConfig.cmake
-- Installing: /home/tristan/Documents/autonomous_car_ece/car_control_wave/install/rf2o_laser_odometry/share/rf2o_laser_odometry/cmake/rf2o_laser_odometryConfig-version.cmake
-- Installing: /home/tristan/Documents/autonomous_car_ece/car_control_wave/install/rf2o_laser_odometry/share/rf2o_laser_odometry/package.xml
