[0.615s] Invoking command in '/home/tristan/Documents/autonomous_car_ece/car_control_wave/build/rf2o_laser_odometry': CMAKE_PREFIX_PATH=${CMAKE_PREFIX_PATH}:/home/tristan/Documents/autonomous_car_ece/car_control_wave/ros2_ws/install/naive_trajectory:/home/tristan/Documents/autonomous_car_ece/car_control_wave/ros2_ws/install/my_rover_slam:/home/tristan/Documents/autonomous_car_ece/car_control_wave/ros2_ws/install/control_foxglove:/home/tristan/ros2_ws/install/ntrip_client:/home/tristan/ros2_ws/install/arece_stereo_python:/home/tristan/ros2_ws/install/arece_rqt:/home/tristan/ros2_ws/install/arece_trajectory_torch:/home/tristan/ros2_ws/install/arece_launcher:/home/tristan/ros2_ws/install/arece_tracks:/home/tristan/ros2_ws/install/arece_state_machine_python:/home/tristan/ros2_ws/install/arece_racecar:/home/tristan/ros2_ws/install/arece_gps:/home/tristan/ros2_ws/install/arece_compet_python:/opt/ros/humble /usr/bin/cmake --build /home/tristan/Documents/autonomous_car_ece/car_control_wave/build/rf2o_laser_odometry -- -j24 -l24
[0.667s] [35m[1mConsolidate compiler generated dependencies of target rf2o_laser_odometry_node[0m
[0.670s] [35m[1mConsolidate compiler generated dependencies of target rf2o_laser_odometry[0m
[0.697s] [ 20%] [32m[1mLinking CXX static library librf2o_laser_odometry.a[0m
[0.700s] [ 40%] [32m[1mLinking CXX executable rf2o_laser_odometry_node[0m
[1.051s] [ 60%] Built target rf2o_laser_odometry
[2.002s] [100%] Built target rf2o_laser_odometry_node
[2.022s] Invoked command in '/home/tristan/Documents/autonomous_car_ece/car_control_wave/build/rf2o_laser_odometry' returned '0': CMAKE_PREFIX_PATH=${CMAKE_PREFIX_PATH}:/home/tristan/Documents/autonomous_car_ece/car_control_wave/ros2_ws/install/naive_trajectory:/home/tristan/Documents/autonomous_car_ece/car_control_wave/ros2_ws/install/my_rover_slam:/home/tristan/Documents/autonomous_car_ece/car_control_wave/ros2_ws/install/control_foxglove:/home/tristan/ros2_ws/install/ntrip_client:/home/tristan/ros2_ws/install/arece_stereo_python:/home/tristan/ros2_ws/install/arece_rqt:/home/tristan/ros2_ws/install/arece_trajectory_torch:/home/tristan/ros2_ws/install/arece_launcher:/home/tristan/ros2_ws/install/arece_tracks:/home/tristan/ros2_ws/install/arece_state_machine_python:/home/tristan/ros2_ws/install/arece_racecar:/home/tristan/ros2_ws/install/arece_gps:/home/tristan/ros2_ws/install/arece_compet_python:/opt/ros/humble /usr/bin/cmake --build /home/tristan/Documents/autonomous_car_ece/car_control_wave/build/rf2o_laser_odometry -- -j24 -l24
[2.026s] Invoking command in '/home/tristan/Documents/autonomous_car_ece/car_control_wave/build/rf2o_laser_odometry': CMAKE_PREFIX_PATH=${CMAKE_PREFIX_PATH}:/home/tristan/Documents/autonomous_car_ece/car_control_wave/ros2_ws/install/naive_trajectory:/home/tristan/Documents/autonomous_car_ece/car_control_wave/ros2_ws/install/my_rover_slam:/home/tristan/Documents/autonomous_car_ece/car_control_wave/ros2_ws/install/control_foxglove:/home/tristan/ros2_ws/install/ntrip_client:/home/tristan/ros2_ws/install/arece_stereo_python:/home/tristan/ros2_ws/install/arece_rqt:/home/tristan/ros2_ws/install/arece_trajectory_torch:/home/tristan/ros2_ws/install/arece_launcher:/home/tristan/ros2_ws/install/arece_tracks:/home/tristan/ros2_ws/install/arece_state_machine_python:/home/tristan/ros2_ws/install/arece_racecar:/home/tristan/ros2_ws/install/arece_gps:/home/tristan/ros2_ws/install/arece_compet_python:/opt/ros/humble /usr/bin/cmake --install /home/tristan/Documents/autonomous_car_ece/car_control_wave/build/rf2o_laser_odometry
[2.039s] -- Install configuration: ""
[2.039s] -- Installing: /home/tristan/Documents/autonomous_car_ece/car_control_wave/install/rf2o_laser_odometry/lib/rf2o_laser_odometry/rf2o_laser_odometry_node
[2.047s] -- Set runtime path of "/home/tristan/Documents/autonomous_car_ece/car_control_wave/install/rf2o_laser_odometry/lib/rf2o_laser_odometry/rf2o_laser_odometry_node" to ""
[2.048s] -- Installing: /home/tristan/Documents/autonomous_car_ece/car_control_wave/install/rf2o_laser_odometry/share/rf2o_laser_odometry/launch
[2.049s] -- Installing: /home/tristan/Documents/autonomous_car_ece/car_control_wave/install/rf2o_laser_odometry/share/rf2o_laser_odometry/launch/rf2o_laser_odometry.launch.py
[2.049s] -- Installing: /home/tristan/Documents/autonomous_car_ece/car_control_wave/install/rf2o_laser_odometry/share/ament_index/resource_index/package_run_dependencies/rf2o_laser_odometry
[2.049s] -- Installing: /home/tristan/Documents/autonomous_car_ece/car_control_wave/install/rf2o_laser_odometry/share/ament_index/resource_index/parent_prefix_path/rf2o_laser_odometry
[2.049s] -- Installing: /home/tristan/Documents/autonomous_car_ece/car_control_wave/install/rf2o_laser_odometry/share/rf2o_laser_odometry/environment/ament_prefix_path.sh
[2.049s] -- Installing: /home/tristan/Documents/autonomous_car_ece/car_control_wave/install/rf2o_laser_odometry/share/rf2o_laser_odometry/environment/ament_prefix_path.dsv
[2.050s] -- Installing: /home/tristan/Documents/autonomous_car_ece/car_control_wave/install/rf2o_laser_odometry/share/rf2o_laser_odometry/environment/path.sh
[2.051s] -- Installing: /home/tristan/Documents/autonomous_car_ece/car_control_wave/install/rf2o_laser_odometry/share/rf2o_laser_odometry/environment/path.dsv
[2.052s] -- Installing: /home/tristan/Documents/autonomous_car_ece/car_control_wave/install/rf2o_laser_odometry/share/rf2o_laser_odometry/local_setup.bash
[2.052s] -- Installing: /home/tristan/Documents/autonomous_car_ece/car_control_wave/install/rf2o_laser_odometry/share/rf2o_laser_odometry/local_setup.sh
[2.052s] -- Installing: /home/tristan/Documents/autonomous_car_ece/car_control_wave/install/rf2o_laser_odometry/share/rf2o_laser_odometry/local_setup.zsh
[2.052s] -- Installing: /home/tristan/Documents/autonomous_car_ece/car_control_wave/install/rf2o_laser_odometry/share/rf2o_laser_odometry/local_setup.dsv
[2.052s] -- Installing: /home/tristan/Documents/autonomous_car_ece/car_control_wave/install/rf2o_laser_odometry/share/rf2o_laser_odometry/package.dsv
[2.052s] -- Installing: /home/tristan/Documents/autonomous_car_ece/car_control_wave/install/rf2o_laser_odometry/share/ament_index/resource_index/packages/rf2o_laser_odometry
[2.052s] -- Installing: /home/tristan/Documents/autonomous_car_ece/car_control_wave/install/rf2o_laser_odometry/share/rf2o_laser_odometry/cmake/rf2o_laser_odometryConfig.cmake
[2.053s] -- Installing: /home/tristan/Documents/autonomous_car_ece/car_control_wave/install/rf2o_laser_odometry/share/rf2o_laser_odometry/cmake/rf2o_laser_odometryConfig-version.cmake
[2.053s] -- Installing: /home/tristan/Documents/autonomous_car_ece/car_control_wave/install/rf2o_laser_odometry/share/rf2o_laser_odometry/package.xml
[2.056s] Invoked command in '/home/tristan/Documents/autonomous_car_ece/car_control_wave/build/rf2o_laser_odometry' returned '0': CMAKE_PREFIX_PATH=${CMAKE_PREFIX_PATH}:/home/tristan/Documents/autonomous_car_ece/car_control_wave/ros2_ws/install/naive_trajectory:/home/tristan/Documents/autonomous_car_ece/car_control_wave/ros2_ws/install/my_rover_slam:/home/tristan/Documents/autonomous_car_ece/car_control_wave/ros2_ws/install/control_foxglove:/home/tristan/ros2_ws/install/ntrip_client:/home/tristan/ros2_ws/install/arece_stereo_python:/home/tristan/ros2_ws/install/arece_rqt:/home/tristan/ros2_ws/install/arece_trajectory_torch:/home/tristan/ros2_ws/install/arece_launcher:/home/tristan/ros2_ws/install/arece_tracks:/home/tristan/ros2_ws/install/arece_state_machine_python:/home/tristan/ros2_ws/install/arece_racecar:/home/tristan/ros2_ws/install/arece_gps:/home/tristan/ros2_ws/install/arece_compet_python:/opt/ros/humble /usr/bin/cmake --install /home/tristan/Documents/autonomous_car_ece/car_control_wave/build/rf2o_laser_odometry
