[1.569s] Invoking command in '/home/tristan/Documents/autonomous_car_ece/car_control_wave/ros2_ws/src/naive_trajectory': PYTHONPATH=/home/tristan/Documents/autonomous_car_ece/car_control_wave/ros2_ws/build/naive_trajectory/prefix_override:/usr/lib/python3/dist-packages/colcon_core/task/python/colcon_distutils_commands:/home/tristan/Documents/autonomous_car_ece/car_control_wave/ros2_ws/install/naive_trajectory/lib/python3.10/site-packages:${PYTHONPATH} /usr/bin/python3 -W ignore:setup.py install is deprecated -W ignore:easy_install command is deprecated setup.py egg_info --egg-base ../../build/naive_trajectory build --build-base /home/tristan/Documents/autonomous_car_ece/car_control_wave/ros2_ws/build/naive_trajectory/build install --record /home/tristan/Documents/autonomous_car_ece/car_control_wave/ros2_ws/build/naive_trajectory/install.log --single-version-externally-managed install_data
[1.873s] running egg_info
[1.890s] writing ../../build/naive_trajectory/naive_trajectory.egg-info/PKG-INFO
[1.894s] writing dependency_links to ../../build/naive_trajectory/naive_trajectory.egg-info/dependency_links.txt
[1.894s] writing entry points to ../../build/naive_trajectory/naive_trajectory.egg-info/entry_points.txt
[1.894s] writing requirements to ../../build/naive_trajectory/naive_trajectory.egg-info/requires.txt
[1.894s] writing top-level names to ../../build/naive_trajectory/naive_trajectory.egg-info/top_level.txt
[3.893s] writing manifest file '../../build/naive_trajectory/naive_trajectory.egg-info/SOURCES.txt'
[3.893s] running build
[3.893s] running build_py
[3.893s] copying naive_trajectory/emulation.py -> /home/tristan/Documents/autonomous_car_ece/car_control_wave/ros2_ws/build/naive_trajectory/build/lib/naive_trajectory
[3.893s] copying naive_trajectory/naive_trajectory2.py -> /home/tristan/Documents/autonomous_car_ece/car_control_wave/ros2_ws/build/naive_trajectory/build/lib/naive_trajectory
[3.893s] copying naive_trajectory/naive_trajectory.py -> /home/tristan/Documents/autonomous_car_ece/car_control_wave/ros2_ws/build/naive_trajectory/build/lib/naive_trajectory
[3.893s] copying naive_trajectory/pure_pursuit.py -> /home/tristan/Documents/autonomous_car_ece/car_control_wave/ros2_ws/build/naive_trajectory/build/lib/naive_trajectory
[3.894s] copying naive_trajectory/planner.py -> /home/tristan/Documents/autonomous_car_ece/car_control_wave/ros2_ws/build/naive_trajectory/build/lib/naive_trajectory
[3.894s] copying naive_trajectory/python_default.py -> /home/tristan/Documents/autonomous_car_ece/car_control_wave/ros2_ws/build/naive_trajectory/build/lib/naive_trajectory
[3.894s] copying naive_trajectory/__init__.py -> /home/tristan/Documents/autonomous_car_ece/car_control_wave/ros2_ws/build/naive_trajectory/build/lib/naive_trajectory
[3.895s] copying naive_trajectory/naive_traj_lidar.py -> /home/tristan/Documents/autonomous_car_ece/car_control_wave/ros2_ws/build/naive_trajectory/build/lib/naive_trajectory
[3.895s] running install
[3.903s] running install_lib
[3.923s] copying /home/tristan/Documents/autonomous_car_ece/car_control_wave/ros2_ws/build/naive_trajectory/build/lib/naive_trajectory/pure_pursuit.py -> /home/tristan/Documents/autonomous_car_ece/car_control_wave/ros2_ws/install/naive_trajectory/lib/python3.10/site-packages/naive_trajectory
[3.925s] byte-compiling /home/tristan/Documents/autonomous_car_ece/car_control_wave/ros2_ws/install/naive_trajectory/lib/python3.10/site-packages/naive_trajectory/pure_pursuit.py to pure_pursuit.cpython-310.pyc
[3.929s] running install_data
[3.929s] copying resource/naive_trajectory -> /home/tristan/Documents/autonomous_car_ece/car_control_wave/ros2_ws/install/naive_trajectory/share/ament_index/resource_index/packages
[3.930s] copying package.xml -> /home/tristan/Documents/autonomous_car_ece/car_control_wave/ros2_ws/install/naive_trajectory/share/naive_trajectory
[3.930s] copying launch/traj.launch.py -> /home/tristan/Documents/autonomous_car_ece/car_control_wave/ros2_ws/install/naive_trajectory/share/naive_trajectory/launch
[3.930s] running install_egg_info
[3.965s] removing '/home/tristan/Documents/autonomous_car_ece/car_control_wave/ros2_ws/install/naive_trajectory/lib/python3.10/site-packages/naive_trajectory-0.0.0-py3.10.egg-info' (and everything under it)
[3.965s] Copying ../../build/naive_trajectory/naive_trajectory.egg-info to /home/tristan/Documents/autonomous_car_ece/car_control_wave/ros2_ws/install/naive_trajectory/lib/python3.10/site-packages/naive_trajectory-0.0.0-py3.10.egg-info
[3.965s] running install_scripts
[4.151s] Installing naive_traj_lidar script to /home/tristan/Documents/autonomous_car_ece/car_control_wave/ros2_ws/install/naive_trajectory/lib/naive_trajectory
[4.151s] Installing planner script to /home/tristan/Documents/autonomous_car_ece/car_control_wave/ros2_ws/install/naive_trajectory/lib/naive_trajectory
[4.151s] Installing pure_pursuit script to /home/tristan/Documents/autonomous_car_ece/car_control_wave/ros2_ws/install/naive_trajectory/lib/naive_trajectory
[4.151s] writing list of installed files to '/home/tristan/Documents/autonomous_car_ece/car_control_wave/ros2_ws/build/naive_trajectory/install.log'
[4.175s] Invoked command in '/home/tristan/Documents/autonomous_car_ece/car_control_wave/ros2_ws/src/naive_trajectory' returned '0': PYTHONPATH=/home/tristan/Documents/autonomous_car_ece/car_control_wave/ros2_ws/build/naive_trajectory/prefix_override:/usr/lib/python3/dist-packages/colcon_core/task/python/colcon_distutils_commands:/home/tristan/Documents/autonomous_car_ece/car_control_wave/ros2_ws/install/naive_trajectory/lib/python3.10/site-packages:${PYTHONPATH} /usr/bin/python3 -W ignore:setup.py install is deprecated -W ignore:easy_install command is deprecated setup.py egg_info --egg-base ../../build/naive_trajectory build --build-base /home/tristan/Documents/autonomous_car_ece/car_control_wave/ros2_ws/build/naive_trajectory/build install --record /home/tristan/Documents/autonomous_car_ece/car_control_wave/ros2_ws/build/naive_trajectory/install.log --single-version-externally-managed install_data
