[0.936s] Invoking command in '/home/tristan/Documents/autonomous_car_ece/car_control_wave/ros2_ws/src/control_foxglove': PYTHONPATH=/home/tristan/Documents/autonomous_car_ece/car_control_wave/ros2_ws/build/control_foxglove/prefix_override:/usr/lib/python3/dist-packages/colcon_core/task/python/colcon_distutils_commands:/home/tristan/Documents/autonomous_car_ece/car_control_wave/ros2_ws/install/control_foxglove/lib/python3.10/site-packages:${PYTHONPATH} /usr/bin/python3 -W ignore:setup.py install is deprecated -W ignore:easy_install command is deprecated setup.py egg_info --egg-base ../../build/control_foxglove build --build-base /home/tristan/Documents/autonomous_car_ece/car_control_wave/ros2_ws/build/control_foxglove/build install --record /home/tristan/Documents/autonomous_car_ece/car_control_wave/ros2_ws/build/control_foxglove/install.log --single-version-externally-managed install_data
[1.123s] running egg_info
[1.134s] writing ../../build/control_foxglove/control_foxglove.egg-info/PKG-INFO
[1.134s] writing dependency_links to ../../build/control_foxglove/control_foxglove.egg-info/dependency_links.txt
[1.134s] writing entry points to ../../build/control_foxglove/control_foxglove.egg-info/entry_points.txt
[1.134s] writing requirements to ../../build/control_foxglove/control_foxglove.egg-info/requires.txt
[1.134s] writing top-level names to ../../build/control_foxglove/control_foxglove.egg-info/top_level.txt
[2.451s] writing manifest file '../../build/control_foxglove/control_foxglove.egg-info/SOURCES.txt'
[2.452s] running build
[2.452s] running build_py
[2.452s] copying control_foxglove/control_foxglove.py -> /home/tristan/Documents/autonomous_car_ece/car_control_wave/ros2_ws/build/control_foxglove/build/lib/control_foxglove
[2.453s] copying control_foxglove/__init__.py -> /home/tristan/Documents/autonomous_car_ece/car_control_wave/ros2_ws/build/control_foxglove/build/lib/control_foxglove
[2.453s] running install
[2.458s] running install_lib
[2.468s] running install_data
[2.468s] copying resource/control_foxglove -> /home/tristan/Documents/autonomous_car_ece/car_control_wave/ros2_ws/install/control_foxglove/share/ament_index/resource_index/packages
[2.468s] copying package.xml -> /home/tristan/Documents/autonomous_car_ece/car_control_wave/ros2_ws/install/control_foxglove/share/control_foxglove
[2.468s] running install_egg_info
[2.480s] removing '/home/tristan/Documents/autonomous_car_ece/car_control_wave/ros2_ws/install/control_foxglove/lib/python3.10/site-packages/control_foxglove-0.0.0-py3.10.egg-info' (and everything under it)
[2.484s] Copying ../../build/control_foxglove/control_foxglove.egg-info to /home/tristan/Documents/autonomous_car_ece/car_control_wave/ros2_ws/install/control_foxglove/lib/python3.10/site-packages/control_foxglove-0.0.0-py3.10.egg-info
[2.484s] running install_scripts
[2.580s] Installing control_foxglove script to /home/tristan/Documents/autonomous_car_ece/car_control_wave/ros2_ws/install/control_foxglove/lib/control_foxglove
[2.581s] writing list of installed files to '/home/tristan/Documents/autonomous_car_ece/car_control_wave/ros2_ws/build/control_foxglove/install.log'
