[0.791s] Invoking command in '/home/tristan/Documents/autonomous_car_ece/car_control_wave/ros2_ws/src/rover_slam_ws': PYTHONPATH=/home/tristan/Documents/autonomous_car_ece/car_control_wave/ros2_ws/build/my_rover_slam/prefix_override:/usr/lib/python3/dist-packages/colcon_core/task/python/colcon_distutils_commands:/home/tristan/Documents/autonomous_car_ece/car_control_wave/ros2_ws/install/my_rover_slam/lib/python3.10/site-packages:${PYTHONPATH} /usr/bin/python3 -W ignore:setup.py install is deprecated -W ignore:easy_install command is deprecated setup.py egg_info --egg-base ../../build/my_rover_slam build --build-base /home/tristan/Documents/autonomous_car_ece/car_control_wave/ros2_ws/build/my_rover_slam/build install --record /home/tristan/Documents/autonomous_car_ece/car_control_wave/ros2_ws/build/my_rover_slam/install.log --single-version-externally-managed install_data
[0.978s] Traceback (most recent call last):
[0.978s]   File "/home/tristan/Documents/autonomous_car_ece/car_control_wave/ros2_ws/src/rover_slam_ws/setup.py", line 5, in <module>
[0.978s]     setup(
[0.978s]   File "/home/tristan/.local/lib/python3.10/site-packages/setuptools/__init__.py", line 104, in setup
[0.980s]     return distutils.core.setup(**attrs)
[0.980s]   File "/home/tristan/.local/lib/python3.10/site-packages/setuptools/_distutils/core.py", line 171, in setup
[0.981s]     ok = dist.parse_command_line()
[0.981s]   File "/home/tristan/.local/lib/python3.10/site-packages/setuptools/_distutils/dist.py", line 476, in parse_command_line
[0.981s]     args = self._parse_command_opts(parser, args)
[0.981s]   File "/home/tristan/.local/lib/python3.10/site-packages/setuptools/dist.py", line 869, in _parse_command_opts
[0.981s]     nargs = _Distribution._parse_command_opts(self, parser, args)
[0.981s]   File "/home/tristan/.local/lib/python3.10/site-packages/setuptools/_distutils/dist.py", line 535, in _parse_command_opts
[0.981s]     cmd_class = self.get_command_class(command)
[0.981s]   File "/home/tristan/.local/lib/python3.10/site-packages/setuptools/dist.py", line 712, in get_command_class
[0.981s]     eps = metadata.entry_points(group='distutils.commands', name=command)
[0.981s]   File "/usr/lib/python3.10/importlib/metadata/__init__.py", line 1021, in entry_points
[0.982s]     return SelectableGroups.load(eps).select(**params)
[0.982s]   File "/usr/lib/python3.10/importlib/metadata/__init__.py", line 459, in load
[0.982s]     ordered = sorted(eps, key=by_group)
[0.982s]   File "/usr/lib/python3.10/importlib/metadata/__init__.py", line 1019, in <genexpr>
[0.982s]     dist.entry_points for dist in unique(distributions())
[0.982s]   File "/usr/lib/python3.10/importlib/metadata/__init__.py", line 631, in entry_points
[0.982s]     return EntryPoints._from_text_for(self.read_text('entry_points.txt'), self)
[0.982s]   File "/usr/lib/python3.10/importlib/metadata/__init__.py", line 927, in read_text
[0.982s]     return self._path.joinpath(filename).read_text(encoding='utf-8')
[0.982s]   File "/usr/lib/python3.10/pathlib.py", line 851, in joinpath
[0.984s]     return self._make_child(args)
[0.984s]   File "/usr/lib/python3.10/pathlib.py", line 617, in _make_child
[0.984s]     drv, root, parts = self._flavour.join_parsed_parts(
[0.984s]   File "/usr/lib/python3.10/pathlib.py", line 94, in join_parsed_parts
[0.984s]     def join_parsed_parts(self, drv, root, parts, drv2, root2, parts2):
[0.984s] KeyboardInterrupt
[0.997s] Invoked command in '/home/tristan/Documents/autonomous_car_ece/car_control_wave/ros2_ws/src/rover_slam_ws' returned '-2': PYTHONPATH=/home/tristan/Documents/autonomous_car_ece/car_control_wave/ros2_ws/build/my_rover_slam/prefix_override:/usr/lib/python3/dist-packages/colcon_core/task/python/colcon_distutils_commands:/home/tristan/Documents/autonomous_car_ece/car_control_wave/ros2_ws/install/my_rover_slam/lib/python3.10/site-packages:${PYTHONPATH} /usr/bin/python3 -W ignore:setup.py install is deprecated -W ignore:easy_install command is deprecated setup.py egg_info --egg-base ../../build/my_rover_slam build --build-base /home/tristan/Documents/autonomous_car_ece/car_control_wave/ros2_ws/build/my_rover_slam/build install --record /home/tristan/Documents/autonomous_car_ece/car_control_wave/ros2_ws/build/my_rover_slam/install.log --single-version-externally-managed install_data
