running egg_info
writing ../../build/my_rover_slam/my_rover_slam.egg-info/PKG-INFO
writing dependency_links to ../../build/my_rover_slam/my_rover_slam.egg-info/dependency_links.txt
writing entry points to ../../build/my_rover_slam/my_rover_slam.egg-info/entry_points.txt
writing requirements to ../../build/my_rover_slam/my_rover_slam.egg-info/requires.txt
writing top-level names to ../../build/my_rover_slam/my_rover_slam.egg-info/top_level.txt
writing manifest file '../../build/my_rover_slam/my_rover_slam.egg-info/SOURCES.txt'
running build
running build_py
copying my_rover_slam/scan_time_fixer.py -> /home/tristan/Documents/autonomous_car_ece/car_control_wave/ros2_ws/build/my_rover_slam/build/lib/my_rover_slam
copying my_rover_slam/__init__.py -> /home/tristan/Documents/autonomous_car_ece/car_control_wave/ros2_ws/build/my_rover_slam/build/lib/my_rover_slam
running install
running install_lib
copying /home/tristan/Documents/autonomous_car_ece/car_control_wave/ros2_ws/build/my_rover_slam/build/lib/my_rover_slam/scan_time_fixer.py -> /home/tristan/Documents/autonomous_car_ece/car_control_wave/ros2_ws/install/my_rover_slam/lib/python3.10/site-packages/my_rover_slam
byte-compiling /home/tristan/Documents/autonomous_car_ece/car_control_wave/ros2_ws/install/my_rover_slam/lib/python3.10/site-packages/my_rover_slam/scan_time_fixer.py to scan_time_fixer.cpython-310.pyc
running install_data
copying resource/my_rover_slam -> /home/tristan/Documents/autonomous_car_ece/car_control_wave/ros2_ws/install/my_rover_slam/share/ament_index/resource_index/packages
copying package.xml -> /home/tristan/Documents/autonomous_car_ece/car_control_wave/ros2_ws/install/my_rover_slam/share/my_rover_slam
copying launch/start_slam.launch.py -> /home/tristan/Documents/autonomous_car_ece/car_control_wave/ros2_ws/install/my_rover_slam/share/my_rover_slam/launch
copying config/pointcloud_to_laserscan.yaml -> /home/tristan/Documents/autonomous_car_ece/car_control_wave/ros2_ws/install/my_rover_slam/share/my_rover_slam/config
copying config/mapper_params_online_async.yaml -> /home/tristan/Documents/autonomous_car_ece/car_control_wave/ros2_ws/install/my_rover_slam/share/my_rover_slam/config
running install_egg_info
removing '/home/tristan/Documents/autonomous_car_ece/car_control_wave/ros2_ws/install/my_rover_slam/lib/python3.10/site-packages/my_rover_slam-0.0.0-py3.10.egg-info' (and everything under it)
Copying ../../build/my_rover_slam/my_rover_slam.egg-info to /home/tristan/Documents/autonomous_car_ece/car_control_wave/ros2_ws/install/my_rover_slam/lib/python3.10/site-packages/my_rover_slam-0.0.0-py3.10.egg-info
running install_scripts
Installing scan_time_fixer script to /home/tristan/Documents/autonomous_car_ece/car_control_wave/ros2_ws/install/my_rover_slam/lib/my_rover_slam
writing list of installed files to '/home/tristan/Documents/autonomous_car_ece/car_control_wave/ros2_ws/build/my_rover_slam/install.log'
