[1.111s] Invoking command in '/home/tristan/Documents/autonomous_car_ece/car_control_wave/ros2_ws/src/ros_launch': PYTHONPATH=/home/tristan/Documents/autonomous_car_ece/car_control_wave/ros2_ws/build/ros_launch/prefix_override:/usr/lib/python3/dist-packages/colcon_core/task/python/colcon_distutils_commands:/home/tristan/Documents/autonomous_car_ece/car_control_wave/ros2_ws/install/ros_launch/lib/python3.10/site-packages:${PYTHONPATH} /usr/bin/python3 -W ignore:setup.py install is deprecated -W ignore:easy_install command is deprecated setup.py egg_info --egg-base ../../build/ros_launch build --build-base /home/tristan/Documents/autonomous_car_ece/car_control_wave/ros2_ws/build/ros_launch/build install --record /home/tristan/Documents/autonomous_car_ece/car_control_wave/ros2_ws/build/ros_launch/install.log --single-version-externally-managed install_data
[1.329s] running egg_info
[1.344s] writing ../../build/ros_launch/ros_launch.egg-info/PKG-INFO
[1.345s] writing dependency_links to ../../build/ros_launch/ros_launch.egg-info/dependency_links.txt
[1.345s] writing requirements to ../../build/ros_launch/ros_launch.egg-info/requires.txt
[1.345s] writing top-level names to ../../build/ros_launch/ros_launch.egg-info/top_level.txt
[2.683s] reading manifest file '../../build/ros_launch/ros_launch.egg-info/SOURCES.txt'
[2.683s] writing manifest file '../../build/ros_launch/ros_launch.egg-info/SOURCES.txt'
[2.683s] running build
[2.683s] running build_py
[2.683s] copying ros_launch/__init__.py -> /home/tristan/Documents/autonomous_car_ece/car_control_wave/ros2_ws/build/ros_launch/build/lib/ros_launch
[2.683s] running install
[2.684s] running install_lib
[2.695s] running install_data
[2.696s] copying resource/ros_launch -> /home/tristan/Documents/autonomous_car_ece/car_control_wave/ros2_ws/install/ros_launch/share/ament_index/resource_index/packages
[2.696s] copying package.xml -> /home/tristan/Documents/autonomous_car_ece/car_control_wave/ros2_ws/install/ros_launch/share/ros_launch
[2.696s] copying launch/project.launch.py -> /home/tristan/Documents/autonomous_car_ece/car_control_wave/ros2_ws/install/ros_launch/share/ros_launch/launch
[2.696s] running install_egg_info
[2.708s] removing '/home/tristan/Documents/autonomous_car_ece/car_control_wave/ros2_ws/install/ros_launch/lib/python3.10/site-packages/ros_launch-0.0.0-py3.10.egg-info' (and everything under it)
[2.708s] Copying ../../build/ros_launch/ros_launch.egg-info to /home/tristan/Documents/autonomous_car_ece/car_control_wave/ros2_ws/install/ros_launch/lib/python3.10/site-packages/ros_launch-0.0.0-py3.10.egg-info
[2.708s] running install_scripts
[2.808s] writing list of installed files to '/home/tristan/Documents/autonomous_car_ece/car_control_wave/ros2_ws/build/ros_launch/install.log'
[2.828s] Invoked command in '/home/tristan/Documents/autonomous_car_ece/car_control_wave/ros2_ws/src/ros_launch' returned '0': PYTHONPATH=/home/tristan/Documents/autonomous_car_ece/car_control_wave/ros2_ws/build/ros_launch/prefix_override:/usr/lib/python3/dist-packages/colcon_core/task/python/colcon_distutils_commands:/home/tristan/Documents/autonomous_car_ece/car_control_wave/ros2_ws/install/ros_launch/lib/python3.10/site-packages:${PYTHONPATH} /usr/bin/python3 -W ignore:setup.py install is deprecated -W ignore:easy_install command is deprecated setup.py egg_info --egg-base ../../build/ros_launch build --build-base /home/tristan/Documents/autonomous_car_ece/car_control_wave/ros2_ws/build/ros_launch/build install --record /home/tristan/Documents/autonomous_car_ece/car_control_wave/ros2_ws/build/ros_launch/install.log --single-version-externally-managed install_data
