[1.070s] Invoking command in '/home/tristan/Documents/autonomous_car_ece/car_control_wave/ros2_ws/src/naive_trajectory': PYTHONPATH=/home/tristan/Documents/autonomous_car_ece/car_control_wave/ros2_ws/build/naive_trajectory/prefix_override:/usr/lib/python3/dist-packages/colcon_core/task/python/colcon_distutils_commands:/home/tristan/Documents/autonomous_car_ece/car_control_wave/ros2_ws/install/naive_trajectory/lib/python3.10/site-packages:${PYTHONPATH} /usr/bin/python3 -W ignore:setup.py install is deprecated -W ignore:easy_install command is deprecated setup.py egg_info --egg-base ../../build/naive_trajectory build --build-base /home/tristan/Documents/autonomous_car_ece/car_control_wave/ros2_ws/build/naive_trajectory/build install --record /home/tristan/Documents/autonomous_car_ece/car_control_wave/ros2_ws/build/naive_trajectory/install.log --single-version-externally-managed install_data
[1.289s] running egg_info
[1.300s] writing ../../build/naive_trajectory/naive_trajectory.egg-info/PKG-INFO
[1.300s] writing dependency_links to ../../build/naive_trajectory/naive_trajectory.egg-info/dependency_links.txt
[1.300s] writing entry points to ../../build/naive_trajectory/naive_trajectory.egg-info/entry_points.txt
[1.300s] writing requirements to ../../build/naive_trajectory/naive_trajectory.egg-info/requires.txt
[1.300s] writing top-level names to ../../build/naive_trajectory/naive_trajectory.egg-info/top_level.txt
[2.555s] writing manifest file '../../build/naive_trajectory/naive_trajectory.egg-info/SOURCES.txt'
[2.555s] running build
[2.555s] running build_py
[2.555s] copying naive_trajectory/emulation.py -> /home/tristan/Documents/autonomous_car_ece/car_control_wave/ros2_ws/build/naive_trajectory/build/lib/naive_trajectory
[2.555s] copying naive_trajectory/naive_trajectory2.py -> /home/tristan/Documents/autonomous_car_ece/car_control_wave/ros2_ws/build/naive_trajectory/build/lib/naive_trajectory
[2.555s] copying naive_trajectory/naive_trajectory.py -> /home/tristan/Documents/autonomous_car_ece/car_control_wave/ros2_ws/build/naive_trajectory/build/lib/naive_trajectory
[2.555s] copying naive_trajectory/pure_pursuit.py -> /home/tristan/Documents/autonomous_car_ece/car_control_wave/ros2_ws/build/naive_trajectory/build/lib/naive_trajectory
[2.555s] copying naive_trajectory/planner.py -> /home/tristan/Documents/autonomous_car_ece/car_control_wave/ros2_ws/build/naive_trajectory/build/lib/naive_trajectory
[2.555s] copying naive_trajectory/python_default.py -> /home/tristan/Documents/autonomous_car_ece/car_control_wave/ros2_ws/build/naive_trajectory/build/lib/naive_trajectory
[2.555s] copying naive_trajectory/__init__.py -> /home/tristan/Documents/autonomous_car_ece/car_control_wave/ros2_ws/build/naive_trajectory/build/lib/naive_trajectory
[2.555s] copying naive_trajectory/naive_traj_lidar.py -> /home/tristan/Documents/autonomous_car_ece/car_control_wave/ros2_ws/build/naive_trajectory/build/lib/naive_trajectory
[2.555s] running install
[2.561s] running install_lib
[2.573s] running install_data
[2.573s] copying resource/naive_trajectory -> /home/tristan/Documents/autonomous_car_ece/car_control_wave/ros2_ws/install/naive_trajectory/share/ament_index/resource_index/packages
[2.573s] copying package.xml -> /home/tristan/Documents/autonomous_car_ece/car_control_wave/ros2_ws/install/naive_trajectory/share/naive_trajectory
[2.573s] running install_egg_info
[2.584s] removing '/home/tristan/Documents/autonomous_car_ece/car_control_wave/ros2_ws/install/naive_trajectory/lib/python3.10/site-packages/naive_trajectory-0.0.0-py3.10.egg-info' (and everything under it)
[2.588s] Copying ../../build/naive_trajectory/naive_trajectory.egg-info to /home/tristan/Documents/autonomous_car_ece/car_control_wave/ros2_ws/install/naive_trajectory/lib/python3.10/site-packages/naive_trajectory-0.0.0-py3.10.egg-info
[2.588s] running install_scripts
[2.704s] Installing naive_traj_lidar script to /home/tristan/Documents/autonomous_car_ece/car_control_wave/ros2_ws/install/naive_trajectory/lib/naive_trajectory
[2.705s] Installing planner script to /home/tristan/Documents/autonomous_car_ece/car_control_wave/ros2_ws/install/naive_trajectory/lib/naive_trajectory
[2.705s] Installing pure_pursuit script to /home/tristan/Documents/autonomous_car_ece/car_control_wave/ros2_ws/install/naive_trajectory/lib/naive_trajectory
[2.705s] writing list of installed files to '/home/tristan/Documents/autonomous_car_ece/car_control_wave/ros2_ws/build/naive_trajectory/install.log'
[2.726s] Invoked command in '/home/tristan/Documents/autonomous_car_ece/car_control_wave/ros2_ws/src/naive_trajectory' returned '0': PYTHONPATH=/home/tristan/Documents/autonomous_car_ece/car_control_wave/ros2_ws/build/naive_trajectory/prefix_override:/usr/lib/python3/dist-packages/colcon_core/task/python/colcon_distutils_commands:/home/tristan/Documents/autonomous_car_ece/car_control_wave/ros2_ws/install/naive_trajectory/lib/python3.10/site-packages:${PYTHONPATH} /usr/bin/python3 -W ignore:setup.py install is deprecated -W ignore:easy_install command is deprecated setup.py egg_info --egg-base ../../build/naive_trajectory build --build-base /home/tristan/Documents/autonomous_car_ece/car_control_wave/ros2_ws/build/naive_trajectory/build install --record /home/tristan/Documents/autonomous_car_ece/car_control_wave/ros2_ws/build/naive_trajectory/install.log --single-version-externally-managed install_data
