[0.026s] Invoking command in '/home/tristan/Documents/autonomous_car_ece/car_control_wave/ros2_ws/build/my_robot_description': CMAKE_PREFIX_PATH=${CMAKE_PREFIX_PATH}:/home/tristan/Documents/autonomous_car_ece/car_control_wave/ros2_ws/install/slam_real_mapping:/home/tristan/Documents/autonomous_car_ece/car_control_wave/ros2_ws/install/naive_trajectory:/home/tristan/Documents/autonomous_car_ece/car_control_wave/ros2_ws/install/my_rover_slam:/home/tristan/ros2_ws/install/ntrip_client:/home/tristan/ros2_ws/install/arece_stereo_python:/home/tristan/ros2_ws/install/arece_rqt:/home/tristan/ros2_ws/install/arece_trajectory_torch:/home/tristan/ros2_ws/install/arece_launcher:/home/tristan/ros2_ws/install/arece_tracks:/home/tristan/ros2_ws/install/arece_state_machine_python:/home/tristan/ros2_ws/install/arece_racecar:/home/tristan/ros2_ws/install/arece_gps:/home/tristan/ros2_ws/install/arece_compet_python:/opt/ros/humble /usr/bin/cmake /home/tristan/Documents/autonomous_car_ece/car_control_wave/ros2_ws/src/my_robot_description -DCMAKE_INSTALL_PREFIX=/home/tristan/Documents/autonomous_car_ece/car_control_wave/ros2_ws/install/my_robot_description
[0.338s] -- The C compiler identification is GNU 11.4.0
[0.338s] -- The CXX compiler identification is GNU 11.4.0
[0.338s] -- Detecting C compiler ABI info
[0.338s] -- Detecting C compiler ABI info - done
[0.338s] -- Check for working C compiler: /usr/bin/cc - skipped
[0.338s] -- Detecting C compile features
[0.338s] -- Detecting C compile features - done
[0.338s] -- Detecting CXX compiler ABI info
[0.338s] -- Detecting CXX compiler ABI info - done
[0.338s] -- Check for working CXX compiler: /usr/bin/c++ - skipped
[0.338s] -- Detecting CXX compile features
[0.338s] -- Detecting CXX compile features - done
[0.338s] -- Found ament_cmake: 1.3.12 (/opt/ros/humble/share/ament_cmake/cmake)
[0.661s] -- Found Python3: /usr/bin/python3 (found version "3.10.12") found components: Interpreter 
[0.780s] -- Found ament_lint_auto: 0.12.14 (/opt/ros/humble/share/ament_lint_auto/cmake)
[0.904s] -- Added test 'flake8' to check Python code syntax and style conventions
[0.904s] -- Added test 'lint_cmake' to check CMake code style
[0.906s] -- Added test 'pep257' to check Python code against some of the docstring style conventions in PEP 257
[0.908s] -- Added test 'xmllint' to check XML markup files
[0.911s] -- Configuring done
[0.917s] -- Generating done
[0.917s] -- Build files have been written to: /home/tristan/Documents/autonomous_car_ece/car_control_wave/ros2_ws/build/my_robot_description
[0.920s] Invoked command in '/home/tristan/Documents/autonomous_car_ece/car_control_wave/ros2_ws/build/my_robot_description' returned '0': CMAKE_PREFIX_PATH=${CMAKE_PREFIX_PATH}:/home/tristan/Documents/autonomous_car_ece/car_control_wave/ros2_ws/install/slam_real_mapping:/home/tristan/Documents/autonomous_car_ece/car_control_wave/ros2_ws/install/naive_trajectory:/home/tristan/Documents/autonomous_car_ece/car_control_wave/ros2_ws/install/my_rover_slam:/home/tristan/ros2_ws/install/ntrip_client:/home/tristan/ros2_ws/install/arece_stereo_python:/home/tristan/ros2_ws/install/arece_rqt:/home/tristan/ros2_ws/install/arece_trajectory_torch:/home/tristan/ros2_ws/install/arece_launcher:/home/tristan/ros2_ws/install/arece_tracks:/home/tristan/ros2_ws/install/arece_state_machine_python:/home/tristan/ros2_ws/install/arece_racecar:/home/tristan/ros2_ws/install/arece_gps:/home/tristan/ros2_ws/install/arece_compet_python:/opt/ros/humble /usr/bin/cmake /home/tristan/Documents/autonomous_car_ece/car_control_wave/ros2_ws/src/my_robot_description -DCMAKE_INSTALL_PREFIX=/home/tristan/Documents/autonomous_car_ece/car_control_wave/ros2_ws/install/my_robot_description
[0.923s] Invoking command in '/home/tristan/Documents/autonomous_car_ece/car_control_wave/ros2_ws/build/my_robot_description': CMAKE_PREFIX_PATH=${CMAKE_PREFIX_PATH}:/home/tristan/Documents/autonomous_car_ece/car_control_wave/ros2_ws/install/slam_real_mapping:/home/tristan/Documents/autonomous_car_ece/car_control_wave/ros2_ws/install/naive_trajectory:/home/tristan/Documents/autonomous_car_ece/car_control_wave/ros2_ws/install/my_rover_slam:/home/tristan/ros2_ws/install/ntrip_client:/home/tristan/ros2_ws/install/arece_stereo_python:/home/tristan/ros2_ws/install/arece_rqt:/home/tristan/ros2_ws/install/arece_trajectory_torch:/home/tristan/ros2_ws/install/arece_launcher:/home/tristan/ros2_ws/install/arece_tracks:/home/tristan/ros2_ws/install/arece_state_machine_python:/home/tristan/ros2_ws/install/arece_racecar:/home/tristan/ros2_ws/install/arece_gps:/home/tristan/ros2_ws/install/arece_compet_python:/opt/ros/humble /usr/bin/cmake --build /home/tristan/Documents/autonomous_car_ece/car_control_wave/ros2_ws/build/my_robot_description -- -j24 -l24
[0.963s] Invoked command in '/home/tristan/Documents/autonomous_car_ece/car_control_wave/ros2_ws/build/my_robot_description' returned '0': CMAKE_PREFIX_PATH=${CMAKE_PREFIX_PATH}:/home/tristan/Documents/autonomous_car_ece/car_control_wave/ros2_ws/install/slam_real_mapping:/home/tristan/Documents/autonomous_car_ece/car_control_wave/ros2_ws/install/naive_trajectory:/home/tristan/Documents/autonomous_car_ece/car_control_wave/ros2_ws/install/my_rover_slam:/home/tristan/ros2_ws/install/ntrip_client:/home/tristan/ros2_ws/install/arece_stereo_python:/home/tristan/ros2_ws/install/arece_rqt:/home/tristan/ros2_ws/install/arece_trajectory_torch:/home/tristan/ros2_ws/install/arece_launcher:/home/tristan/ros2_ws/install/arece_tracks:/home/tristan/ros2_ws/install/arece_state_machine_python:/home/tristan/ros2_ws/install/arece_racecar:/home/tristan/ros2_ws/install/arece_gps:/home/tristan/ros2_ws/install/arece_compet_python:/opt/ros/humble /usr/bin/cmake --build /home/tristan/Documents/autonomous_car_ece/car_control_wave/ros2_ws/build/my_robot_description -- -j24 -l24
[0.974s] Invoking command in '/home/tristan/Documents/autonomous_car_ece/car_control_wave/ros2_ws/build/my_robot_description': CMAKE_PREFIX_PATH=${CMAKE_PREFIX_PATH}:/home/tristan/Documents/autonomous_car_ece/car_control_wave/ros2_ws/install/slam_real_mapping:/home/tristan/Documents/autonomous_car_ece/car_control_wave/ros2_ws/install/naive_trajectory:/home/tristan/Documents/autonomous_car_ece/car_control_wave/ros2_ws/install/my_rover_slam:/home/tristan/ros2_ws/install/ntrip_client:/home/tristan/ros2_ws/install/arece_stereo_python:/home/tristan/ros2_ws/install/arece_rqt:/home/tristan/ros2_ws/install/arece_trajectory_torch:/home/tristan/ros2_ws/install/arece_launcher:/home/tristan/ros2_ws/install/arece_tracks:/home/tristan/ros2_ws/install/arece_state_machine_python:/home/tristan/ros2_ws/install/arece_racecar:/home/tristan/ros2_ws/install/arece_gps:/home/tristan/ros2_ws/install/arece_compet_python:/opt/ros/humble /usr/bin/cmake --install /home/tristan/Documents/autonomous_car_ece/car_control_wave/ros2_ws/build/my_robot_description
[0.991s] -- Install configuration: ""
[0.991s] -- Installing: /home/tristan/Documents/autonomous_car_ece/car_control_wave/ros2_ws/install/my_robot_description/share/my_robot_description/urdf
[0.991s] -- Installing: /home/tristan/Documents/autonomous_car_ece/car_control_wave/ros2_ws/install/my_robot_description/share/my_robot_description/urdf/waverover.xacro
[0.991s] -- Installing: /home/tristan/Documents/autonomous_car_ece/car_control_wave/ros2_ws/install/my_robot_description/share/my_robot_description/urdf/waverover.urdf
[0.991s] -- Installing: /home/tristan/Documents/autonomous_car_ece/car_control_wave/ros2_ws/install/my_robot_description/share/my_robot_description/urdf/meshwaverobot.xacro
[0.991s] -- Installing: /home/tristan/Documents/autonomous_car_ece/car_control_wave/ros2_ws/install/my_robot_description/share/my_robot_description/urdf/my_robot.pdf
[0.991s] -- Installing: /home/tristan/Documents/autonomous_car_ece/car_control_wave/ros2_ws/install/my_robot_description/share/my_robot_description/urdf/meshwaverobot.urdf
[0.991s] -- Installing: /home/tristan/Documents/autonomous_car_ece/car_control_wave/ros2_ws/install/my_robot_description/share/my_robot_description/urdf/my_robot.xacro
[0.991s] -- Installing: /home/tristan/Documents/autonomous_car_ece/car_control_wave/ros2_ws/install/my_robot_description/share/my_robot_description/urdf/my_robot.urdf
[0.991s] -- Installing: /home/tristan/Documents/autonomous_car_ece/car_control_wave/ros2_ws/install/my_robot_description/share/my_robot_description/urdf/my_robot.gv
[0.991s] -- Installing: /home/tristan/Documents/autonomous_car_ece/car_control_wave/ros2_ws/install/my_robot_description/share/my_robot_description/launch
[0.991s] -- Installing: /home/tristan/Documents/autonomous_car_ece/car_control_wave/ros2_ws/install/my_robot_description/share/my_robot_description/launch/robot_description.launch.py
[0.991s] -- Installing: /home/tristan/Documents/autonomous_car_ece/car_control_wave/ros2_ws/install/my_robot_description/share/my_robot_description//meshes
[0.991s] -- Installing: /home/tristan/Documents/autonomous_car_ece/car_control_wave/ros2_ws/install/my_robot_description/share/my_robot_description//meshes/low_02.stl
[0.992s] -- Installing: /home/tristan/Documents/autonomous_car_ece/car_control_wave/ros2_ws/install/my_robot_description/share/my_robot_description//meshes/ImageToStl.com_f9be82a90a9d4138bf8617ae07c76bf0.zip
[1.004s] -- Installing: /home/tristan/Documents/autonomous_car_ece/car_control_wave/ros2_ws/install/my_robot_description/share/my_robot_description//meshes/low_01.stl
[1.012s] -- Installing: /home/tristan/Documents/autonomous_car_ece/car_control_wave/ros2_ws/install/my_robot_description/share/my_robot_description//meshes/low_03.stl
[1.013s] -- Installing: /home/tristan/Documents/autonomous_car_ece/car_control_wave/ros2_ws/install/my_robot_description/share/my_robot_description//meshes/WAVE_ROVER_MODEL_STL.stl
[1.051s] -- Installing: /home/tristan/Documents/autonomous_car_ece/car_control_wave/ros2_ws/install/my_robot_description/share/my_robot_description//meshes/Voiture_Tristan_V2.stl
[1.071s] -- Installing: /home/tristan/Documents/autonomous_car_ece/car_control_wave/ros2_ws/install/my_robot_description/share/ament_index/resource_index/package_run_dependencies/my_robot_description
[1.071s] -- Installing: /home/tristan/Documents/autonomous_car_ece/car_control_wave/ros2_ws/install/my_robot_description/share/ament_index/resource_index/parent_prefix_path/my_robot_description
[1.073s] -- Installing: /home/tristan/Documents/autonomous_car_ece/car_control_wave/ros2_ws/install/my_robot_description/share/my_robot_description/environment/ament_prefix_path.sh
[1.073s] -- Installing: /home/tristan/Documents/autonomous_car_ece/car_control_wave/ros2_ws/install/my_robot_description/share/my_robot_description/environment/ament_prefix_path.dsv
[1.073s] -- Installing: /home/tristan/Documents/autonomous_car_ece/car_control_wave/ros2_ws/install/my_robot_description/share/my_robot_description/environment/path.sh
[1.073s] -- Installing: /home/tristan/Documents/autonomous_car_ece/car_control_wave/ros2_ws/install/my_robot_description/share/my_robot_description/environment/path.dsv
[1.073s] -- Installing: /home/tristan/Documents/autonomous_car_ece/car_control_wave/ros2_ws/install/my_robot_description/share/my_robot_description/local_setup.bash
[1.073s] -- Installing: /home/tristan/Documents/autonomous_car_ece/car_control_wave/ros2_ws/install/my_robot_description/share/my_robot_description/local_setup.sh
[1.073s] -- Installing: /home/tristan/Documents/autonomous_car_ece/car_control_wave/ros2_ws/install/my_robot_description/share/my_robot_description/local_setup.zsh
[1.073s] -- Installing: /home/tristan/Documents/autonomous_car_ece/car_control_wave/ros2_ws/install/my_robot_description/share/my_robot_description/local_setup.dsv
[1.073s] -- Installing: /home/tristan/Documents/autonomous_car_ece/car_control_wave/ros2_ws/install/my_robot_description/share/my_robot_description/package.dsv
[1.073s] -- Installing: /home/tristan/Documents/autonomous_car_ece/car_control_wave/ros2_ws/install/my_robot_description/share/ament_index/resource_index/packages/my_robot_description
[1.073s] -- Installing: /home/tristan/Documents/autonomous_car_ece/car_control_wave/ros2_ws/install/my_robot_description/share/my_robot_description/cmake/my_robot_descriptionConfig.cmake
[1.073s] -- Installing: /home/tristan/Documents/autonomous_car_ece/car_control_wave/ros2_ws/install/my_robot_description/share/my_robot_description/cmake/my_robot_descriptionConfig-version.cmake
[1.073s] -- Installing: /home/tristan/Documents/autonomous_car_ece/car_control_wave/ros2_ws/install/my_robot_description/share/my_robot_description/package.xml
[1.074s] Invoked command in '/home/tristan/Documents/autonomous_car_ece/car_control_wave/ros2_ws/build/my_robot_description' returned '0': CMAKE_PREFIX_PATH=${CMAKE_PREFIX_PATH}:/home/tristan/Documents/autonomous_car_ece/car_control_wave/ros2_ws/install/slam_real_mapping:/home/tristan/Documents/autonomous_car_ece/car_control_wave/ros2_ws/install/naive_trajectory:/home/tristan/Documents/autonomous_car_ece/car_control_wave/ros2_ws/install/my_rover_slam:/home/tristan/ros2_ws/install/ntrip_client:/home/tristan/ros2_ws/install/arece_stereo_python:/home/tristan/ros2_ws/install/arece_rqt:/home/tristan/ros2_ws/install/arece_trajectory_torch:/home/tristan/ros2_ws/install/arece_launcher:/home/tristan/ros2_ws/install/arece_tracks:/home/tristan/ros2_ws/install/arece_state_machine_python:/home/tristan/ros2_ws/install/arece_racecar:/home/tristan/ros2_ws/install/arece_gps:/home/tristan/ros2_ws/install/arece_compet_python:/opt/ros/humble /usr/bin/cmake --install /home/tristan/Documents/autonomous_car_ece/car_control_wave/ros2_ws/build/my_robot_description
